[2025-12-07T19:51:26.050+0000] {local_task_job_runner.py:120} INFO - ::group::Pre task execution logs
[2025-12-07T19:51:26.127+0000] {taskinstance.py:2076} INFO - Dependencies all met for dep_context=non-requeueable deps ti=<TaskInstance: flujo_etl_completo.ingestion_general manual__2025-12-07T19:51:23+00:00 [queued]>
[2025-12-07T19:51:26.154+0000] {taskinstance.py:2076} INFO - Dependencies all met for dep_context=requeueable deps ti=<TaskInstance: flujo_etl_completo.ingestion_general manual__2025-12-07T19:51:23+00:00 [queued]>
[2025-12-07T19:51:26.161+0000] {taskinstance.py:2306} INFO - Starting attempt 1 of 1
[2025-12-07T19:51:26.194+0000] {taskinstance.py:2330} INFO - Executing <Task(DockerOperator): ingestion_general> on 2025-12-07 19:51:23+00:00
[2025-12-07T19:51:26.209+0000] {standard_task_runner.py:90} INFO - Running: ['***', 'tasks', 'run', 'flujo_etl_completo', 'ingestion_general', 'manual__2025-12-07T19:51:23+00:00', '--job-id', '4', '--raw', '--subdir', 'DAGS_FOLDER/pipeline_completo.py', '--cfg-path', '/tmp/tmpjynykflg']
[2025-12-07T19:51:26.214+0000] {logging_mixin.py:188} WARNING - /home/***/.local/lib/python3.12/site-packages/***/task/task_runner/standard_task_runner.py:61 DeprecationWarning: This process (pid=178) is multi-threaded, use of fork() may lead to deadlocks in the child.
[2025-12-07T19:51:26.217+0000] {standard_task_runner.py:91} INFO - Job 4: Subtask ingestion_general
[2025-12-07T19:51:26.225+0000] {standard_task_runner.py:63} INFO - Started process 180 to run task
[2025-12-07T19:51:26.367+0000] {task_command.py:426} INFO - Running <TaskInstance: flujo_etl_completo.ingestion_general manual__2025-12-07T19:51:23+00:00 [running]> on host 5a1cc3bf0439
[2025-12-07T19:51:26.529+0000] {taskinstance.py:2648} INFO - Exporting env vars: AIRFLOW_CTX_DAG_OWNER='tu_nombre' AIRFLOW_CTX_DAG_ID='flujo_etl_completo' AIRFLOW_CTX_TASK_ID='ingestion_general' AIRFLOW_CTX_EXECUTION_DATE='2025-12-07T19:51:23+00:00' AIRFLOW_CTX_TRY_NUMBER='1' AIRFLOW_CTX_DAG_RUN_ID='manual__2025-12-07T19:51:23+00:00'
[2025-12-07T19:51:26.535+0000] {taskinstance.py:430} INFO - ::endgroup::
[2025-12-07T19:51:26.772+0000] {docker.py:366} INFO - Starting docker container from image ingestion:latest
[2025-12-07T19:51:27.450+0000] {docker.py:436} INFO - Iniciando Script 1...
[2025-12-07T19:51:27.452+0000] {docker.py:436} INFO - Iniciando Script 2...
[2025-12-07T19:51:28.880+0000] {docker.py:436} INFO - --- Iniciando ejecución orquestada por Airflow ---
Descargando datos de Barcelona...
[2025-12-07T19:51:28.896+0000] {docker.py:436} INFO - --- Iniciando ejecución orquestada por Airflow ---
Descargando datos de Madrid...
[2025-12-07T19:51:29.460+0000] {docker.py:436} INFO - Transformando 122 registros (Wide -> Long)...
[2025-12-07T19:51:29.495+0000] {docker.py:436} INFO - Enviando 2440 filas procesadas a la API...
[2025-12-07T19:51:29.520+0000] {docker.py:436} INFO - Datos insertados correctamente.
[2025-12-07T19:51:29.524+0000] {docker.py:436} INFO - Procesamiento finalizado con éxito.
--- Fin del script ---
[2025-12-07T19:51:29.832+0000] {docker.py:436} INFO - Transformando 99 registros.
[2025-12-07T19:51:29.845+0000] {docker.py:436} INFO - Enviando 128 filas procesadas a la API de Barcelona...
[2025-12-07T19:51:29.857+0000] {docker.py:436} INFO - Datos insertados correctamente de Barcelona.
[2025-12-07T19:51:29.860+0000] {docker.py:436} INFO - Procesamiento finalizado con éxito.
--- Fin del script ---
[2025-12-07T19:51:30.423+0000] {taskinstance.py:441} INFO - ::group::Post task execution logs
[2025-12-07T19:51:30.474+0000] {taskinstance.py:1206} INFO - Marking task as SUCCESS. dag_id=flujo_etl_completo, task_id=ingestion_general, run_id=manual__2025-12-07T19:51:23+00:00, execution_date=20251207T195123, start_date=20251207T195126, end_date=20251207T195130
[2025-12-07T19:51:30.581+0000] {local_task_job_runner.py:240} INFO - Task exited with return code 0
[2025-12-07T19:51:30.616+0000] {taskinstance.py:3498} INFO - 0 downstream tasks scheduled from follow-on schedule check
[2025-12-07T19:51:30.620+0000] {local_task_job_runner.py:222} INFO - ::endgroup::
