[2025-12-07T21:22:06.577+0000] {local_task_job_runner.py:120} INFO - ::group::Pre task execution logs
[2025-12-07T21:22:06.605+0000] {taskinstance.py:2076} INFO - Dependencies all met for dep_context=non-requeueable deps ti=<TaskInstance: flujo_etl_completo.ingestion_madrid manual__2025-12-07T21:15:49+00:00 [queued]>
[2025-12-07T21:22:06.614+0000] {taskinstance.py:2076} INFO - Dependencies all met for dep_context=requeueable deps ti=<TaskInstance: flujo_etl_completo.ingestion_madrid manual__2025-12-07T21:15:49+00:00 [queued]>
[2025-12-07T21:22:06.616+0000] {taskinstance.py:2306} INFO - Starting attempt 2 of 2
[2025-12-07T21:22:06.629+0000] {taskinstance.py:2330} INFO - Executing <Task(DockerOperator): ingestion_madrid> on 2025-12-07 21:15:49+00:00
[2025-12-07T21:22:06.638+0000] {logging_mixin.py:188} WARNING - /home/***/.local/lib/python3.12/site-packages/***/task/task_runner/standard_task_runner.py:61 DeprecationWarning: This process (pid=248) is multi-threaded, use of fork() may lead to deadlocks in the child.
[2025-12-07T21:22:06.636+0000] {standard_task_runner.py:90} INFO - Running: ['***', 'tasks', 'run', 'flujo_etl_completo', 'ingestion_madrid', 'manual__2025-12-07T21:15:49+00:00', '--job-id', '7', '--raw', '--subdir', 'DAGS_FOLDER/pipeline_completo.py', '--cfg-path', '/tmp/tmp6y6o70ys']
[2025-12-07T21:22:06.639+0000] {standard_task_runner.py:63} INFO - Started process 249 to run task
[2025-12-07T21:22:06.639+0000] {standard_task_runner.py:91} INFO - Job 7: Subtask ingestion_madrid
[2025-12-07T21:22:06.717+0000] {task_command.py:426} INFO - Running <TaskInstance: flujo_etl_completo.ingestion_madrid manual__2025-12-07T21:15:49+00:00 [running]> on host b39cb6c969b2
[2025-12-07T21:22:06.787+0000] {taskinstance.py:2648} INFO - Exporting env vars: AIRFLOW_CTX_DAG_OWNER='tu_nombre' AIRFLOW_CTX_DAG_ID='flujo_etl_completo' AIRFLOW_CTX_TASK_ID='ingestion_madrid' AIRFLOW_CTX_EXECUTION_DATE='2025-12-07T21:15:49+00:00' AIRFLOW_CTX_TRY_NUMBER='2' AIRFLOW_CTX_DAG_RUN_ID='manual__2025-12-07T21:15:49+00:00'
[2025-12-07T21:22:06.788+0000] {taskinstance.py:430} INFO - ::endgroup::
[2025-12-07T21:22:06.865+0000] {docker.py:366} INFO - Starting docker container from image ingestion_datosmad:latest
[2025-12-07T21:23:24.132+0000] {docker.py:436} INFO - Error conectando a la BD: 'NoneType' object has no attribute 'encode'
Error conectando a la BD: 'NoneType' object has no attribute 'encode'
Error conectando a la BD: 'NoneType' object has no attribute 'encode'
Error conectando a la BD: 'NoneType' object has no attribute 'encode'
Error conectando a la BD: 'NoneType' object has no attribute 'encode'
Error conectando a la BD: 'NoneType' object has no attribute 'encode'
Error conectando a la BD: 'NoneType' object has no attribute 'encode'
Error conectando a la BD: 'NoneType' object has no attribute 'encode'
Error conectando a la BD: 'NoneType' object has no attribute 'encode'
Error conectando a la BD: 'NoneType' object has no attribute 'encode'
Se han leido correctamente los csv de 2018
Se han leido correctamente los csv de 2019
Se han leido correctamente los csv de 2020
Se han leido correctamente los csv de 2021
Se han leido correctamente los csv de 2022
Se han leido correctamente los csv de 2023
Se han leido correctamente los csv de 2024
Se ha leido correctamente el csv de 2025
Se han unido todos los csv
Se ha eliminado la columna correctamente
Transformando datos con Pandas...
Transformación completada. Filas resultantes: 9452232
Error en la ingesta SQL: name 'cur' is not defined
[2025-12-07T21:23:24.894+0000] {taskinstance.py:441} INFO - ::group::Post task execution logs
[2025-12-07T21:23:24.971+0000] {taskinstance.py:1206} INFO - Marking task as SUCCESS. dag_id=flujo_etl_completo, task_id=ingestion_madrid, run_id=manual__2025-12-07T21:15:49+00:00, execution_date=20251207T211549, start_date=20251207T212206, end_date=20251207T212324
[2025-12-07T21:23:25.057+0000] {local_task_job_runner.py:240} INFO - Task exited with return code 0
[2025-12-07T21:23:25.100+0000] {taskinstance.py:3498} INFO - 1 downstream tasks scheduled from follow-on schedule check
[2025-12-07T21:23:25.114+0000] {local_task_job_runner.py:222} INFO - ::endgroup::
