[2025-12-07T21:15:51.077+0000] {local_task_job_runner.py:120} INFO - ::group::Pre task execution logs
[2025-12-07T21:15:51.109+0000] {taskinstance.py:2076} INFO - Dependencies all met for dep_context=non-requeueable deps ti=<TaskInstance: flujo_etl_completo.ingestion_madrid manual__2025-12-07T21:15:49+00:00 [queued]>
[2025-12-07T21:15:51.119+0000] {taskinstance.py:2076} INFO - Dependencies all met for dep_context=requeueable deps ti=<TaskInstance: flujo_etl_completo.ingestion_madrid manual__2025-12-07T21:15:49+00:00 [queued]>
[2025-12-07T21:15:51.120+0000] {taskinstance.py:2306} INFO - Starting attempt 1 of 2
[2025-12-07T21:15:51.134+0000] {taskinstance.py:2330} INFO - Executing <Task(DockerOperator): ingestion_madrid> on 2025-12-07 21:15:49+00:00
[2025-12-07T21:15:51.143+0000] {standard_task_runner.py:90} INFO - Running: ['***', 'tasks', 'run', 'flujo_etl_completo', 'ingestion_madrid', 'manual__2025-12-07T21:15:49+00:00', '--job-id', '4', '--raw', '--subdir', 'DAGS_FOLDER/pipeline_completo.py', '--cfg-path', '/tmp/tmp1bmhqk7y']
[2025-12-07T21:15:51.146+0000] {standard_task_runner.py:91} INFO - Job 4: Subtask ingestion_madrid
[2025-12-07T21:15:51.146+0000] {logging_mixin.py:188} WARNING - /home/***/.local/lib/python3.12/site-packages/***/task/task_runner/standard_task_runner.py:61 DeprecationWarning: This process (pid=182) is multi-threaded, use of fork() may lead to deadlocks in the child.
[2025-12-07T21:15:51.147+0000] {standard_task_runner.py:63} INFO - Started process 185 to run task
[2025-12-07T21:15:51.227+0000] {task_command.py:426} INFO - Running <TaskInstance: flujo_etl_completo.ingestion_madrid manual__2025-12-07T21:15:49+00:00 [running]> on host b39cb6c969b2
[2025-12-07T21:15:51.304+0000] {taskinstance.py:2648} INFO - Exporting env vars: AIRFLOW_CTX_DAG_OWNER='tu_nombre' AIRFLOW_CTX_DAG_ID='flujo_etl_completo' AIRFLOW_CTX_TASK_ID='ingestion_madrid' AIRFLOW_CTX_EXECUTION_DATE='2025-12-07T21:15:49+00:00' AIRFLOW_CTX_TRY_NUMBER='1' AIRFLOW_CTX_DAG_RUN_ID='manual__2025-12-07T21:15:49+00:00'
[2025-12-07T21:15:51.305+0000] {taskinstance.py:430} INFO - ::endgroup::
[2025-12-07T21:15:51.407+0000] {docker.py:366} INFO - Starting docker container from image ingestion_datosmad:latest
[2025-12-07T21:17:06.080+0000] {taskinstance.py:441} INFO - ::group::Post task execution logs
[2025-12-07T21:17:06.109+0000] {taskinstance.py:2905} ERROR - Task failed with exception
Traceback (most recent call last):
  File "/home/airflow/.local/lib/python3.12/site-packages/airflow/models/taskinstance.py", line 465, in _execute_task
    result = _execute_callable(context=context, **execute_callable_kwargs)
             ^^^^^^^^^^^^^^^^^^^^^^^^^^^^^^^^^^^^^^^^^^^^^^^^^^^^^^^^^^^^^
  File "/home/airflow/.local/lib/python3.12/site-packages/airflow/models/taskinstance.py", line 432, in _execute_callable
    return execute_callable(context=context, **execute_callable_kwargs)
           ^^^^^^^^^^^^^^^^^^^^^^^^^^^^^^^^^^^^^^^^^^^^^^^^^^^^^^^^^^^^
  File "/home/airflow/.local/lib/python3.12/site-packages/airflow/models/baseoperator.py", line 400, in wrapper
    return func(self, *args, **kwargs)
           ^^^^^^^^^^^^^^^^^^^^^^^^^^^
  File "/home/airflow/.local/lib/python3.12/site-packages/airflow/providers/docker/operators/docker.py", line 509, in execute
    return self._run_image()
           ^^^^^^^^^^^^^^^^^
  File "/home/airflow/.local/lib/python3.12/site-packages/airflow/providers/docker/operators/docker.py", line 383, in _run_image
    return self._run_image_with_mounts(self.mounts, add_tmp_variable=False)
           ^^^^^^^^^^^^^^^^^^^^^^^^^^^^^^^^^^^^^^^^^^^^^^^^^^^^^^^^^^^^^^^^
  File "/home/airflow/.local/lib/python3.12/site-packages/airflow/providers/docker/operators/docker.py", line 444, in _run_image_with_mounts
    raise DockerContainerFailedException(f"Docker container failed: {result!r}", logs=log_lines)
airflow.providers.docker.exceptions.DockerContainerFailedException: Docker container failed: {'StatusCode': 137}
[2025-12-07T21:17:06.145+0000] {taskinstance.py:1206} INFO - Marking task as UP_FOR_RETRY. dag_id=flujo_etl_completo, task_id=ingestion_madrid, run_id=manual__2025-12-07T21:15:49+00:00, execution_date=20251207T211549, start_date=20251207T211551, end_date=20251207T211706
[2025-12-07T21:17:06.173+0000] {standard_task_runner.py:110} ERROR - Failed to execute job 4 for task ingestion_madrid (Docker container failed: {'StatusCode': 137}; 185)
[2025-12-07T21:17:06.196+0000] {local_task_job_runner.py:240} INFO - Task exited with return code 1
[2025-12-07T21:17:06.248+0000] {taskinstance.py:3498} INFO - 0 downstream tasks scheduled from follow-on schedule check
[2025-12-07T21:17:06.251+0000] {local_task_job_runner.py:222} INFO - ::endgroup::
