[2025-12-07T21:05:02.572+0000] {local_task_job_runner.py:120} INFO - ::group::Pre task execution logs
[2025-12-07T21:05:02.671+0000] {taskinstance.py:2076} INFO - Dependencies all met for dep_context=non-requeueable deps ti=<TaskInstance: flujo_etl_completo.ingestion_general manual__2025-12-07T21:05:00+00:00 [queued]>
[2025-12-07T21:05:02.712+0000] {taskinstance.py:2076} INFO - Dependencies all met for dep_context=requeueable deps ti=<TaskInstance: flujo_etl_completo.ingestion_general manual__2025-12-07T21:05:00+00:00 [queued]>
[2025-12-07T21:05:02.721+0000] {taskinstance.py:2306} INFO - Starting attempt 1 of 1
[2025-12-07T21:05:02.768+0000] {taskinstance.py:2330} INFO - Executing <Task(DockerOperator): ingestion_general> on 2025-12-07 21:05:00+00:00
[2025-12-07T21:05:02.793+0000] {standard_task_runner.py:90} INFO - Running: ['***', 'tasks', 'run', 'flujo_etl_completo', 'ingestion_general', 'manual__2025-12-07T21:05:00+00:00', '--job-id', '4', '--raw', '--subdir', 'DAGS_FOLDER/pipeline_completo.py', '--cfg-path', '/tmp/tmpe4k06xgc']
[2025-12-07T21:05:02.800+0000] {logging_mixin.py:188} WARNING - /home/***/.local/lib/python3.12/site-packages/***/task/task_runner/standard_task_runner.py:61 DeprecationWarning: This process (pid=178) is multi-threaded, use of fork() may lead to deadlocks in the child.
[2025-12-07T21:05:02.806+0000] {standard_task_runner.py:91} INFO - Job 4: Subtask ingestion_general
[2025-12-07T21:05:02.810+0000] {standard_task_runner.py:63} INFO - Started process 180 to run task
[2025-12-07T21:05:03.591+0000] {task_command.py:426} INFO - Running <TaskInstance: flujo_etl_completo.ingestion_general manual__2025-12-07T21:05:00+00:00 [running]> on host 8533d0c34ac4
[2025-12-07T21:05:03.782+0000] {taskinstance.py:2648} INFO - Exporting env vars: AIRFLOW_CTX_DAG_OWNER='tu_nombre' AIRFLOW_CTX_DAG_ID='flujo_etl_completo' AIRFLOW_CTX_TASK_ID='ingestion_general' AIRFLOW_CTX_EXECUTION_DATE='2025-12-07T21:05:00+00:00' AIRFLOW_CTX_TRY_NUMBER='1' AIRFLOW_CTX_DAG_RUN_ID='manual__2025-12-07T21:05:00+00:00'
[2025-12-07T21:05:03.787+0000] {taskinstance.py:430} INFO - ::endgroup::
[2025-12-07T21:05:04.314+0000] {docker.py:366} INFO - Starting docker container from image ingestion:latest
[2025-12-07T21:05:06.627+0000] {docker.py:436} INFO - Iniciando Script 1...
[2025-12-07T21:05:06.640+0000] {docker.py:436} INFO - Iniciando Script 2...
[2025-12-07T21:05:07.879+0000] {docker.py:436} INFO - --- Iniciando ejecución orquestada por Airflow ------ Iniciando ejecución orquestada por Airflow ---

Descargando datos de Barcelona...Descargando datos de Madrid...
[2025-12-07T21:05:08.259+0000] {docker.py:436} INFO - Transformando 99 registros.
[2025-12-07T21:05:08.276+0000] {docker.py:436} INFO - Enviando 128 filas procesadas a la API de Barcelona...
[2025-12-07T21:05:08.304+0000] {docker.py:436} INFO - Datos insertados correctamente de Barcelona.
[2025-12-07T21:05:08.307+0000] {docker.py:436} INFO - Procesamiento finalizado con éxito.
--- Fin del script ---
[2025-12-07T21:05:08.383+0000] {docker.py:436} INFO - Transformando 122 registros (Wide -> Long)...
[2025-12-07T21:05:08.422+0000] {docker.py:436} INFO - Enviando 2562 filas procesadas a la API...
[2025-12-07T21:05:08.444+0000] {docker.py:436} INFO - Datos insertados correctamente.
[2025-12-07T21:05:08.448+0000] {docker.py:436} INFO - Procesamiento finalizado con éxito.
--- Fin del script ---
[2025-12-07T21:05:08.795+0000] {taskinstance.py:441} INFO - ::group::Post task execution logs
[2025-12-07T21:05:08.852+0000] {taskinstance.py:1206} INFO - Marking task as SUCCESS. dag_id=flujo_etl_completo, task_id=ingestion_general, run_id=manual__2025-12-07T21:05:00+00:00, execution_date=20251207T210500, start_date=20251207T210502, end_date=20251207T210508
[2025-12-07T21:05:08.917+0000] {local_task_job_runner.py:240} INFO - Task exited with return code 0
[2025-12-07T21:05:08.987+0000] {taskinstance.py:3498} INFO - 0 downstream tasks scheduled from follow-on schedule check
[2025-12-07T21:05:08.991+0000] {local_task_job_runner.py:222} INFO - ::endgroup::
