[2025-12-07T22:00:01.974+0000] {local_task_job_runner.py:120} INFO - ::group::Pre task execution logs
[2025-12-07T22:00:02.001+0000] {taskinstance.py:2076} INFO - Dependencies all met for dep_context=non-requeueable deps ti=<TaskInstance: flujo_etl_completo.ingestion_general scheduled__2025-12-07T21:00:00+00:00 [queued]>
[2025-12-07T22:00:02.009+0000] {taskinstance.py:2076} INFO - Dependencies all met for dep_context=requeueable deps ti=<TaskInstance: flujo_etl_completo.ingestion_general scheduled__2025-12-07T21:00:00+00:00 [queued]>
[2025-12-07T22:00:02.010+0000] {taskinstance.py:2306} INFO - Starting attempt 1 of 1
[2025-12-07T22:00:02.022+0000] {taskinstance.py:2330} INFO - Executing <Task(DockerOperator): ingestion_general> on 2025-12-07 21:00:00+00:00
[2025-12-07T22:00:02.029+0000] {standard_task_runner.py:90} INFO - Running: ['***', 'tasks', 'run', 'flujo_etl_completo', 'ingestion_general', 'scheduled__2025-12-07T21:00:00+00:00', '--job-id', '4', '--raw', '--subdir', 'DAGS_FOLDER/pipeline_completo.py', '--cfg-path', '/tmp/tmpdt6aqhuv']
[2025-12-07T22:00:02.031+0000] {logging_mixin.py:188} WARNING - /home/***/.local/lib/python3.12/site-packages/***/task/task_runner/standard_task_runner.py:61 DeprecationWarning: This process (pid=233) is multi-threaded, use of fork() may lead to deadlocks in the child.
[2025-12-07T22:00:02.031+0000] {standard_task_runner.py:91} INFO - Job 4: Subtask ingestion_general
[2025-12-07T22:00:02.032+0000] {standard_task_runner.py:63} INFO - Started process 235 to run task
[2025-12-07T22:00:02.108+0000] {task_command.py:426} INFO - Running <TaskInstance: flujo_etl_completo.ingestion_general scheduled__2025-12-07T21:00:00+00:00 [running]> on host c5e45831a30d
[2025-12-07T22:00:02.179+0000] {taskinstance.py:2648} INFO - Exporting env vars: AIRFLOW_CTX_DAG_OWNER='tu_nombre' AIRFLOW_CTX_DAG_ID='flujo_etl_completo' AIRFLOW_CTX_TASK_ID='ingestion_general' AIRFLOW_CTX_EXECUTION_DATE='2025-12-07T21:00:00+00:00' AIRFLOW_CTX_TRY_NUMBER='1' AIRFLOW_CTX_DAG_RUN_ID='scheduled__2025-12-07T21:00:00+00:00'
[2025-12-07T22:00:02.180+0000] {taskinstance.py:430} INFO - ::endgroup::
[2025-12-07T22:00:02.221+0000] {docker.py:493} INFO - Pulling docker image ingestion:latest
[2025-12-07T22:00:03.345+0000] {taskinstance.py:441} INFO - ::group::Post task execution logs
[2025-12-07T22:00:03.346+0000] {taskinstance.py:2905} ERROR - Task failed with exception
Traceback (most recent call last):
  File "/home/airflow/.local/lib/python3.12/site-packages/docker/api/client.py", line 265, in _raise_for_status
    response.raise_for_status()
  File "/home/airflow/.local/lib/python3.12/site-packages/requests/models.py", line 1021, in raise_for_status
    raise HTTPError(http_error_msg, response=self)
requests.exceptions.HTTPError: 404 Client Error: Not Found for url: http+docker://localhost/v1.51/images/create?tag=latest&fromImage=ingestion

The above exception was the direct cause of the following exception:

Traceback (most recent call last):
  File "/home/airflow/.local/lib/python3.12/site-packages/airflow/models/taskinstance.py", line 465, in _execute_task
    result = _execute_callable(context=context, **execute_callable_kwargs)
             ^^^^^^^^^^^^^^^^^^^^^^^^^^^^^^^^^^^^^^^^^^^^^^^^^^^^^^^^^^^^^
  File "/home/airflow/.local/lib/python3.12/site-packages/airflow/models/taskinstance.py", line 432, in _execute_callable
    return execute_callable(context=context, **execute_callable_kwargs)
           ^^^^^^^^^^^^^^^^^^^^^^^^^^^^^^^^^^^^^^^^^^^^^^^^^^^^^^^^^^^^
  File "/home/airflow/.local/lib/python3.12/site-packages/airflow/models/baseoperator.py", line 400, in wrapper
    return func(self, *args, **kwargs)
           ^^^^^^^^^^^^^^^^^^^^^^^^^^^
  File "/home/airflow/.local/lib/python3.12/site-packages/airflow/providers/docker/operators/docker.py", line 495, in execute
    for output in self.cli.pull(self.image, stream=True, decode=True):
                  ^^^^^^^^^^^^^^^^^^^^^^^^^^^^^^^^^^^^^^^^^^^^^^^^^^^
  File "/home/airflow/.local/lib/python3.12/site-packages/docker/api/image.py", line 429, in pull
    self._raise_for_status(response)
  File "/home/airflow/.local/lib/python3.12/site-packages/docker/api/client.py", line 267, in _raise_for_status
    raise create_api_error_from_http_exception(e) from e
          ^^^^^^^^^^^^^^^^^^^^^^^^^^^^^^^^^^^^^^^
  File "/home/airflow/.local/lib/python3.12/site-packages/docker/errors.py", line 39, in create_api_error_from_http_exception
    raise cls(e, response=response, explanation=explanation) from e
docker.errors.ImageNotFound: 404 Client Error for http+docker://localhost/v1.51/images/create?tag=latest&fromImage=ingestion: Not Found ("pull access denied for ingestion, repository does not exist or may require 'docker login'")
[2025-12-07T22:00:03.356+0000] {taskinstance.py:1206} INFO - Marking task as FAILED. dag_id=flujo_etl_completo, task_id=ingestion_general, run_id=scheduled__2025-12-07T21:00:00+00:00, execution_date=20251207T210000, start_date=20251207T220002, end_date=20251207T220003
[2025-12-07T22:00:03.365+0000] {standard_task_runner.py:110} ERROR - Failed to execute job 4 for task ingestion_general (404 Client Error for http+docker://localhost/v1.51/images/create?tag=latest&fromImage=ingestion: Not Found ("pull access denied for ingestion, repository does not exist or may require 'docker login'"); 235)
[2025-12-07T22:00:03.375+0000] {local_task_job_runner.py:240} INFO - Task exited with return code 1
[2025-12-07T22:00:03.391+0000] {taskinstance.py:3498} INFO - 0 downstream tasks scheduled from follow-on schedule check
[2025-12-07T22:00:03.395+0000] {local_task_job_runner.py:222} INFO - ::endgroup::
[2025-12-07T22:12:10.268+0000] {local_task_job_runner.py:120} INFO - ::group::Pre task execution logs
[2025-12-07T22:12:10.324+0000] {taskinstance.py:2076} INFO - Dependencies all met for dep_context=non-requeueable deps ti=<TaskInstance: flujo_etl_completo.ingestion_general scheduled__2025-12-07T21:00:00+00:00 [queued]>
[2025-12-07T22:12:10.340+0000] {taskinstance.py:2076} INFO - Dependencies all met for dep_context=requeueable deps ti=<TaskInstance: flujo_etl_completo.ingestion_general scheduled__2025-12-07T21:00:00+00:00 [queued]>
[2025-12-07T22:12:10.340+0000] {taskinstance.py:2306} INFO - Starting attempt 1 of 1
[2025-12-07T22:12:10.362+0000] {taskinstance.py:2330} INFO - Executing <Task(DockerOperator): ingestion_general> on 2025-12-07 21:00:00+00:00
[2025-12-07T22:12:10.379+0000] {logging_mixin.py:188} WARNING - /home/***/.local/lib/python3.12/site-packages/***/task/task_runner/standard_task_runner.py:61 DeprecationWarning: This process (pid=173) is multi-threaded, use of fork() may lead to deadlocks in the child.
[2025-12-07T22:12:10.375+0000] {standard_task_runner.py:90} INFO - Running: ['***', 'tasks', 'run', 'flujo_etl_completo', 'ingestion_general', 'scheduled__2025-12-07T21:00:00+00:00', '--job-id', '3', '--raw', '--subdir', 'DAGS_FOLDER/pipeline_completo.py', '--cfg-path', '/tmp/tmpc0ecdjd9']
[2025-12-07T22:12:10.381+0000] {standard_task_runner.py:63} INFO - Started process 175 to run task
[2025-12-07T22:12:10.381+0000] {standard_task_runner.py:91} INFO - Job 3: Subtask ingestion_general
[2025-12-07T22:12:10.504+0000] {task_command.py:426} INFO - Running <TaskInstance: flujo_etl_completo.ingestion_general scheduled__2025-12-07T21:00:00+00:00 [running]> on host 8480211d9afe
[2025-12-07T22:12:10.698+0000] {taskinstance.py:2648} INFO - Exporting env vars: AIRFLOW_CTX_DAG_OWNER='tu_nombre' AIRFLOW_CTX_DAG_ID='flujo_etl_completo' AIRFLOW_CTX_TASK_ID='ingestion_general' AIRFLOW_CTX_EXECUTION_DATE='2025-12-07T21:00:00+00:00' AIRFLOW_CTX_TRY_NUMBER='1' AIRFLOW_CTX_DAG_RUN_ID='scheduled__2025-12-07T21:00:00+00:00'
[2025-12-07T22:12:10.705+0000] {taskinstance.py:430} INFO - ::endgroup::
[2025-12-07T22:12:10.914+0000] {docker.py:493} INFO - Pulling docker image ingestion:latest
[2025-12-07T22:12:11.869+0000] {taskinstance.py:441} INFO - ::group::Post task execution logs
[2025-12-07T22:12:11.870+0000] {taskinstance.py:2905} ERROR - Task failed with exception
Traceback (most recent call last):
  File "/home/airflow/.local/lib/python3.12/site-packages/docker/api/client.py", line 265, in _raise_for_status
    response.raise_for_status()
  File "/home/airflow/.local/lib/python3.12/site-packages/requests/models.py", line 1021, in raise_for_status
    raise HTTPError(http_error_msg, response=self)
requests.exceptions.HTTPError: 404 Client Error: Not Found for url: http+docker://localhost/v1.51/images/create?tag=latest&fromImage=ingestion

The above exception was the direct cause of the following exception:

Traceback (most recent call last):
  File "/home/airflow/.local/lib/python3.12/site-packages/airflow/models/taskinstance.py", line 465, in _execute_task
    result = _execute_callable(context=context, **execute_callable_kwargs)
             ^^^^^^^^^^^^^^^^^^^^^^^^^^^^^^^^^^^^^^^^^^^^^^^^^^^^^^^^^^^^^
  File "/home/airflow/.local/lib/python3.12/site-packages/airflow/models/taskinstance.py", line 432, in _execute_callable
    return execute_callable(context=context, **execute_callable_kwargs)
           ^^^^^^^^^^^^^^^^^^^^^^^^^^^^^^^^^^^^^^^^^^^^^^^^^^^^^^^^^^^^
  File "/home/airflow/.local/lib/python3.12/site-packages/airflow/models/baseoperator.py", line 400, in wrapper
    return func(self, *args, **kwargs)
           ^^^^^^^^^^^^^^^^^^^^^^^^^^^
  File "/home/airflow/.local/lib/python3.12/site-packages/airflow/providers/docker/operators/docker.py", line 495, in execute
    for output in self.cli.pull(self.image, stream=True, decode=True):
                  ^^^^^^^^^^^^^^^^^^^^^^^^^^^^^^^^^^^^^^^^^^^^^^^^^^^
  File "/home/airflow/.local/lib/python3.12/site-packages/docker/api/image.py", line 429, in pull
    self._raise_for_status(response)
  File "/home/airflow/.local/lib/python3.12/site-packages/docker/api/client.py", line 267, in _raise_for_status
    raise create_api_error_from_http_exception(e) from e
          ^^^^^^^^^^^^^^^^^^^^^^^^^^^^^^^^^^^^^^^
  File "/home/airflow/.local/lib/python3.12/site-packages/docker/errors.py", line 39, in create_api_error_from_http_exception
    raise cls(e, response=response, explanation=explanation) from e
docker.errors.ImageNotFound: 404 Client Error for http+docker://localhost/v1.51/images/create?tag=latest&fromImage=ingestion: Not Found ("pull access denied for ingestion, repository does not exist or may require 'docker login'")
[2025-12-07T22:12:11.886+0000] {taskinstance.py:1206} INFO - Marking task as FAILED. dag_id=flujo_etl_completo, task_id=ingestion_general, run_id=scheduled__2025-12-07T21:00:00+00:00, execution_date=20251207T210000, start_date=20251207T221210, end_date=20251207T221211
[2025-12-07T22:12:11.913+0000] {standard_task_runner.py:110} ERROR - Failed to execute job 3 for task ingestion_general (404 Client Error for http+docker://localhost/v1.51/images/create?tag=latest&fromImage=ingestion: Not Found ("pull access denied for ingestion, repository does not exist or may require 'docker login'"); 175)
[2025-12-07T22:12:11.929+0000] {local_task_job_runner.py:240} INFO - Task exited with return code 1
[2025-12-07T22:12:11.962+0000] {taskinstance.py:3498} INFO - 0 downstream tasks scheduled from follow-on schedule check
[2025-12-07T22:12:11.970+0000] {local_task_job_runner.py:222} INFO - ::endgroup::
[2025-12-07T22:23:40.456+0000] {local_task_job_runner.py:120} INFO - ::group::Pre task execution logs
[2025-12-07T22:23:40.574+0000] {taskinstance.py:2076} INFO - Dependencies all met for dep_context=non-requeueable deps ti=<TaskInstance: flujo_etl_completo.ingestion_general scheduled__2025-12-07T21:00:00+00:00 [queued]>
[2025-12-07T22:23:40.598+0000] {taskinstance.py:2076} INFO - Dependencies all met for dep_context=requeueable deps ti=<TaskInstance: flujo_etl_completo.ingestion_general scheduled__2025-12-07T21:00:00+00:00 [queued]>
[2025-12-07T22:23:40.599+0000] {taskinstance.py:2306} INFO - Starting attempt 1 of 1
[2025-12-07T22:23:40.640+0000] {taskinstance.py:2330} INFO - Executing <Task(DockerOperator): ingestion_general> on 2025-12-07 21:00:00+00:00
[2025-12-07T22:23:40.669+0000] {logging_mixin.py:188} WARNING - /home/***/.local/lib/python3.12/site-packages/***/task/task_runner/standard_task_runner.py:61 DeprecationWarning: This process (pid=173) is multi-threaded, use of fork() may lead to deadlocks in the child.
[2025-12-07T22:23:40.672+0000] {standard_task_runner.py:63} INFO - Started process 175 to run task
[2025-12-07T22:23:40.668+0000] {standard_task_runner.py:90} INFO - Running: ['***', 'tasks', 'run', 'flujo_etl_completo', 'ingestion_general', 'scheduled__2025-12-07T21:00:00+00:00', '--job-id', '2', '--raw', '--subdir', 'DAGS_FOLDER/pipeline_completo.py', '--cfg-path', '/tmp/tmpu9lt10sy']
[2025-12-07T22:23:40.674+0000] {standard_task_runner.py:91} INFO - Job 2: Subtask ingestion_general
[2025-12-07T22:23:40.874+0000] {task_command.py:426} INFO - Running <TaskInstance: flujo_etl_completo.ingestion_general scheduled__2025-12-07T21:00:00+00:00 [running]> on host 8edfc02dbbca
[2025-12-07T22:23:41.035+0000] {taskinstance.py:2648} INFO - Exporting env vars: AIRFLOW_CTX_DAG_OWNER='tu_nombre' AIRFLOW_CTX_DAG_ID='flujo_etl_completo' AIRFLOW_CTX_TASK_ID='ingestion_general' AIRFLOW_CTX_EXECUTION_DATE='2025-12-07T21:00:00+00:00' AIRFLOW_CTX_TRY_NUMBER='1' AIRFLOW_CTX_DAG_RUN_ID='scheduled__2025-12-07T21:00:00+00:00'
[2025-12-07T22:23:41.036+0000] {taskinstance.py:430} INFO - ::endgroup::
[2025-12-07T22:23:41.276+0000] {docker.py:366} INFO - Starting docker container from image ingestion:latest
[2025-12-07T22:23:42.096+0000] {docker.py:436} INFO - Iniciando Script 1...
Iniciando Script 2...
[2025-12-07T22:23:44.495+0000] {docker.py:436} INFO - --- Iniciando ejecución orquestada por Airflow ---
Descargando datos de Madrid...
--- Iniciando ejecución orquestada por Airflow ---
Descargando datos de Barcelona...
[2025-12-07T22:23:45.036+0000] {docker.py:436} INFO - Transformando 122 registros (Wide -> Long)...
[2025-12-07T22:23:45.044+0000] {docker.py:436} INFO - Transformando 99 registros.
[2025-12-07T22:23:45.089+0000] {docker.py:436} INFO - Enviando 128 filas procesadas a la API de Barcelona...
[2025-12-07T22:23:45.107+0000] {docker.py:436} INFO - Enviando 2804 filas procesadas a la API...
[2025-12-07T22:23:45.114+0000] {docker.py:436} INFO - Datos insertados correctamente de Barcelona.
[2025-12-07T22:23:45.122+0000] {docker.py:436} INFO - Procesamiento finalizado con éxito.
--- Fin del script ---
[2025-12-07T22:23:45.165+0000] {docker.py:436} INFO - Datos insertados correctamente.
Procesamiento finalizado con éxito.
--- Fin del script ---
[2025-12-07T22:23:45.822+0000] {taskinstance.py:441} INFO - ::group::Post task execution logs
[2025-12-07T22:23:45.898+0000] {taskinstance.py:1206} INFO - Marking task as SUCCESS. dag_id=flujo_etl_completo, task_id=ingestion_general, run_id=scheduled__2025-12-07T21:00:00+00:00, execution_date=20251207T210000, start_date=20251207T222340, end_date=20251207T222345
[2025-12-07T22:23:45.970+0000] {local_task_job_runner.py:240} INFO - Task exited with return code 0
[2025-12-07T22:23:46.023+0000] {taskinstance.py:3498} INFO - 0 downstream tasks scheduled from follow-on schedule check
[2025-12-07T22:23:46.028+0000] {local_task_job_runner.py:222} INFO - ::endgroup::
[2025-12-07T22:37:13.039+0000] {local_task_job_runner.py:120} INFO - ::group::Pre task execution logs
[2025-12-07T22:37:13.084+0000] {taskinstance.py:2076} INFO - Dependencies all met for dep_context=non-requeueable deps ti=<TaskInstance: flujo_etl_completo.ingestion_general scheduled__2025-12-07T21:00:00+00:00 [queued]>
[2025-12-07T22:37:13.098+0000] {taskinstance.py:2076} INFO - Dependencies all met for dep_context=requeueable deps ti=<TaskInstance: flujo_etl_completo.ingestion_general scheduled__2025-12-07T21:00:00+00:00 [queued]>
[2025-12-07T22:37:13.099+0000] {taskinstance.py:2306} INFO - Starting attempt 1 of 1
[2025-12-07T22:37:13.123+0000] {taskinstance.py:2330} INFO - Executing <Task(DockerOperator): ingestion_general> on 2025-12-07 21:00:00+00:00
[2025-12-07T22:37:13.135+0000] {standard_task_runner.py:90} INFO - Running: ['***', 'tasks', 'run', 'flujo_etl_completo', 'ingestion_general', 'scheduled__2025-12-07T21:00:00+00:00', '--job-id', '2', '--raw', '--subdir', 'DAGS_FOLDER/pipeline_completo.py', '--cfg-path', '/tmp/tmpz6xt8ykc']
[2025-12-07T22:37:13.140+0000] {standard_task_runner.py:91} INFO - Job 2: Subtask ingestion_general
[2025-12-07T22:37:13.140+0000] {logging_mixin.py:188} WARNING - /home/***/.local/lib/python3.12/site-packages/***/task/task_runner/standard_task_runner.py:61 DeprecationWarning: This process (pid=174) is multi-threaded, use of fork() may lead to deadlocks in the child.
[2025-12-07T22:37:13.141+0000] {standard_task_runner.py:63} INFO - Started process 177 to run task
[2025-12-07T22:37:13.252+0000] {task_command.py:426} INFO - Running <TaskInstance: flujo_etl_completo.ingestion_general scheduled__2025-12-07T21:00:00+00:00 [running]> on host 260aacbb795a
[2025-12-07T22:37:13.431+0000] {taskinstance.py:2648} INFO - Exporting env vars: AIRFLOW_CTX_DAG_OWNER='tu_nombre' AIRFLOW_CTX_DAG_ID='flujo_etl_completo' AIRFLOW_CTX_TASK_ID='ingestion_general' AIRFLOW_CTX_EXECUTION_DATE='2025-12-07T21:00:00+00:00' AIRFLOW_CTX_TRY_NUMBER='1' AIRFLOW_CTX_DAG_RUN_ID='scheduled__2025-12-07T21:00:00+00:00'
[2025-12-07T22:37:13.435+0000] {taskinstance.py:430} INFO - ::endgroup::
[2025-12-07T22:37:13.608+0000] {docker.py:366} INFO - Starting docker container from image ingestion:latest
[2025-12-07T22:37:14.291+0000] {docker.py:436} INFO - Iniciando Script 1...
[2025-12-07T22:37:14.296+0000] {docker.py:436} INFO - Iniciando Script 2...
[2025-12-07T22:37:15.738+0000] {docker.py:436} INFO - --- Iniciando ejecución orquestada por Airflow ---
Descargando datos de Barcelona...
--- Iniciando ejecución orquestada por Airflow ---
Descargando datos de Madrid...
[2025-12-07T22:37:16.142+0000] {docker.py:436} INFO - Transformando 99 registros.
[2025-12-07T22:37:16.158+0000] {docker.py:436} INFO - Enviando 128 filas procesadas a la API de Barcelona...
[2025-12-07T22:37:16.171+0000] {docker.py:436} INFO - Datos insertados correctamente de Barcelona.
[2025-12-07T22:37:16.173+0000] {docker.py:436} INFO - Procesamiento finalizado con éxito.
--- Fin del script ---
[2025-12-07T22:37:16.239+0000] {docker.py:436} INFO - Transformando 122 registros (Wide -> Long)...
[2025-12-07T22:37:16.311+0000] {docker.py:436} INFO - Enviando 2804 filas procesadas a la API...
[2025-12-07T22:37:16.319+0000] {docker.py:436} INFO - Datos insertados correctamente.
[2025-12-07T22:37:16.326+0000] {docker.py:436} INFO - Procesamiento finalizado con éxito.
--- Fin del script ---
[2025-12-07T22:37:16.838+0000] {taskinstance.py:441} INFO - ::group::Post task execution logs
[2025-12-07T22:37:16.901+0000] {taskinstance.py:1206} INFO - Marking task as SUCCESS. dag_id=flujo_etl_completo, task_id=ingestion_general, run_id=scheduled__2025-12-07T21:00:00+00:00, execution_date=20251207T210000, start_date=20251207T223713, end_date=20251207T223716
[2025-12-07T22:37:16.994+0000] {local_task_job_runner.py:240} INFO - Task exited with return code 0
[2025-12-07T22:37:17.042+0000] {taskinstance.py:3498} INFO - 0 downstream tasks scheduled from follow-on schedule check
[2025-12-07T22:37:17.055+0000] {local_task_job_runner.py:222} INFO - ::endgroup::
[2025-12-07T22:52:14.547+0000] {local_task_job_runner.py:120} INFO - ::group::Pre task execution logs
[2025-12-07T22:52:14.582+0000] {taskinstance.py:2076} INFO - Dependencies all met for dep_context=non-requeueable deps ti=<TaskInstance: flujo_etl_completo.ingestion_general scheduled__2025-12-07T21:00:00+00:00 [queued]>
[2025-12-07T22:52:14.591+0000] {taskinstance.py:2076} INFO - Dependencies all met for dep_context=requeueable deps ti=<TaskInstance: flujo_etl_completo.ingestion_general scheduled__2025-12-07T21:00:00+00:00 [queued]>
[2025-12-07T22:52:14.592+0000] {taskinstance.py:2306} INFO - Starting attempt 1 of 1
[2025-12-07T22:52:14.607+0000] {taskinstance.py:2330} INFO - Executing <Task(DockerOperator): ingestion_general> on 2025-12-07 21:00:00+00:00
[2025-12-07T22:52:14.615+0000] {standard_task_runner.py:90} INFO - Running: ['***', 'tasks', 'run', 'flujo_etl_completo', 'ingestion_general', 'scheduled__2025-12-07T21:00:00+00:00', '--job-id', '2', '--raw', '--subdir', 'DAGS_FOLDER/pipeline_completo.py', '--cfg-path', '/tmp/tmpff230mf8']
[2025-12-07T22:52:14.617+0000] {logging_mixin.py:188} WARNING - /home/***/.local/lib/python3.12/site-packages/***/task/task_runner/standard_task_runner.py:61 DeprecationWarning: This process (pid=174) is multi-threaded, use of fork() may lead to deadlocks in the child.
[2025-12-07T22:52:14.618+0000] {standard_task_runner.py:91} INFO - Job 2: Subtask ingestion_general
[2025-12-07T22:52:14.618+0000] {standard_task_runner.py:63} INFO - Started process 175 to run task
[2025-12-07T22:52:14.705+0000] {task_command.py:426} INFO - Running <TaskInstance: flujo_etl_completo.ingestion_general scheduled__2025-12-07T21:00:00+00:00 [running]> on host f09fbdd5ee50
[2025-12-07T22:52:14.795+0000] {taskinstance.py:2648} INFO - Exporting env vars: AIRFLOW_CTX_DAG_OWNER='tu_nombre' AIRFLOW_CTX_DAG_ID='flujo_etl_completo' AIRFLOW_CTX_TASK_ID='ingestion_general' AIRFLOW_CTX_EXECUTION_DATE='2025-12-07T21:00:00+00:00' AIRFLOW_CTX_TRY_NUMBER='1' AIRFLOW_CTX_DAG_RUN_ID='scheduled__2025-12-07T21:00:00+00:00'
[2025-12-07T22:52:14.796+0000] {taskinstance.py:430} INFO - ::endgroup::
[2025-12-07T22:52:14.933+0000] {docker.py:366} INFO - Starting docker container from image ingestion:latest
[2025-12-07T22:52:15.309+0000] {docker.py:436} INFO - Iniciando Script 1...
[2025-12-07T22:52:15.310+0000] {docker.py:436} INFO - Iniciando Script 2...
[2025-12-07T22:52:16.487+0000] {docker.py:436} INFO - --- Iniciando ejecución orquestada por Airflow ---
Descargando datos de Barcelona...
--- Iniciando ejecución orquestada por Airflow ---
Descargando datos de Madrid...
[2025-12-07T22:52:16.839+0000] {docker.py:436} INFO - Transformando 99 registros.
[2025-12-07T22:52:16.853+0000] {docker.py:436} INFO - Enviando 128 filas procesadas a la API de Barcelona...
[2025-12-07T22:52:16.864+0000] {docker.py:436} INFO - Datos insertados correctamente de Barcelona.
[2025-12-07T22:52:16.865+0000] {docker.py:436} INFO - Procesamiento finalizado con éxito.
--- Fin del script ---
[2025-12-07T22:52:16.954+0000] {docker.py:436} INFO - Transformando 122 registros (Wide -> Long)...
[2025-12-07T22:52:16.973+0000] {docker.py:436} INFO - Enviando 2804 filas procesadas a la API...
[2025-12-07T22:52:16.989+0000] {docker.py:436} INFO - Datos insertados correctamente.
[2025-12-07T22:52:16.991+0000] {docker.py:436} INFO - Procesamiento finalizado con éxito.
--- Fin del script ---
[2025-12-07T22:52:17.403+0000] {taskinstance.py:441} INFO - ::group::Post task execution logs
[2025-12-07T22:52:17.443+0000] {taskinstance.py:1206} INFO - Marking task as SUCCESS. dag_id=flujo_etl_completo, task_id=ingestion_general, run_id=scheduled__2025-12-07T21:00:00+00:00, execution_date=20251207T210000, start_date=20251207T225214, end_date=20251207T225217
[2025-12-07T22:52:17.489+0000] {local_task_job_runner.py:240} INFO - Task exited with return code 0
[2025-12-07T22:52:17.531+0000] {taskinstance.py:3498} INFO - 0 downstream tasks scheduled from follow-on schedule check
[2025-12-07T22:52:17.535+0000] {local_task_job_runner.py:222} INFO - ::endgroup::
