[2025-12-07T19:40:28.658+0000] {local_task_job_runner.py:120} INFO - ::group::Pre task execution logs
[2025-12-07T19:40:28.705+0000] {taskinstance.py:2076} INFO - Dependencies all met for dep_context=non-requeueable deps ti=<TaskInstance: flujo_etl_completo.ingestion_general manual__2025-12-07T19:40:27+00:00 [queued]>
[2025-12-07T19:40:28.715+0000] {taskinstance.py:2076} INFO - Dependencies all met for dep_context=requeueable deps ti=<TaskInstance: flujo_etl_completo.ingestion_general manual__2025-12-07T19:40:27+00:00 [queued]>
[2025-12-07T19:40:28.716+0000] {taskinstance.py:2306} INFO - Starting attempt 1 of 1
[2025-12-07T19:40:28.736+0000] {taskinstance.py:2330} INFO - Executing <Task(DockerOperator): ingestion_general> on 2025-12-07 19:40:27+00:00
[2025-12-07T19:40:28.745+0000] {standard_task_runner.py:90} INFO - Running: ['***', 'tasks', 'run', 'flujo_etl_completo', 'ingestion_general', 'manual__2025-12-07T19:40:27+00:00', '--job-id', '4', '--raw', '--subdir', 'DAGS_FOLDER/pipeline_completo.py', '--cfg-path', '/tmp/tmpysj8bx44']
[2025-12-07T19:40:28.747+0000] {logging_mixin.py:188} WARNING - /home/***/.local/lib/python3.12/site-packages/***/task/task_runner/standard_task_runner.py:61 DeprecationWarning: This process (pid=177) is multi-threaded, use of fork() may lead to deadlocks in the child.
[2025-12-07T19:40:28.748+0000] {standard_task_runner.py:91} INFO - Job 4: Subtask ingestion_general
[2025-12-07T19:40:28.748+0000] {standard_task_runner.py:63} INFO - Started process 180 to run task
[2025-12-07T19:40:28.835+0000] {task_command.py:426} INFO - Running <TaskInstance: flujo_etl_completo.ingestion_general manual__2025-12-07T19:40:27+00:00 [running]> on host 7b1ba78ab7b7
[2025-12-07T19:40:28.915+0000] {taskinstance.py:2648} INFO - Exporting env vars: AIRFLOW_CTX_DAG_OWNER='tu_nombre' AIRFLOW_CTX_DAG_ID='flujo_etl_completo' AIRFLOW_CTX_TASK_ID='ingestion_general' AIRFLOW_CTX_EXECUTION_DATE='2025-12-07T19:40:27+00:00' AIRFLOW_CTX_TRY_NUMBER='1' AIRFLOW_CTX_DAG_RUN_ID='manual__2025-12-07T19:40:27+00:00'
[2025-12-07T19:40:28.916+0000] {taskinstance.py:430} INFO - ::endgroup::
[2025-12-07T19:40:29.024+0000] {docker.py:366} INFO - Starting docker container from image ingestion:latest
[2025-12-07T19:40:29.478+0000] {docker.py:436} INFO - Iniciando Script 1...
Iniciando Script 2...
[2025-12-07T19:40:30.322+0000] {docker.py:436} INFO - --- Iniciando ejecución orquestada por Airflow ---
Descargando datos de Madrid...
--- Iniciando ejecución orquestada por Airflow ---
Descargando datos de Barcelona...
[2025-12-07T19:40:30.698+0000] {docker.py:436} INFO - Transformando 99 registros.
[2025-12-07T19:40:30.710+0000] {docker.py:436} INFO - Enviando 128 filas procesadas a la API de Barcelona...
[2025-12-07T19:40:30.720+0000] {docker.py:436} INFO - Datos insertados correctamente de Barcelona.
[2025-12-07T19:40:30.722+0000] {docker.py:436} INFO - Procesamiento finalizado con éxito.
--- Fin del script ---
[2025-12-07T19:40:30.761+0000] {docker.py:436} INFO - Transformando 122 registros (Wide -> Long)...
[2025-12-07T19:40:30.795+0000] {docker.py:436} INFO - Enviando 2440 filas procesadas a la API...
[2025-12-07T19:40:30.831+0000] {docker.py:436} INFO - Datos insertados correctamente.
[2025-12-07T19:40:30.833+0000] {docker.py:436} INFO - Procesamiento finalizado con éxito.
--- Fin del script ---
[2025-12-07T19:40:31.273+0000] {taskinstance.py:441} INFO - ::group::Post task execution logs
[2025-12-07T19:40:31.332+0000] {taskinstance.py:1206} INFO - Marking task as SUCCESS. dag_id=flujo_etl_completo, task_id=ingestion_general, run_id=manual__2025-12-07T19:40:27+00:00, execution_date=20251207T194027, start_date=20251207T194028, end_date=20251207T194031
[2025-12-07T19:40:31.398+0000] {local_task_job_runner.py:240} INFO - Task exited with return code 0
[2025-12-07T19:40:31.425+0000] {taskinstance.py:3498} INFO - 0 downstream tasks scheduled from follow-on schedule check
[2025-12-07T19:40:31.428+0000] {local_task_job_runner.py:222} INFO - ::endgroup::
