[2025-12-07T23:00:02.009+0000] {local_task_job_runner.py:120} INFO - ::group::Pre task execution logs
[2025-12-07T23:00:02.041+0000] {taskinstance.py:2076} INFO - Dependencies all met for dep_context=non-requeueable deps ti=<TaskInstance: flujo_etl_completo.ingestion_general scheduled__2025-12-07T22:00:00+00:00 [queued]>
[2025-12-07T23:00:02.051+0000] {taskinstance.py:2076} INFO - Dependencies all met for dep_context=requeueable deps ti=<TaskInstance: flujo_etl_completo.ingestion_general scheduled__2025-12-07T22:00:00+00:00 [queued]>
[2025-12-07T23:00:02.053+0000] {taskinstance.py:2306} INFO - Starting attempt 1 of 1
[2025-12-07T23:00:02.078+0000] {taskinstance.py:2330} INFO - Executing <Task(DockerOperator): ingestion_general> on 2025-12-07 22:00:00+00:00
[2025-12-07T23:00:02.088+0000] {standard_task_runner.py:90} INFO - Running: ['***', 'tasks', 'run', 'flujo_etl_completo', 'ingestion_general', 'scheduled__2025-12-07T22:00:00+00:00', '--job-id', '5', '--raw', '--subdir', 'DAGS_FOLDER/pipeline_completo.py', '--cfg-path', '/tmp/tmpz7zdroof']
[2025-12-07T23:00:02.091+0000] {logging_mixin.py:188} WARNING - /home/***/.local/lib/python3.12/site-packages/***/task/task_runner/standard_task_runner.py:61 DeprecationWarning: This process (pid=259) is multi-threaded, use of fork() may lead to deadlocks in the child.
[2025-12-07T23:00:02.092+0000] {standard_task_runner.py:91} INFO - Job 5: Subtask ingestion_general
[2025-12-07T23:00:02.093+0000] {standard_task_runner.py:63} INFO - Started process 262 to run task
[2025-12-07T23:00:02.193+0000] {task_command.py:426} INFO - Running <TaskInstance: flujo_etl_completo.ingestion_general scheduled__2025-12-07T22:00:00+00:00 [running]> on host f09fbdd5ee50
[2025-12-07T23:00:02.283+0000] {taskinstance.py:2648} INFO - Exporting env vars: AIRFLOW_CTX_DAG_OWNER='tu_nombre' AIRFLOW_CTX_DAG_ID='flujo_etl_completo' AIRFLOW_CTX_TASK_ID='ingestion_general' AIRFLOW_CTX_EXECUTION_DATE='2025-12-07T22:00:00+00:00' AIRFLOW_CTX_TRY_NUMBER='1' AIRFLOW_CTX_DAG_RUN_ID='scheduled__2025-12-07T22:00:00+00:00'
[2025-12-07T23:00:02.284+0000] {taskinstance.py:430} INFO - ::endgroup::
[2025-12-07T23:00:02.401+0000] {docker.py:366} INFO - Starting docker container from image ingestion:latest
[2025-12-07T23:00:03.396+0000] {docker.py:436} INFO - Iniciando Script 1...
[2025-12-07T23:00:03.407+0000] {docker.py:436} INFO - Iniciando Script 2...
[2025-12-07T23:00:05.291+0000] {docker.py:436} INFO - --- Iniciando ejecución orquestada por Airflow ---
Descargando datos de Barcelona...
--- Iniciando ejecución orquestada por Airflow ---
Descargando datos de Madrid...
[2025-12-07T23:00:05.962+0000] {docker.py:436} INFO - Transformando 122 registros (Wide -> Long)...
[2025-12-07T23:00:06.010+0000] {docker.py:436} INFO - Enviando 2804 filas procesadas a la API...
[2025-12-07T23:00:06.058+0000] {docker.py:436} INFO - Datos insertados correctamente.
[2025-12-07T23:00:06.059+0000] {docker.py:436} INFO - Procesamiento finalizado con éxito.
--- Fin del script ---
[2025-12-07T23:00:06.252+0000] {docker.py:436} INFO - Transformando 99 registros.
[2025-12-07T23:00:06.261+0000] {docker.py:436} INFO - Enviando 128 filas procesadas a la API de Barcelona...
[2025-12-07T23:00:06.269+0000] {docker.py:436} INFO - Datos insertados correctamente de Barcelona.
[2025-12-07T23:00:06.271+0000] {docker.py:436} INFO - Procesamiento finalizado con éxito.
--- Fin del script ---
[2025-12-07T23:00:06.628+0000] {taskinstance.py:441} INFO - ::group::Post task execution logs
[2025-12-07T23:00:06.668+0000] {taskinstance.py:1206} INFO - Marking task as SUCCESS. dag_id=flujo_etl_completo, task_id=ingestion_general, run_id=scheduled__2025-12-07T22:00:00+00:00, execution_date=20251207T220000, start_date=20251207T230002, end_date=20251207T230006
[2025-12-07T23:00:06.738+0000] {local_task_job_runner.py:240} INFO - Task exited with return code 0
[2025-12-07T23:00:06.776+0000] {taskinstance.py:3498} INFO - 0 downstream tasks scheduled from follow-on schedule check
[2025-12-07T23:00:06.783+0000] {local_task_job_runner.py:222} INFO - ::endgroup::
[2025-12-07T23:06:57.463+0000] {local_task_job_runner.py:120} INFO - ::group::Pre task execution logs
[2025-12-07T23:06:57.503+0000] {taskinstance.py:2076} INFO - Dependencies all met for dep_context=non-requeueable deps ti=<TaskInstance: flujo_etl_completo.ingestion_general scheduled__2025-12-07T22:00:00+00:00 [queued]>
[2025-12-07T23:06:57.515+0000] {taskinstance.py:2076} INFO - Dependencies all met for dep_context=requeueable deps ti=<TaskInstance: flujo_etl_completo.ingestion_general scheduled__2025-12-07T22:00:00+00:00 [queued]>
[2025-12-07T23:06:57.518+0000] {taskinstance.py:2306} INFO - Starting attempt 1 of 1
[2025-12-07T23:06:57.539+0000] {taskinstance.py:2330} INFO - Executing <Task(DockerOperator): ingestion_general> on 2025-12-07 22:00:00+00:00
[2025-12-07T23:06:57.550+0000] {standard_task_runner.py:90} INFO - Running: ['***', 'tasks', 'run', 'flujo_etl_completo', 'ingestion_general', 'scheduled__2025-12-07T22:00:00+00:00', '--job-id', '2', '--raw', '--subdir', 'DAGS_FOLDER/pipeline_completo.py', '--cfg-path', '/tmp/tmp2r382vp1']
[2025-12-07T23:06:57.553+0000] {standard_task_runner.py:91} INFO - Job 2: Subtask ingestion_general
[2025-12-07T23:06:57.553+0000] {logging_mixin.py:188} WARNING - /home/***/.local/lib/python3.12/site-packages/***/task/task_runner/standard_task_runner.py:61 DeprecationWarning: This process (pid=175) is multi-threaded, use of fork() may lead to deadlocks in the child.
[2025-12-07T23:06:57.555+0000] {standard_task_runner.py:63} INFO - Started process 176 to run task
[2025-12-07T23:06:57.632+0000] {task_command.py:426} INFO - Running <TaskInstance: flujo_etl_completo.ingestion_general scheduled__2025-12-07T22:00:00+00:00 [running]> on host 8ed38d22ea6f
[2025-12-07T23:06:57.739+0000] {taskinstance.py:2648} INFO - Exporting env vars: AIRFLOW_CTX_DAG_OWNER='tu_nombre' AIRFLOW_CTX_DAG_ID='flujo_etl_completo' AIRFLOW_CTX_TASK_ID='ingestion_general' AIRFLOW_CTX_EXECUTION_DATE='2025-12-07T22:00:00+00:00' AIRFLOW_CTX_TRY_NUMBER='1' AIRFLOW_CTX_DAG_RUN_ID='scheduled__2025-12-07T22:00:00+00:00'
[2025-12-07T23:06:57.740+0000] {taskinstance.py:430} INFO - ::endgroup::
[2025-12-07T23:06:57.896+0000] {docker.py:366} INFO - Starting docker container from image ingestion:latest
[2025-12-07T23:06:58.423+0000] {docker.py:436} INFO - Iniciando Script 1...
[2025-12-07T23:06:58.428+0000] {docker.py:436} INFO - Iniciando Script 2...
[2025-12-07T23:06:59.999+0000] {docker.py:436} INFO - --- Iniciando ejecución orquestada por Airflow ---
Descargando datos de Madrid...
--- Iniciando ejecución orquestada por Airflow ---
Descargando datos de Barcelona...
[2025-12-07T23:07:00.335+0000] {docker.py:436} INFO - Transformando 99 registros.
[2025-12-07T23:07:00.354+0000] {docker.py:436} INFO - Enviando 128 filas procesadas a la API de Barcelona...
[2025-12-07T23:07:00.375+0000] {docker.py:436} INFO - Datos insertados correctamente de Barcelona.
[2025-12-07T23:07:00.376+0000] {docker.py:436} INFO - Procesamiento finalizado con éxito.
--- Fin del script ---
[2025-12-07T23:07:00.441+0000] {docker.py:436} INFO - Transformando 122 registros (Wide -> Long)...
[2025-12-07T23:07:00.466+0000] {docker.py:436} INFO - Enviando 2804 filas procesadas a la API...
[2025-12-07T23:07:00.488+0000] {docker.py:436} INFO - Datos insertados correctamente.
[2025-12-07T23:07:00.490+0000] {docker.py:436} INFO - Procesamiento finalizado con éxito.
--- Fin del script ---
[2025-12-07T23:07:01.001+0000] {taskinstance.py:441} INFO - ::group::Post task execution logs
[2025-12-07T23:07:01.079+0000] {taskinstance.py:1206} INFO - Marking task as SUCCESS. dag_id=flujo_etl_completo, task_id=ingestion_general, run_id=scheduled__2025-12-07T22:00:00+00:00, execution_date=20251207T220000, start_date=20251207T230657, end_date=20251207T230701
[2025-12-07T23:07:01.171+0000] {local_task_job_runner.py:240} INFO - Task exited with return code 0
[2025-12-07T23:07:01.237+0000] {taskinstance.py:3498} INFO - 0 downstream tasks scheduled from follow-on schedule check
[2025-12-07T23:07:01.253+0000] {local_task_job_runner.py:222} INFO - ::endgroup::
[2025-12-07T23:31:38.703+0000] {local_task_job_runner.py:120} INFO - ::group::Pre task execution logs
[2025-12-07T23:31:38.745+0000] {taskinstance.py:2076} INFO - Dependencies all met for dep_context=non-requeueable deps ti=<TaskInstance: flujo_etl_completo.ingestion_general scheduled__2025-12-07T22:00:00+00:00 [queued]>
[2025-12-07T23:31:38.755+0000] {taskinstance.py:2076} INFO - Dependencies all met for dep_context=requeueable deps ti=<TaskInstance: flujo_etl_completo.ingestion_general scheduled__2025-12-07T22:00:00+00:00 [queued]>
[2025-12-07T23:31:38.756+0000] {taskinstance.py:2306} INFO - Starting attempt 1 of 1
[2025-12-07T23:31:38.773+0000] {taskinstance.py:2330} INFO - Executing <Task(DockerOperator): ingestion_general> on 2025-12-07 22:00:00+00:00
[2025-12-07T23:31:38.784+0000] {standard_task_runner.py:90} INFO - Running: ['***', 'tasks', 'run', 'flujo_etl_completo', 'ingestion_general', 'scheduled__2025-12-07T22:00:00+00:00', '--job-id', '3', '--raw', '--subdir', 'DAGS_FOLDER/pipeline_completo.py', '--cfg-path', '/tmp/tmp4rgw54mj']
[2025-12-07T23:31:38.787+0000] {logging_mixin.py:188} WARNING - /home/***/.local/lib/python3.12/site-packages/***/task/task_runner/standard_task_runner.py:61 DeprecationWarning: This process (pid=174) is multi-threaded, use of fork() may lead to deadlocks in the child.
[2025-12-07T23:31:38.788+0000] {standard_task_runner.py:91} INFO - Job 3: Subtask ingestion_general
[2025-12-07T23:31:38.789+0000] {standard_task_runner.py:63} INFO - Started process 175 to run task
[2025-12-07T23:31:38.902+0000] {task_command.py:426} INFO - Running <TaskInstance: flujo_etl_completo.ingestion_general scheduled__2025-12-07T22:00:00+00:00 [running]> on host 289a1f07f466
[2025-12-07T23:31:39.004+0000] {taskinstance.py:2648} INFO - Exporting env vars: AIRFLOW_CTX_DAG_OWNER='tu_nombre' AIRFLOW_CTX_DAG_ID='flujo_etl_completo' AIRFLOW_CTX_TASK_ID='ingestion_general' AIRFLOW_CTX_EXECUTION_DATE='2025-12-07T22:00:00+00:00' AIRFLOW_CTX_TRY_NUMBER='1' AIRFLOW_CTX_DAG_RUN_ID='scheduled__2025-12-07T22:00:00+00:00'
[2025-12-07T23:31:39.005+0000] {taskinstance.py:430} INFO - ::endgroup::
[2025-12-07T23:31:39.153+0000] {docker.py:366} INFO - Starting docker container from image ingestion:latest
[2025-12-07T23:31:39.644+0000] {docker.py:436} INFO - Iniciando Script 1...
[2025-12-07T23:31:39.646+0000] {docker.py:436} INFO - Iniciando Script 2...
[2025-12-07T23:31:41.164+0000] {docker.py:436} INFO - --- Iniciando ejecución orquestada por Airflow ---
Descargando datos de Madrid...
--- Iniciando ejecución orquestada por Airflow ---
Descargando datos de Barcelona...
[2025-12-07T23:31:41.652+0000] {docker.py:436} INFO - Transformando 99 registros.
[2025-12-07T23:31:41.675+0000] {docker.py:436} INFO - Enviando 128 filas procesadas a la API de Barcelona...
[2025-12-07T23:31:41.694+0000] {docker.py:436} INFO - Datos insertados correctamente de Barcelona.
[2025-12-07T23:31:41.696+0000] {docker.py:436} INFO - Procesamiento finalizado con éxito.
--- Fin del script ---
[2025-12-07T23:31:41.881+0000] {docker.py:436} INFO - Transformando 122 registros (Wide -> Long)...
[2025-12-07T23:31:41.910+0000] {docker.py:436} INFO - Enviando 2924 filas procesadas a la API...
[2025-12-07T23:31:41.929+0000] {docker.py:436} INFO - Datos insertados correctamente.
[2025-12-07T23:31:41.932+0000] {docker.py:436} INFO - Procesamiento finalizado con éxito.
--- Fin del script ---
[2025-12-07T23:31:42.525+0000] {taskinstance.py:441} INFO - ::group::Post task execution logs
[2025-12-07T23:31:42.588+0000] {taskinstance.py:1206} INFO - Marking task as SUCCESS. dag_id=flujo_etl_completo, task_id=ingestion_general, run_id=scheduled__2025-12-07T22:00:00+00:00, execution_date=20251207T220000, start_date=20251207T233138, end_date=20251207T233142
[2025-12-07T23:31:42.680+0000] {local_task_job_runner.py:240} INFO - Task exited with return code 0
[2025-12-07T23:31:42.732+0000] {taskinstance.py:3498} INFO - 0 downstream tasks scheduled from follow-on schedule check
[2025-12-07T23:31:42.747+0000] {local_task_job_runner.py:222} INFO - ::endgroup::
