[2025-12-07T18:16:45.291+0000] {local_task_job_runner.py:120} INFO - ::group::Pre task execution logs
[2025-12-07T18:16:45.354+0000] {taskinstance.py:2076} INFO - Dependencies all met for dep_context=non-requeueable deps ti=<TaskInstance: flujo_etl_completo.ingestion_madrid scheduled__2025-12-07T17:00:00+00:00 [queued]>
[2025-12-07T18:16:45.366+0000] {taskinstance.py:2076} INFO - Dependencies all met for dep_context=requeueable deps ti=<TaskInstance: flujo_etl_completo.ingestion_madrid scheduled__2025-12-07T17:00:00+00:00 [queued]>
[2025-12-07T18:16:45.368+0000] {taskinstance.py:2306} INFO - Starting attempt 1 of 1
[2025-12-07T18:16:45.389+0000] {taskinstance.py:2330} INFO - Executing <Task(DockerOperator): ingestion_madrid> on 2025-12-07 17:00:00+00:00
[2025-12-07T18:16:45.398+0000] {standard_task_runner.py:90} INFO - Running: ['***', 'tasks', 'run', 'flujo_etl_completo', 'ingestion_madrid', 'scheduled__2025-12-07T17:00:00+00:00', '--job-id', '3', '--raw', '--subdir', 'DAGS_FOLDER/pipeline_completo.py', '--cfg-path', '/tmp/tmpinu71dxg']
[2025-12-07T18:16:45.401+0000] {logging_mixin.py:188} WARNING - /home/***/.local/lib/python3.12/site-packages/***/task/task_runner/standard_task_runner.py:61 DeprecationWarning: This process (pid=203) is multi-threaded, use of fork() may lead to deadlocks in the child.
[2025-12-07T18:16:45.402+0000] {standard_task_runner.py:91} INFO - Job 3: Subtask ingestion_madrid
[2025-12-07T18:16:45.402+0000] {standard_task_runner.py:63} INFO - Started process 206 to run task
[2025-12-07T18:16:45.492+0000] {task_command.py:426} INFO - Running <TaskInstance: flujo_etl_completo.ingestion_madrid scheduled__2025-12-07T17:00:00+00:00 [running]> on host ec492881777a
[2025-12-07T18:16:45.621+0000] {taskinstance.py:2648} INFO - Exporting env vars: AIRFLOW_CTX_DAG_OWNER='tu_nombre' AIRFLOW_CTX_DAG_ID='flujo_etl_completo' AIRFLOW_CTX_TASK_ID='ingestion_madrid' AIRFLOW_CTX_EXECUTION_DATE='2025-12-07T17:00:00+00:00' AIRFLOW_CTX_TRY_NUMBER='1' AIRFLOW_CTX_DAG_RUN_ID='scheduled__2025-12-07T17:00:00+00:00'
[2025-12-07T18:16:45.622+0000] {taskinstance.py:430} INFO - ::endgroup::
[2025-12-07T18:16:45.820+0000] {docker.py:366} INFO - Starting docker container from image ingestion_datosmad:latest
[2025-12-07T18:18:44.534+0000] {docker.py:436} INFO - Error conectando a la BD: 'NoneType' object has no attribute 'encode'
Error conectando a la BD: 'NoneType' object has no attribute 'encode'
Error conectando a la BD: 'NoneType' object has no attribute 'encode'
Error conectando a la BD: 'NoneType' object has no attribute 'encode'
Error conectando a la BD: 'NoneType' object has no attribute 'encode'
Error conectando a la BD: 'NoneType' object has no attribute 'encode'
Error conectando a la BD: 'NoneType' object has no attribute 'encode'
Error conectando a la BD: 'NoneType' object has no attribute 'encode'
Error conectando a la BD: 'NoneType' object has no attribute 'encode'
Error conectando a la BD: 'NoneType' object has no attribute 'encode'
Se han leido correctamente los csv de 2018
Se han leido correctamente los csv de 2019
Se han leido correctamente los csv de 2020
Se han leido correctamente los csv de 2021
Se han leido correctamente los csv de 2022
Se han leido correctamente los csv de 2023
Se han leido correctamente los csv de 2024
Se ha leido correctamente el csv de 2025
Se han unido todos los csv
Se ha eliminado la columna correctamente
Transformando datos con Pandas...
Transformación completada. Filas resultantes: 9452232
Error en la ingesta SQL: name 'cur' is not defined
[2025-12-07T18:18:52.788+0000] {taskinstance.py:441} INFO - ::group::Post task execution logs
[2025-12-07T18:18:52.847+0000] {taskinstance.py:1206} INFO - Marking task as SUCCESS. dag_id=flujo_etl_completo, task_id=ingestion_madrid, run_id=scheduled__2025-12-07T17:00:00+00:00, execution_date=20251207T170000, start_date=20251207T181645, end_date=20251207T181852
[2025-12-07T18:18:52.932+0000] {local_task_job_runner.py:240} INFO - Task exited with return code 0
[2025-12-07T18:18:52.982+0000] {taskinstance.py:3498} INFO - 1 downstream tasks scheduled from follow-on schedule check
[2025-12-07T18:18:52.985+0000] {local_task_job_runner.py:222} INFO - ::endgroup::
[2025-12-07T18:39:30.857+0000] {local_task_job_runner.py:120} INFO - ::group::Pre task execution logs
[2025-12-07T18:39:30.882+0000] {taskinstance.py:2076} INFO - Dependencies all met for dep_context=non-requeueable deps ti=<TaskInstance: flujo_etl_completo.ingestion_madrid scheduled__2025-12-07T17:00:00+00:00 [queued]>
[2025-12-07T18:39:30.889+0000] {taskinstance.py:2076} INFO - Dependencies all met for dep_context=requeueable deps ti=<TaskInstance: flujo_etl_completo.ingestion_madrid scheduled__2025-12-07T17:00:00+00:00 [queued]>
[2025-12-07T18:39:30.890+0000] {taskinstance.py:2306} INFO - Starting attempt 1 of 1
[2025-12-07T18:39:30.906+0000] {taskinstance.py:2330} INFO - Executing <Task(DockerOperator): ingestion_madrid> on 2025-12-07 17:00:00+00:00
[2025-12-07T18:39:30.916+0000] {standard_task_runner.py:90} INFO - Running: ['***', 'tasks', 'run', 'flujo_etl_completo', 'ingestion_madrid', 'scheduled__2025-12-07T17:00:00+00:00', '--job-id', '3', '--raw', '--subdir', 'DAGS_FOLDER/pipeline_completo.py', '--cfg-path', '/tmp/tmpszis4vos']
[2025-12-07T18:39:30.919+0000] {logging_mixin.py:188} WARNING - /home/***/.local/lib/python3.12/site-packages/***/task/task_runner/standard_task_runner.py:61 DeprecationWarning: This process (pid=178) is multi-threaded, use of fork() may lead to deadlocks in the child.
[2025-12-07T18:39:30.920+0000] {standard_task_runner.py:91} INFO - Job 3: Subtask ingestion_madrid
[2025-12-07T18:39:30.923+0000] {standard_task_runner.py:63} INFO - Started process 183 to run task
[2025-12-07T18:39:31.002+0000] {task_command.py:426} INFO - Running <TaskInstance: flujo_etl_completo.ingestion_madrid scheduled__2025-12-07T17:00:00+00:00 [running]> on host 879c956131a7
[2025-12-07T18:39:31.074+0000] {taskinstance.py:2648} INFO - Exporting env vars: AIRFLOW_CTX_DAG_OWNER='tu_nombre' AIRFLOW_CTX_DAG_ID='flujo_etl_completo' AIRFLOW_CTX_TASK_ID='ingestion_madrid' AIRFLOW_CTX_EXECUTION_DATE='2025-12-07T17:00:00+00:00' AIRFLOW_CTX_TRY_NUMBER='1' AIRFLOW_CTX_DAG_RUN_ID='scheduled__2025-12-07T17:00:00+00:00'
[2025-12-07T18:39:31.076+0000] {taskinstance.py:430} INFO - ::endgroup::
[2025-12-07T18:39:31.195+0000] {docker.py:366} INFO - Starting docker container from image ingestion_datosmad:latest
[2025-12-07T18:39:31.223+0000] {taskinstance.py:441} INFO - ::group::Post task execution logs
[2025-12-07T18:39:31.224+0000] {taskinstance.py:2905} ERROR - Task failed with exception
Traceback (most recent call last):
  File "/home/airflow/.local/lib/python3.12/site-packages/docker/api/client.py", line 265, in _raise_for_status
    response.raise_for_status()
  File "/home/airflow/.local/lib/python3.12/site-packages/requests/models.py", line 1021, in raise_for_status
    raise HTTPError(http_error_msg, response=self)
requests.exceptions.HTTPError: 409 Client Error: Conflict for url: http+docker://localhost/v1.51/containers/create?name=etl_worker_ingest_mad

The above exception was the direct cause of the following exception:

Traceback (most recent call last):
  File "/home/airflow/.local/lib/python3.12/site-packages/airflow/models/taskinstance.py", line 465, in _execute_task
    result = _execute_callable(context=context, **execute_callable_kwargs)
             ^^^^^^^^^^^^^^^^^^^^^^^^^^^^^^^^^^^^^^^^^^^^^^^^^^^^^^^^^^^^^
  File "/home/airflow/.local/lib/python3.12/site-packages/airflow/models/taskinstance.py", line 432, in _execute_callable
    return execute_callable(context=context, **execute_callable_kwargs)
           ^^^^^^^^^^^^^^^^^^^^^^^^^^^^^^^^^^^^^^^^^^^^^^^^^^^^^^^^^^^^
  File "/home/airflow/.local/lib/python3.12/site-packages/airflow/models/baseoperator.py", line 400, in wrapper
    return func(self, *args, **kwargs)
           ^^^^^^^^^^^^^^^^^^^^^^^^^^^
  File "/home/airflow/.local/lib/python3.12/site-packages/airflow/providers/docker/operators/docker.py", line 509, in execute
    return self._run_image()
           ^^^^^^^^^^^^^^^^^
  File "/home/airflow/.local/lib/python3.12/site-packages/airflow/providers/docker/operators/docker.py", line 383, in _run_image
    return self._run_image_with_mounts(self.mounts, add_tmp_variable=False)
           ^^^^^^^^^^^^^^^^^^^^^^^^^^^^^^^^^^^^^^^^^^^^^^^^^^^^^^^^^^^^^^^^
  File "/home/airflow/.local/lib/python3.12/site-packages/airflow/providers/docker/operators/docker.py", line 398, in _run_image_with_mounts
    self.container = self.cli.create_container(
                     ^^^^^^^^^^^^^^^^^^^^^^^^^^
  File "/home/airflow/.local/lib/python3.12/site-packages/docker/api/container.py", line 439, in create_container
    return self.create_container_from_config(config, name, platform)
           ^^^^^^^^^^^^^^^^^^^^^^^^^^^^^^^^^^^^^^^^^^^^^^^^^^^^^^^^^
  File "/home/airflow/.local/lib/python3.12/site-packages/docker/api/container.py", line 456, in create_container_from_config
    return self._result(res, True)
           ^^^^^^^^^^^^^^^^^^^^^^^
  File "/home/airflow/.local/lib/python3.12/site-packages/docker/api/client.py", line 271, in _result
    self._raise_for_status(response)
  File "/home/airflow/.local/lib/python3.12/site-packages/docker/api/client.py", line 267, in _raise_for_status
    raise create_api_error_from_http_exception(e) from e
          ^^^^^^^^^^^^^^^^^^^^^^^^^^^^^^^^^^^^^^^
  File "/home/airflow/.local/lib/python3.12/site-packages/docker/errors.py", line 39, in create_api_error_from_http_exception
    raise cls(e, response=response, explanation=explanation) from e
docker.errors.APIError: 409 Client Error for http+docker://localhost/v1.51/containers/create?name=etl_worker_ingest_mad: Conflict ("Conflict. The container name "/etl_worker_ingest_mad" is already in use by container "44cc610669719097ce0343fc2a5f1551e8cdff6a6a7babbf5173d958c319a025". You have to remove (or rename) that container to be able to reuse that name.")
[2025-12-07T18:39:31.234+0000] {taskinstance.py:1206} INFO - Marking task as FAILED. dag_id=flujo_etl_completo, task_id=ingestion_madrid, run_id=scheduled__2025-12-07T17:00:00+00:00, execution_date=20251207T170000, start_date=20251207T183930, end_date=20251207T183931
[2025-12-07T18:39:31.247+0000] {standard_task_runner.py:110} ERROR - Failed to execute job 3 for task ingestion_madrid (409 Client Error for http+docker://localhost/v1.51/containers/create?name=etl_worker_ingest_mad: Conflict ("Conflict. The container name "/etl_worker_ingest_mad" is already in use by container "44cc610669719097ce0343fc2a5f1551e8cdff6a6a7babbf5173d958c319a025". You have to remove (or rename) that container to be able to reuse that name."); 183)
[2025-12-07T18:39:31.259+0000] {local_task_job_runner.py:240} INFO - Task exited with return code 1
[2025-12-07T18:39:31.299+0000] {taskinstance.py:3498} INFO - 0 downstream tasks scheduled from follow-on schedule check
[2025-12-07T18:39:31.305+0000] {local_task_job_runner.py:222} INFO - ::endgroup::
[2025-12-07T18:52:17.915+0000] {local_task_job_runner.py:120} INFO - ::group::Pre task execution logs
[2025-12-07T18:52:17.940+0000] {taskinstance.py:2076} INFO - Dependencies all met for dep_context=non-requeueable deps ti=<TaskInstance: flujo_etl_completo.ingestion_madrid scheduled__2025-12-07T17:00:00+00:00 [queued]>
[2025-12-07T18:52:17.947+0000] {taskinstance.py:2076} INFO - Dependencies all met for dep_context=requeueable deps ti=<TaskInstance: flujo_etl_completo.ingestion_madrid scheduled__2025-12-07T17:00:00+00:00 [queued]>
[2025-12-07T18:52:17.947+0000] {taskinstance.py:2306} INFO - Starting attempt 1 of 1
[2025-12-07T18:52:17.958+0000] {taskinstance.py:2330} INFO - Executing <Task(DockerOperator): ingestion_madrid> on 2025-12-07 17:00:00+00:00
[2025-12-07T18:52:17.966+0000] {logging_mixin.py:188} WARNING - /home/***/.local/lib/python3.12/site-packages/***/task/task_runner/standard_task_runner.py:61 DeprecationWarning: This process (pid=190) is multi-threaded, use of fork() may lead to deadlocks in the child.
[2025-12-07T18:52:17.964+0000] {standard_task_runner.py:90} INFO - Running: ['***', 'tasks', 'run', 'flujo_etl_completo', 'ingestion_madrid', 'scheduled__2025-12-07T17:00:00+00:00', '--job-id', '3', '--raw', '--subdir', 'DAGS_FOLDER/pipeline_completo.py', '--cfg-path', '/tmp/tmpjztbd2ex']
[2025-12-07T18:52:17.967+0000] {standard_task_runner.py:63} INFO - Started process 192 to run task
[2025-12-07T18:52:17.967+0000] {standard_task_runner.py:91} INFO - Job 3: Subtask ingestion_madrid
[2025-12-07T18:52:18.059+0000] {task_command.py:426} INFO - Running <TaskInstance: flujo_etl_completo.ingestion_madrid scheduled__2025-12-07T17:00:00+00:00 [running]> on host 708dcd85c9de
[2025-12-07T18:52:18.128+0000] {taskinstance.py:2648} INFO - Exporting env vars: AIRFLOW_CTX_DAG_OWNER='tu_nombre' AIRFLOW_CTX_DAG_ID='flujo_etl_completo' AIRFLOW_CTX_TASK_ID='ingestion_madrid' AIRFLOW_CTX_EXECUTION_DATE='2025-12-07T17:00:00+00:00' AIRFLOW_CTX_TRY_NUMBER='1' AIRFLOW_CTX_DAG_RUN_ID='scheduled__2025-12-07T17:00:00+00:00'
[2025-12-07T18:52:18.130+0000] {taskinstance.py:430} INFO - ::endgroup::
[2025-12-07T18:52:18.241+0000] {docker.py:366} INFO - Starting docker container from image ingestion_datosmad:latest
[2025-12-07T18:52:18.293+0000] {taskinstance.py:441} INFO - ::group::Post task execution logs
[2025-12-07T18:52:18.295+0000] {taskinstance.py:2905} ERROR - Task failed with exception
Traceback (most recent call last):
  File "/home/airflow/.local/lib/python3.12/site-packages/docker/api/client.py", line 265, in _raise_for_status
    response.raise_for_status()
  File "/home/airflow/.local/lib/python3.12/site-packages/requests/models.py", line 1021, in raise_for_status
    raise HTTPError(http_error_msg, response=self)
requests.exceptions.HTTPError: 409 Client Error: Conflict for url: http+docker://localhost/v1.51/containers/create?name=etl_worker_ingest_mad

The above exception was the direct cause of the following exception:

Traceback (most recent call last):
  File "/home/airflow/.local/lib/python3.12/site-packages/airflow/models/taskinstance.py", line 465, in _execute_task
    result = _execute_callable(context=context, **execute_callable_kwargs)
             ^^^^^^^^^^^^^^^^^^^^^^^^^^^^^^^^^^^^^^^^^^^^^^^^^^^^^^^^^^^^^
  File "/home/airflow/.local/lib/python3.12/site-packages/airflow/models/taskinstance.py", line 432, in _execute_callable
    return execute_callable(context=context, **execute_callable_kwargs)
           ^^^^^^^^^^^^^^^^^^^^^^^^^^^^^^^^^^^^^^^^^^^^^^^^^^^^^^^^^^^^
  File "/home/airflow/.local/lib/python3.12/site-packages/airflow/models/baseoperator.py", line 400, in wrapper
    return func(self, *args, **kwargs)
           ^^^^^^^^^^^^^^^^^^^^^^^^^^^
  File "/home/airflow/.local/lib/python3.12/site-packages/airflow/providers/docker/operators/docker.py", line 509, in execute
    return self._run_image()
           ^^^^^^^^^^^^^^^^^
  File "/home/airflow/.local/lib/python3.12/site-packages/airflow/providers/docker/operators/docker.py", line 383, in _run_image
    return self._run_image_with_mounts(self.mounts, add_tmp_variable=False)
           ^^^^^^^^^^^^^^^^^^^^^^^^^^^^^^^^^^^^^^^^^^^^^^^^^^^^^^^^^^^^^^^^
  File "/home/airflow/.local/lib/python3.12/site-packages/airflow/providers/docker/operators/docker.py", line 398, in _run_image_with_mounts
    self.container = self.cli.create_container(
                     ^^^^^^^^^^^^^^^^^^^^^^^^^^
  File "/home/airflow/.local/lib/python3.12/site-packages/docker/api/container.py", line 439, in create_container
    return self.create_container_from_config(config, name, platform)
           ^^^^^^^^^^^^^^^^^^^^^^^^^^^^^^^^^^^^^^^^^^^^^^^^^^^^^^^^^
  File "/home/airflow/.local/lib/python3.12/site-packages/docker/api/container.py", line 456, in create_container_from_config
    return self._result(res, True)
           ^^^^^^^^^^^^^^^^^^^^^^^
  File "/home/airflow/.local/lib/python3.12/site-packages/docker/api/client.py", line 271, in _result
    self._raise_for_status(response)
  File "/home/airflow/.local/lib/python3.12/site-packages/docker/api/client.py", line 267, in _raise_for_status
    raise create_api_error_from_http_exception(e) from e
          ^^^^^^^^^^^^^^^^^^^^^^^^^^^^^^^^^^^^^^^
  File "/home/airflow/.local/lib/python3.12/site-packages/docker/errors.py", line 39, in create_api_error_from_http_exception
    raise cls(e, response=response, explanation=explanation) from e
docker.errors.APIError: 409 Client Error for http+docker://localhost/v1.51/containers/create?name=etl_worker_ingest_mad: Conflict ("Conflict. The container name "/etl_worker_ingest_mad" is already in use by container "1f482d1567503d6c3b042f1badfd93987ea70fa0611ccefae94fdb38bb978605". You have to remove (or rename) that container to be able to reuse that name.")
[2025-12-07T18:52:18.311+0000] {taskinstance.py:1206} INFO - Marking task as FAILED. dag_id=flujo_etl_completo, task_id=ingestion_madrid, run_id=scheduled__2025-12-07T17:00:00+00:00, execution_date=20251207T170000, start_date=20251207T185217, end_date=20251207T185218
[2025-12-07T18:52:18.330+0000] {standard_task_runner.py:110} ERROR - Failed to execute job 3 for task ingestion_madrid (409 Client Error for http+docker://localhost/v1.51/containers/create?name=etl_worker_ingest_mad: Conflict ("Conflict. The container name "/etl_worker_ingest_mad" is already in use by container "1f482d1567503d6c3b042f1badfd93987ea70fa0611ccefae94fdb38bb978605". You have to remove (or rename) that container to be able to reuse that name."); 192)
[2025-12-07T18:52:18.342+0000] {local_task_job_runner.py:240} INFO - Task exited with return code 1
[2025-12-07T18:52:18.371+0000] {taskinstance.py:3498} INFO - 0 downstream tasks scheduled from follow-on schedule check
[2025-12-07T18:52:18.386+0000] {local_task_job_runner.py:222} INFO - ::endgroup::
