[2025-12-07T22:00:01.974+0000] {local_task_job_runner.py:120} INFO - ::group::Pre task execution logs
[2025-12-07T22:00:02.011+0000] {taskinstance.py:2076} INFO - Dependencies all met for dep_context=non-requeueable deps ti=<TaskInstance: flujo_etl_completo.ingestion_madrid scheduled__2025-12-07T21:00:00+00:00 [queued]>
[2025-12-07T22:00:02.019+0000] {taskinstance.py:2076} INFO - Dependencies all met for dep_context=requeueable deps ti=<TaskInstance: flujo_etl_completo.ingestion_madrid scheduled__2025-12-07T21:00:00+00:00 [queued]>
[2025-12-07T22:00:02.020+0000] {taskinstance.py:2306} INFO - Starting attempt 1 of 1
[2025-12-07T22:00:02.032+0000] {taskinstance.py:2330} INFO - Executing <Task(DockerOperator): ingestion_madrid> on 2025-12-07 21:00:00+00:00
[2025-12-07T22:00:02.039+0000] {standard_task_runner.py:90} INFO - Running: ['***', 'tasks', 'run', 'flujo_etl_completo', 'ingestion_madrid', 'scheduled__2025-12-07T21:00:00+00:00', '--job-id', '5', '--raw', '--subdir', 'DAGS_FOLDER/pipeline_completo.py', '--cfg-path', '/tmp/tmpgupkt85b']
[2025-12-07T22:00:02.041+0000] {logging_mixin.py:188} WARNING - /home/***/.local/lib/python3.12/site-packages/***/task/task_runner/standard_task_runner.py:61 DeprecationWarning: This process (pid=234) is multi-threaded, use of fork() may lead to deadlocks in the child.
[2025-12-07T22:00:02.041+0000] {standard_task_runner.py:91} INFO - Job 5: Subtask ingestion_madrid
[2025-12-07T22:00:02.042+0000] {standard_task_runner.py:63} INFO - Started process 236 to run task
[2025-12-07T22:00:02.115+0000] {task_command.py:426} INFO - Running <TaskInstance: flujo_etl_completo.ingestion_madrid scheduled__2025-12-07T21:00:00+00:00 [running]> on host c5e45831a30d
[2025-12-07T22:00:02.187+0000] {taskinstance.py:2648} INFO - Exporting env vars: AIRFLOW_CTX_DAG_OWNER='tu_nombre' AIRFLOW_CTX_DAG_ID='flujo_etl_completo' AIRFLOW_CTX_TASK_ID='ingestion_madrid' AIRFLOW_CTX_EXECUTION_DATE='2025-12-07T21:00:00+00:00' AIRFLOW_CTX_TRY_NUMBER='1' AIRFLOW_CTX_DAG_RUN_ID='scheduled__2025-12-07T21:00:00+00:00'
[2025-12-07T22:00:02.188+0000] {taskinstance.py:430} INFO - ::endgroup::
[2025-12-07T22:00:02.231+0000] {docker.py:493} INFO - Pulling docker image ingestion_datosmad:latest
[2025-12-07T22:00:03.725+0000] {taskinstance.py:441} INFO - ::group::Post task execution logs
[2025-12-07T22:00:03.726+0000] {taskinstance.py:2905} ERROR - Task failed with exception
Traceback (most recent call last):
  File "/home/airflow/.local/lib/python3.12/site-packages/docker/api/client.py", line 265, in _raise_for_status
    response.raise_for_status()
  File "/home/airflow/.local/lib/python3.12/site-packages/requests/models.py", line 1021, in raise_for_status
    raise HTTPError(http_error_msg, response=self)
requests.exceptions.HTTPError: 404 Client Error: Not Found for url: http+docker://localhost/v1.51/images/create?tag=latest&fromImage=ingestion_datosmad

The above exception was the direct cause of the following exception:

Traceback (most recent call last):
  File "/home/airflow/.local/lib/python3.12/site-packages/airflow/models/taskinstance.py", line 465, in _execute_task
    result = _execute_callable(context=context, **execute_callable_kwargs)
             ^^^^^^^^^^^^^^^^^^^^^^^^^^^^^^^^^^^^^^^^^^^^^^^^^^^^^^^^^^^^^
  File "/home/airflow/.local/lib/python3.12/site-packages/airflow/models/taskinstance.py", line 432, in _execute_callable
    return execute_callable(context=context, **execute_callable_kwargs)
           ^^^^^^^^^^^^^^^^^^^^^^^^^^^^^^^^^^^^^^^^^^^^^^^^^^^^^^^^^^^^
  File "/home/airflow/.local/lib/python3.12/site-packages/airflow/models/baseoperator.py", line 400, in wrapper
    return func(self, *args, **kwargs)
           ^^^^^^^^^^^^^^^^^^^^^^^^^^^
  File "/home/airflow/.local/lib/python3.12/site-packages/airflow/providers/docker/operators/docker.py", line 495, in execute
    for output in self.cli.pull(self.image, stream=True, decode=True):
                  ^^^^^^^^^^^^^^^^^^^^^^^^^^^^^^^^^^^^^^^^^^^^^^^^^^^
  File "/home/airflow/.local/lib/python3.12/site-packages/docker/api/image.py", line 429, in pull
    self._raise_for_status(response)
  File "/home/airflow/.local/lib/python3.12/site-packages/docker/api/client.py", line 267, in _raise_for_status
    raise create_api_error_from_http_exception(e) from e
          ^^^^^^^^^^^^^^^^^^^^^^^^^^^^^^^^^^^^^^^
  File "/home/airflow/.local/lib/python3.12/site-packages/docker/errors.py", line 39, in create_api_error_from_http_exception
    raise cls(e, response=response, explanation=explanation) from e
docker.errors.ImageNotFound: 404 Client Error for http+docker://localhost/v1.51/images/create?tag=latest&fromImage=ingestion_datosmad: Not Found ("pull access denied for ingestion_datosmad, repository does not exist or may require 'docker login'")
[2025-12-07T22:00:03.735+0000] {taskinstance.py:1206} INFO - Marking task as FAILED. dag_id=flujo_etl_completo, task_id=ingestion_madrid, run_id=scheduled__2025-12-07T21:00:00+00:00, execution_date=20251207T210000, start_date=20251207T220002, end_date=20251207T220003
[2025-12-07T22:00:03.743+0000] {standard_task_runner.py:110} ERROR - Failed to execute job 5 for task ingestion_madrid (404 Client Error for http+docker://localhost/v1.51/images/create?tag=latest&fromImage=ingestion_datosmad: Not Found ("pull access denied for ingestion_datosmad, repository does not exist or may require 'docker login'"); 236)
[2025-12-07T22:00:03.782+0000] {local_task_job_runner.py:240} INFO - Task exited with return code 1
[2025-12-07T22:00:03.801+0000] {taskinstance.py:3498} INFO - 0 downstream tasks scheduled from follow-on schedule check
[2025-12-07T22:00:03.805+0000] {local_task_job_runner.py:222} INFO - ::endgroup::
[2025-12-07T22:12:10.267+0000] {local_task_job_runner.py:120} INFO - ::group::Pre task execution logs
[2025-12-07T22:12:10.324+0000] {taskinstance.py:2076} INFO - Dependencies all met for dep_context=non-requeueable deps ti=<TaskInstance: flujo_etl_completo.ingestion_madrid scheduled__2025-12-07T21:00:00+00:00 [queued]>
[2025-12-07T22:12:10.339+0000] {taskinstance.py:2076} INFO - Dependencies all met for dep_context=requeueable deps ti=<TaskInstance: flujo_etl_completo.ingestion_madrid scheduled__2025-12-07T21:00:00+00:00 [queued]>
[2025-12-07T22:12:10.340+0000] {taskinstance.py:2306} INFO - Starting attempt 1 of 1
[2025-12-07T22:12:10.363+0000] {taskinstance.py:2330} INFO - Executing <Task(DockerOperator): ingestion_madrid> on 2025-12-07 21:00:00+00:00
[2025-12-07T22:12:10.374+0000] {standard_task_runner.py:90} INFO - Running: ['***', 'tasks', 'run', 'flujo_etl_completo', 'ingestion_madrid', 'scheduled__2025-12-07T21:00:00+00:00', '--job-id', '2', '--raw', '--subdir', 'DAGS_FOLDER/pipeline_completo.py', '--cfg-path', '/tmp/tmpjsr4_24t']
[2025-12-07T22:12:10.380+0000] {logging_mixin.py:188} WARNING - /home/***/.local/lib/python3.12/site-packages/***/task/task_runner/standard_task_runner.py:61 DeprecationWarning: This process (pid=174) is multi-threaded, use of fork() may lead to deadlocks in the child.
[2025-12-07T22:12:10.381+0000] {standard_task_runner.py:91} INFO - Job 2: Subtask ingestion_madrid
[2025-12-07T22:12:10.381+0000] {standard_task_runner.py:63} INFO - Started process 176 to run task
[2025-12-07T22:12:10.504+0000] {task_command.py:426} INFO - Running <TaskInstance: flujo_etl_completo.ingestion_madrid scheduled__2025-12-07T21:00:00+00:00 [running]> on host 8480211d9afe
[2025-12-07T22:12:10.694+0000] {taskinstance.py:2648} INFO - Exporting env vars: AIRFLOW_CTX_DAG_OWNER='tu_nombre' AIRFLOW_CTX_DAG_ID='flujo_etl_completo' AIRFLOW_CTX_TASK_ID='ingestion_madrid' AIRFLOW_CTX_EXECUTION_DATE='2025-12-07T21:00:00+00:00' AIRFLOW_CTX_TRY_NUMBER='1' AIRFLOW_CTX_DAG_RUN_ID='scheduled__2025-12-07T21:00:00+00:00'
[2025-12-07T22:12:10.703+0000] {taskinstance.py:430} INFO - ::endgroup::
[2025-12-07T22:12:10.907+0000] {docker.py:493} INFO - Pulling docker image ingestion_datosmad:latest
[2025-12-07T22:12:11.863+0000] {taskinstance.py:441} INFO - ::group::Post task execution logs
[2025-12-07T22:12:11.864+0000] {taskinstance.py:2905} ERROR - Task failed with exception
Traceback (most recent call last):
  File "/home/airflow/.local/lib/python3.12/site-packages/docker/api/client.py", line 265, in _raise_for_status
    response.raise_for_status()
  File "/home/airflow/.local/lib/python3.12/site-packages/requests/models.py", line 1021, in raise_for_status
    raise HTTPError(http_error_msg, response=self)
requests.exceptions.HTTPError: 404 Client Error: Not Found for url: http+docker://localhost/v1.51/images/create?tag=latest&fromImage=ingestion_datosmad

The above exception was the direct cause of the following exception:

Traceback (most recent call last):
  File "/home/airflow/.local/lib/python3.12/site-packages/airflow/models/taskinstance.py", line 465, in _execute_task
    result = _execute_callable(context=context, **execute_callable_kwargs)
             ^^^^^^^^^^^^^^^^^^^^^^^^^^^^^^^^^^^^^^^^^^^^^^^^^^^^^^^^^^^^^
  File "/home/airflow/.local/lib/python3.12/site-packages/airflow/models/taskinstance.py", line 432, in _execute_callable
    return execute_callable(context=context, **execute_callable_kwargs)
           ^^^^^^^^^^^^^^^^^^^^^^^^^^^^^^^^^^^^^^^^^^^^^^^^^^^^^^^^^^^^
  File "/home/airflow/.local/lib/python3.12/site-packages/airflow/models/baseoperator.py", line 400, in wrapper
    return func(self, *args, **kwargs)
           ^^^^^^^^^^^^^^^^^^^^^^^^^^^
  File "/home/airflow/.local/lib/python3.12/site-packages/airflow/providers/docker/operators/docker.py", line 495, in execute
    for output in self.cli.pull(self.image, stream=True, decode=True):
                  ^^^^^^^^^^^^^^^^^^^^^^^^^^^^^^^^^^^^^^^^^^^^^^^^^^^
  File "/home/airflow/.local/lib/python3.12/site-packages/docker/api/image.py", line 429, in pull
    self._raise_for_status(response)
  File "/home/airflow/.local/lib/python3.12/site-packages/docker/api/client.py", line 267, in _raise_for_status
    raise create_api_error_from_http_exception(e) from e
          ^^^^^^^^^^^^^^^^^^^^^^^^^^^^^^^^^^^^^^^
  File "/home/airflow/.local/lib/python3.12/site-packages/docker/errors.py", line 39, in create_api_error_from_http_exception
    raise cls(e, response=response, explanation=explanation) from e
docker.errors.ImageNotFound: 404 Client Error for http+docker://localhost/v1.51/images/create?tag=latest&fromImage=ingestion_datosmad: Not Found ("pull access denied for ingestion_datosmad, repository does not exist or may require 'docker login'")
[2025-12-07T22:12:11.881+0000] {taskinstance.py:1206} INFO - Marking task as FAILED. dag_id=flujo_etl_completo, task_id=ingestion_madrid, run_id=scheduled__2025-12-07T21:00:00+00:00, execution_date=20251207T210000, start_date=20251207T221210, end_date=20251207T221211
[2025-12-07T22:12:11.901+0000] {standard_task_runner.py:110} ERROR - Failed to execute job 2 for task ingestion_madrid (404 Client Error for http+docker://localhost/v1.51/images/create?tag=latest&fromImage=ingestion_datosmad: Not Found ("pull access denied for ingestion_datosmad, repository does not exist or may require 'docker login'"); 176)
[2025-12-07T22:12:11.930+0000] {local_task_job_runner.py:240} INFO - Task exited with return code 1
[2025-12-07T22:12:11.946+0000] {local_task_job_runner.py:222} INFO - ::endgroup::
[2025-12-07T22:23:40.466+0000] {local_task_job_runner.py:120} INFO - ::group::Pre task execution logs
[2025-12-07T22:23:40.588+0000] {taskinstance.py:2076} INFO - Dependencies all met for dep_context=non-requeueable deps ti=<TaskInstance: flujo_etl_completo.ingestion_madrid scheduled__2025-12-07T21:00:00+00:00 [queued]>
[2025-12-07T22:23:40.617+0000] {taskinstance.py:2076} INFO - Dependencies all met for dep_context=requeueable deps ti=<TaskInstance: flujo_etl_completo.ingestion_madrid scheduled__2025-12-07T21:00:00+00:00 [queued]>
[2025-12-07T22:23:40.622+0000] {taskinstance.py:2306} INFO - Starting attempt 1 of 1
[2025-12-07T22:23:40.669+0000] {taskinstance.py:2330} INFO - Executing <Task(DockerOperator): ingestion_madrid> on 2025-12-07 21:00:00+00:00
[2025-12-07T22:23:40.691+0000] {standard_task_runner.py:90} INFO - Running: ['***', 'tasks', 'run', 'flujo_etl_completo', 'ingestion_madrid', 'scheduled__2025-12-07T21:00:00+00:00', '--job-id', '3', '--raw', '--subdir', 'DAGS_FOLDER/pipeline_completo.py', '--cfg-path', '/tmp/tmpcn_5thpe']
[2025-12-07T22:23:40.698+0000] {standard_task_runner.py:91} INFO - Job 3: Subtask ingestion_madrid
[2025-12-07T22:23:40.697+0000] {logging_mixin.py:188} WARNING - /home/***/.local/lib/python3.12/site-packages/***/task/task_runner/standard_task_runner.py:61 DeprecationWarning: This process (pid=174) is multi-threaded, use of fork() may lead to deadlocks in the child.
[2025-12-07T22:23:40.700+0000] {standard_task_runner.py:63} INFO - Started process 176 to run task
[2025-12-07T22:23:40.882+0000] {task_command.py:426} INFO - Running <TaskInstance: flujo_etl_completo.ingestion_madrid scheduled__2025-12-07T21:00:00+00:00 [running]> on host 8edfc02dbbca
[2025-12-07T22:23:41.044+0000] {taskinstance.py:2648} INFO - Exporting env vars: AIRFLOW_CTX_DAG_OWNER='tu_nombre' AIRFLOW_CTX_DAG_ID='flujo_etl_completo' AIRFLOW_CTX_TASK_ID='ingestion_madrid' AIRFLOW_CTX_EXECUTION_DATE='2025-12-07T21:00:00+00:00' AIRFLOW_CTX_TRY_NUMBER='1' AIRFLOW_CTX_DAG_RUN_ID='scheduled__2025-12-07T21:00:00+00:00'
[2025-12-07T22:23:41.046+0000] {taskinstance.py:430} INFO - ::endgroup::
[2025-12-07T22:23:41.233+0000] {docker.py:366} INFO - Starting docker container from image ingestion_datosmad:latest
[2025-12-07T22:25:23.054+0000] {docker.py:436} INFO - Error conectando a la BD: 'NoneType' object has no attribute 'encode'
Error conectando a la BD: 'NoneType' object has no attribute 'encode'
Error conectando a la BD: 'NoneType' object has no attribute 'encode'
Error conectando a la BD: 'NoneType' object has no attribute 'encode'
Error conectando a la BD: 'NoneType' object has no attribute 'encode'
Error conectando a la BD: 'NoneType' object has no attribute 'encode'
Error conectando a la BD: 'NoneType' object has no attribute 'encode'
Error conectando a la BD: 'NoneType' object has no attribute 'encode'
Error conectando a la BD: 'NoneType' object has no attribute 'encode'
Error conectando a la BD: 'NoneType' object has no attribute 'encode'
Se han leido correctamente los csv de 2018
Se han leido correctamente los csv de 2019
Se han leido correctamente los csv de 2020
Se han leido correctamente los csv de 2021
Se han leido correctamente los csv de 2022
Se han leido correctamente los csv de 2023
Se han leido correctamente los csv de 2024
Se ha leido correctamente el csv de 2025
Se han unido todos los csv
Se ha eliminado la columna correctamente
Transformando datos con Pandas...
Transformación completada. Filas resultantes: 9452232
Error en la ingesta SQL: name 'cur' is not defined
[2025-12-07T22:25:26.258+0000] {taskinstance.py:441} INFO - ::group::Post task execution logs
[2025-12-07T22:25:26.295+0000] {taskinstance.py:1206} INFO - Marking task as SUCCESS. dag_id=flujo_etl_completo, task_id=ingestion_madrid, run_id=scheduled__2025-12-07T21:00:00+00:00, execution_date=20251207T210000, start_date=20251207T222340, end_date=20251207T222526
[2025-12-07T22:25:26.338+0000] {local_task_job_runner.py:240} INFO - Task exited with return code 0
[2025-12-07T22:25:26.377+0000] {taskinstance.py:3498} INFO - 1 downstream tasks scheduled from follow-on schedule check
[2025-12-07T22:25:26.379+0000] {local_task_job_runner.py:222} INFO - ::endgroup::
[2025-12-07T22:37:13.038+0000] {local_task_job_runner.py:120} INFO - ::group::Pre task execution logs
[2025-12-07T22:37:13.084+0000] {taskinstance.py:2076} INFO - Dependencies all met for dep_context=non-requeueable deps ti=<TaskInstance: flujo_etl_completo.ingestion_madrid scheduled__2025-12-07T21:00:00+00:00 [queued]>
[2025-12-07T22:37:13.097+0000] {taskinstance.py:2076} INFO - Dependencies all met for dep_context=requeueable deps ti=<TaskInstance: flujo_etl_completo.ingestion_madrid scheduled__2025-12-07T21:00:00+00:00 [queued]>
[2025-12-07T22:37:13.098+0000] {taskinstance.py:2306} INFO - Starting attempt 1 of 1
[2025-12-07T22:37:13.119+0000] {taskinstance.py:2330} INFO - Executing <Task(DockerOperator): ingestion_madrid> on 2025-12-07 21:00:00+00:00
[2025-12-07T22:37:13.131+0000] {standard_task_runner.py:90} INFO - Running: ['***', 'tasks', 'run', 'flujo_etl_completo', 'ingestion_madrid', 'scheduled__2025-12-07T21:00:00+00:00', '--job-id', '3', '--raw', '--subdir', 'DAGS_FOLDER/pipeline_completo.py', '--cfg-path', '/tmp/tmpz0no47u4']
[2025-12-07T22:37:13.135+0000] {standard_task_runner.py:91} INFO - Job 3: Subtask ingestion_madrid
[2025-12-07T22:37:13.138+0000] {logging_mixin.py:188} WARNING - /home/***/.local/lib/python3.12/site-packages/***/task/task_runner/standard_task_runner.py:61 DeprecationWarning: This process (pid=175) is multi-threaded, use of fork() may lead to deadlocks in the child.
[2025-12-07T22:37:13.140+0000] {standard_task_runner.py:63} INFO - Started process 176 to run task
[2025-12-07T22:37:13.243+0000] {task_command.py:426} INFO - Running <TaskInstance: flujo_etl_completo.ingestion_madrid scheduled__2025-12-07T21:00:00+00:00 [running]> on host 260aacbb795a
[2025-12-07T22:37:13.385+0000] {taskinstance.py:2648} INFO - Exporting env vars: AIRFLOW_CTX_DAG_OWNER='tu_nombre' AIRFLOW_CTX_DAG_ID='flujo_etl_completo' AIRFLOW_CTX_TASK_ID='ingestion_madrid' AIRFLOW_CTX_EXECUTION_DATE='2025-12-07T21:00:00+00:00' AIRFLOW_CTX_TRY_NUMBER='1' AIRFLOW_CTX_DAG_RUN_ID='scheduled__2025-12-07T21:00:00+00:00'
[2025-12-07T22:37:13.387+0000] {taskinstance.py:430} INFO - ::endgroup::
[2025-12-07T22:37:13.591+0000] {docker.py:366} INFO - Starting docker container from image ingestion_datosmad:latest
[2025-12-07T22:38:39.739+0000] {docker.py:436} INFO - Error conectando a la BD: 'NoneType' object has no attribute 'encode'
Error conectando a la BD: 'NoneType' object has no attribute 'encode'
Error conectando a la BD: 'NoneType' object has no attribute 'encode'
Error conectando a la BD: 'NoneType' object has no attribute 'encode'
Error conectando a la BD: 'NoneType' object has no attribute 'encode'
Error conectando a la BD: 'NoneType' object has no attribute 'encode'
Error conectando a la BD: 'NoneType' object has no attribute 'encode'
Error conectando a la BD: 'NoneType' object has no attribute 'encode'
Error conectando a la BD: 'NoneType' object has no attribute 'encode'
Error conectando a la BD: 'NoneType' object has no attribute 'encode'
Se han leido correctamente los csv de 2018
Se han leido correctamente los csv de 2019
Se han leido correctamente los csv de 2020
Se han leido correctamente los csv de 2021
Se han leido correctamente los csv de 2022
Se han leido correctamente los csv de 2023
Se han leido correctamente los csv de 2024
Se ha leido correctamente el csv de 2025
Se han unido todos los csv
Se ha eliminado la columna correctamente
Transformando datos con Pandas...
Transformación completada. Filas resultantes: 9452232
Error en la ingesta SQL: name 'cur' is not defined
[2025-12-07T22:38:43.211+0000] {taskinstance.py:441} INFO - ::group::Post task execution logs
[2025-12-07T22:38:43.244+0000] {taskinstance.py:1206} INFO - Marking task as SUCCESS. dag_id=flujo_etl_completo, task_id=ingestion_madrid, run_id=scheduled__2025-12-07T21:00:00+00:00, execution_date=20251207T210000, start_date=20251207T223713, end_date=20251207T223843
[2025-12-07T22:38:43.273+0000] {local_task_job_runner.py:240} INFO - Task exited with return code 0
[2025-12-07T22:38:43.312+0000] {taskinstance.py:3498} INFO - 1 downstream tasks scheduled from follow-on schedule check
[2025-12-07T22:38:43.315+0000] {local_task_job_runner.py:222} INFO - ::endgroup::
[2025-12-07T22:52:14.547+0000] {local_task_job_runner.py:120} INFO - ::group::Pre task execution logs
[2025-12-07T22:52:14.586+0000] {taskinstance.py:2076} INFO - Dependencies all met for dep_context=non-requeueable deps ti=<TaskInstance: flujo_etl_completo.ingestion_madrid scheduled__2025-12-07T21:00:00+00:00 [queued]>
[2025-12-07T22:52:14.598+0000] {taskinstance.py:2076} INFO - Dependencies all met for dep_context=requeueable deps ti=<TaskInstance: flujo_etl_completo.ingestion_madrid scheduled__2025-12-07T21:00:00+00:00 [queued]>
[2025-12-07T22:52:14.599+0000] {taskinstance.py:2306} INFO - Starting attempt 1 of 1
[2025-12-07T22:52:14.613+0000] {taskinstance.py:2330} INFO - Executing <Task(DockerOperator): ingestion_madrid> on 2025-12-07 21:00:00+00:00
[2025-12-07T22:52:14.621+0000] {standard_task_runner.py:90} INFO - Running: ['***', 'tasks', 'run', 'flujo_etl_completo', 'ingestion_madrid', 'scheduled__2025-12-07T21:00:00+00:00', '--job-id', '3', '--raw', '--subdir', 'DAGS_FOLDER/pipeline_completo.py', '--cfg-path', '/tmp/tmpgc82z9m2']
[2025-12-07T22:52:14.624+0000] {logging_mixin.py:188} WARNING - /home/***/.local/lib/python3.12/site-packages/***/task/task_runner/standard_task_runner.py:61 DeprecationWarning: This process (pid=173) is multi-threaded, use of fork() may lead to deadlocks in the child.
[2025-12-07T22:52:14.624+0000] {standard_task_runner.py:91} INFO - Job 3: Subtask ingestion_madrid
[2025-12-07T22:52:14.625+0000] {standard_task_runner.py:63} INFO - Started process 176 to run task
[2025-12-07T22:52:14.708+0000] {task_command.py:426} INFO - Running <TaskInstance: flujo_etl_completo.ingestion_madrid scheduled__2025-12-07T21:00:00+00:00 [running]> on host f09fbdd5ee50
[2025-12-07T22:52:14.796+0000] {taskinstance.py:2648} INFO - Exporting env vars: AIRFLOW_CTX_DAG_OWNER='tu_nombre' AIRFLOW_CTX_DAG_ID='flujo_etl_completo' AIRFLOW_CTX_TASK_ID='ingestion_madrid' AIRFLOW_CTX_EXECUTION_DATE='2025-12-07T21:00:00+00:00' AIRFLOW_CTX_TRY_NUMBER='1' AIRFLOW_CTX_DAG_RUN_ID='scheduled__2025-12-07T21:00:00+00:00'
[2025-12-07T22:52:14.797+0000] {taskinstance.py:430} INFO - ::endgroup::
[2025-12-07T22:52:14.911+0000] {docker.py:366} INFO - Starting docker container from image ingestion_datosmad:latest
[2025-12-07T22:53:36.783+0000] {docker.py:436} INFO - Error conectando a la BD: 'NoneType' object has no attribute 'encode'
Error conectando a la BD: 'NoneType' object has no attribute 'encode'
Error conectando a la BD: 'NoneType' object has no attribute 'encode'
Error conectando a la BD: 'NoneType' object has no attribute 'encode'
Error conectando a la BD: 'NoneType' object has no attribute 'encode'
Error conectando a la BD: 'NoneType' object has no attribute 'encode'
Error conectando a la BD: 'NoneType' object has no attribute 'encode'
Error conectando a la BD: 'NoneType' object has no attribute 'encode'
Error conectando a la BD: 'NoneType' object has no attribute 'encode'
Error conectando a la BD: 'NoneType' object has no attribute 'encode'
Se han leido correctamente los csv de 2018
Se han leido correctamente los csv de 2019
Se han leido correctamente los csv de 2020
Se han leido correctamente los csv de 2021
Se han leido correctamente los csv de 2022
Se han leido correctamente los csv de 2023
Se han leido correctamente los csv de 2024
Se ha leido correctamente el csv de 2025
Se han unido todos los csv
Se ha eliminado la columna correctamente
Transformando datos con Pandas...
Transformación completada. Filas resultantes: 9452232
Error en la ingesta SQL: name 'cur' is not defined
[2025-12-07T22:53:39.829+0000] {taskinstance.py:441} INFO - ::group::Post task execution logs
[2025-12-07T22:53:39.879+0000] {taskinstance.py:1206} INFO - Marking task as SUCCESS. dag_id=flujo_etl_completo, task_id=ingestion_madrid, run_id=scheduled__2025-12-07T21:00:00+00:00, execution_date=20251207T210000, start_date=20251207T225214, end_date=20251207T225339
[2025-12-07T22:53:39.951+0000] {local_task_job_runner.py:240} INFO - Task exited with return code 0
[2025-12-07T22:53:39.970+0000] {local_task_job_runner.py:222} INFO - ::endgroup::
