[2025-12-07T20:00:25.742+0000] {local_task_job_runner.py:120} INFO - ::group::Pre task execution logs
[2025-12-07T20:00:25.785+0000] {taskinstance.py:2076} INFO - Dependencies all met for dep_context=non-requeueable deps ti=<TaskInstance: flujo_etl_completo.ingestion_general scheduled__2025-12-07T19:00:00+00:00 [queued]>
[2025-12-07T20:00:25.803+0000] {taskinstance.py:2076} INFO - Dependencies all met for dep_context=requeueable deps ti=<TaskInstance: flujo_etl_completo.ingestion_general scheduled__2025-12-07T19:00:00+00:00 [queued]>
[2025-12-07T20:00:25.806+0000] {taskinstance.py:2306} INFO - Starting attempt 1 of 1
[2025-12-07T20:00:25.827+0000] {taskinstance.py:2330} INFO - Executing <Task(DockerOperator): ingestion_general> on 2025-12-07 19:00:00+00:00
[2025-12-07T20:00:25.839+0000] {standard_task_runner.py:90} INFO - Running: ['***', 'tasks', 'run', 'flujo_etl_completo', 'ingestion_general', 'scheduled__2025-12-07T19:00:00+00:00', '--job-id', '3', '--raw', '--subdir', 'DAGS_FOLDER/pipeline_completo.py', '--cfg-path', '/tmp/tmpt5tng0xn']
[2025-12-07T20:00:25.843+0000] {logging_mixin.py:188} WARNING - /home/***/.local/lib/python3.12/site-packages/***/task/task_runner/standard_task_runner.py:61 DeprecationWarning: This process (pid=174) is multi-threaded, use of fork() may lead to deadlocks in the child.
[2025-12-07T20:00:25.848+0000] {standard_task_runner.py:91} INFO - Job 3: Subtask ingestion_general
[2025-12-07T20:00:25.853+0000] {standard_task_runner.py:63} INFO - Started process 175 to run task
[2025-12-07T20:00:26.021+0000] {task_command.py:426} INFO - Running <TaskInstance: flujo_etl_completo.ingestion_general scheduled__2025-12-07T19:00:00+00:00 [running]> on host 4b3be77b7531
[2025-12-07T20:00:26.107+0000] {taskinstance.py:2648} INFO - Exporting env vars: AIRFLOW_CTX_DAG_OWNER='tu_nombre' AIRFLOW_CTX_DAG_ID='flujo_etl_completo' AIRFLOW_CTX_TASK_ID='ingestion_general' AIRFLOW_CTX_EXECUTION_DATE='2025-12-07T19:00:00+00:00' AIRFLOW_CTX_TRY_NUMBER='1' AIRFLOW_CTX_DAG_RUN_ID='scheduled__2025-12-07T19:00:00+00:00'
[2025-12-07T20:00:26.111+0000] {taskinstance.py:430} INFO - ::endgroup::
[2025-12-07T20:00:26.269+0000] {docker.py:366} INFO - Starting docker container from image ingestion:latest
[2025-12-07T20:00:27.104+0000] {docker.py:436} INFO - Iniciando Script 1...
[2025-12-07T20:00:27.107+0000] {docker.py:436} INFO - Iniciando Script 2...
[2025-12-07T20:00:28.441+0000] {docker.py:436} INFO - --- Iniciando ejecución orquestada por Airflow ---
Descargando datos de Barcelona...
[2025-12-07T20:00:28.442+0000] {docker.py:436} INFO - --- Iniciando ejecución orquestada por Airflow ---
Descargando datos de Madrid...
[2025-12-07T20:00:29.010+0000] {docker.py:436} INFO - Transformando 99 registros.
[2025-12-07T20:00:29.019+0000] {docker.py:436} INFO - Transformando 122 registros (Wide -> Long)...
[2025-12-07T20:00:29.049+0000] {docker.py:436} INFO - Enviando 128 filas procesadas a la API de Barcelona...
[2025-12-07T20:00:29.052+0000] {docker.py:436} INFO - 
[2025-12-07T20:00:29.077+0000] {docker.py:436} INFO - Datos insertados correctamente de Barcelona.
[2025-12-07T20:00:29.081+0000] {docker.py:436} INFO - Procesamiento finalizado con éxito.
--- Fin del script ---
[2025-12-07T20:00:29.083+0000] {docker.py:436} INFO - Enviando 2440 filas procesadas a la API...
[2025-12-07T20:00:29.118+0000] {docker.py:436} INFO - Datos insertados correctamente.
[2025-12-07T20:00:29.124+0000] {docker.py:436} INFO - 
[2025-12-07T20:00:29.130+0000] {docker.py:436} INFO - Procesamiento finalizado con éxito.
[2025-12-07T20:00:29.134+0000] {docker.py:436} INFO - --- Fin del script ---
[2025-12-07T20:00:29.712+0000] {taskinstance.py:441} INFO - ::group::Post task execution logs
[2025-12-07T20:00:29.765+0000] {taskinstance.py:1206} INFO - Marking task as SUCCESS. dag_id=flujo_etl_completo, task_id=ingestion_general, run_id=scheduled__2025-12-07T19:00:00+00:00, execution_date=20251207T190000, start_date=20251207T200025, end_date=20251207T200029
[2025-12-07T20:00:29.814+0000] {local_task_job_runner.py:240} INFO - Task exited with return code 0
[2025-12-07T20:00:29.860+0000] {taskinstance.py:3498} INFO - 0 downstream tasks scheduled from follow-on schedule check
[2025-12-07T20:00:29.865+0000] {local_task_job_runner.py:222} INFO - ::endgroup::
[2025-12-07T20:14:06.926+0000] {local_task_job_runner.py:120} INFO - ::group::Pre task execution logs
[2025-12-07T20:14:06.961+0000] {taskinstance.py:2076} INFO - Dependencies all met for dep_context=non-requeueable deps ti=<TaskInstance: flujo_etl_completo.ingestion_general scheduled__2025-12-07T19:00:00+00:00 [queued]>
[2025-12-07T20:14:06.972+0000] {taskinstance.py:2076} INFO - Dependencies all met for dep_context=requeueable deps ti=<TaskInstance: flujo_etl_completo.ingestion_general scheduled__2025-12-07T19:00:00+00:00 [queued]>
[2025-12-07T20:14:06.973+0000] {taskinstance.py:2306} INFO - Starting attempt 1 of 1
[2025-12-07T20:14:06.990+0000] {taskinstance.py:2330} INFO - Executing <Task(DockerOperator): ingestion_general> on 2025-12-07 19:00:00+00:00
[2025-12-07T20:14:07.000+0000] {standard_task_runner.py:90} INFO - Running: ['***', 'tasks', 'run', 'flujo_etl_completo', 'ingestion_general', 'scheduled__2025-12-07T19:00:00+00:00', '--job-id', '3', '--raw', '--subdir', 'DAGS_FOLDER/pipeline_completo.py', '--cfg-path', '/tmp/tmp6vjd72tq']
[2025-12-07T20:14:07.003+0000] {standard_task_runner.py:91} INFO - Job 3: Subtask ingestion_general
[2025-12-07T20:14:07.003+0000] {logging_mixin.py:188} WARNING - /home/***/.local/lib/python3.12/site-packages/***/task/task_runner/standard_task_runner.py:61 DeprecationWarning: This process (pid=173) is multi-threaded, use of fork() may lead to deadlocks in the child.
[2025-12-07T20:14:07.004+0000] {standard_task_runner.py:63} INFO - Started process 175 to run task
[2025-12-07T20:14:07.112+0000] {task_command.py:426} INFO - Running <TaskInstance: flujo_etl_completo.ingestion_general scheduled__2025-12-07T19:00:00+00:00 [running]> on host c2805aac7eb7
[2025-12-07T20:14:07.199+0000] {taskinstance.py:2648} INFO - Exporting env vars: AIRFLOW_CTX_DAG_OWNER='tu_nombre' AIRFLOW_CTX_DAG_ID='flujo_etl_completo' AIRFLOW_CTX_TASK_ID='ingestion_general' AIRFLOW_CTX_EXECUTION_DATE='2025-12-07T19:00:00+00:00' AIRFLOW_CTX_TRY_NUMBER='1' AIRFLOW_CTX_DAG_RUN_ID='scheduled__2025-12-07T19:00:00+00:00'
[2025-12-07T20:14:07.200+0000] {taskinstance.py:430} INFO - ::endgroup::
[2025-12-07T20:14:07.352+0000] {docker.py:366} INFO - Starting docker container from image ingestion:latest
[2025-12-07T20:14:07.887+0000] {docker.py:436} INFO - Iniciando Script 1...
[2025-12-07T20:14:07.889+0000] {docker.py:436} INFO - Iniciando Script 2...
[2025-12-07T20:14:09.479+0000] {docker.py:436} INFO - --- Iniciando ejecución orquestada por Airflow ------ Iniciando ejecución orquestada por Airflow ---

Descargando datos de Madrid...
Descargando datos de Barcelona...
[2025-12-07T20:14:09.951+0000] {docker.py:436} INFO - Transformando 99 registros.
[2025-12-07T20:14:09.954+0000] {docker.py:436} INFO - Transformando 122 registros (Wide -> Long)...
[2025-12-07T20:14:09.988+0000] {docker.py:436} INFO - Enviando 128 filas procesadas a la API de Barcelona...
[2025-12-07T20:14:10.000+0000] {docker.py:436} INFO - Enviando 2440 filas procesadas a la API...
[2025-12-07T20:14:10.017+0000] {docker.py:436} INFO - Error API: {
  "error": "sending query failed: another command is already in progress"
}
[2025-12-07T20:14:10.020+0000] {docker.py:436} INFO - Procesamiento finalizado con éxito.
--- Fin del script ---
[2025-12-07T20:14:10.021+0000] {docker.py:436} INFO - Datos insertados correctamente de Barcelona.
[2025-12-07T20:14:10.024+0000] {docker.py:436} INFO - Procesamiento finalizado con éxito.
[2025-12-07T20:14:10.025+0000] {docker.py:436} INFO - --- Fin del script ---
[2025-12-07T20:14:10.544+0000] {taskinstance.py:441} INFO - ::group::Post task execution logs
[2025-12-07T20:14:10.595+0000] {taskinstance.py:1206} INFO - Marking task as SUCCESS. dag_id=flujo_etl_completo, task_id=ingestion_general, run_id=scheduled__2025-12-07T19:00:00+00:00, execution_date=20251207T190000, start_date=20251207T201406, end_date=20251207T201410
[2025-12-07T20:14:10.630+0000] {local_task_job_runner.py:240} INFO - Task exited with return code 0
[2025-12-07T20:14:10.674+0000] {taskinstance.py:3498} INFO - 0 downstream tasks scheduled from follow-on schedule check
[2025-12-07T20:14:10.679+0000] {local_task_job_runner.py:222} INFO - ::endgroup::
