[2025-12-07T20:00:25.748+0000] {local_task_job_runner.py:120} INFO - ::group::Pre task execution logs
[2025-12-07T20:00:25.792+0000] {taskinstance.py:2076} INFO - Dependencies all met for dep_context=non-requeueable deps ti=<TaskInstance: flujo_etl_completo.ingestion_madrid scheduled__2025-12-07T19:00:00+00:00 [queued]>
[2025-12-07T20:00:25.811+0000] {taskinstance.py:2076} INFO - Dependencies all met for dep_context=requeueable deps ti=<TaskInstance: flujo_etl_completo.ingestion_madrid scheduled__2025-12-07T19:00:00+00:00 [queued]>
[2025-12-07T20:00:25.821+0000] {taskinstance.py:2306} INFO - Starting attempt 1 of 1
[2025-12-07T20:00:25.848+0000] {taskinstance.py:2330} INFO - Executing <Task(DockerOperator): ingestion_madrid> on 2025-12-07 19:00:00+00:00
[2025-12-07T20:00:25.861+0000] {standard_task_runner.py:90} INFO - Running: ['***', 'tasks', 'run', 'flujo_etl_completo', 'ingestion_madrid', 'scheduled__2025-12-07T19:00:00+00:00', '--job-id', '2', '--raw', '--subdir', 'DAGS_FOLDER/pipeline_completo.py', '--cfg-path', '/tmp/tmpaxcaw1qi']
[2025-12-07T20:00:25.865+0000] {logging_mixin.py:188} WARNING - /home/***/.local/lib/python3.12/site-packages/***/task/task_runner/standard_task_runner.py:61 DeprecationWarning: This process (pid=173) is multi-threaded, use of fork() may lead to deadlocks in the child.
[2025-12-07T20:00:25.868+0000] {standard_task_runner.py:91} INFO - Job 2: Subtask ingestion_madrid
[2025-12-07T20:00:25.875+0000] {standard_task_runner.py:63} INFO - Started process 176 to run task
[2025-12-07T20:00:26.021+0000] {task_command.py:426} INFO - Running <TaskInstance: flujo_etl_completo.ingestion_madrid scheduled__2025-12-07T19:00:00+00:00 [running]> on host 4b3be77b7531
[2025-12-07T20:00:26.108+0000] {taskinstance.py:2648} INFO - Exporting env vars: AIRFLOW_CTX_DAG_OWNER='tu_nombre' AIRFLOW_CTX_DAG_ID='flujo_etl_completo' AIRFLOW_CTX_TASK_ID='ingestion_madrid' AIRFLOW_CTX_EXECUTION_DATE='2025-12-07T19:00:00+00:00' AIRFLOW_CTX_TRY_NUMBER='1' AIRFLOW_CTX_DAG_RUN_ID='scheduled__2025-12-07T19:00:00+00:00'
[2025-12-07T20:00:26.111+0000] {taskinstance.py:430} INFO - ::endgroup::
[2025-12-07T20:00:26.252+0000] {docker.py:366} INFO - Starting docker container from image ingestion_datosmad:latest
[2025-12-07T20:01:58.528+0000] {docker.py:436} INFO - Error conectando a la BD: 'NoneType' object has no attribute 'encode'
Error conectando a la BD: 'NoneType' object has no attribute 'encode'
Error conectando a la BD: 'NoneType' object has no attribute 'encode'
Error conectando a la BD: 'NoneType' object has no attribute 'encode'
Error conectando a la BD: 'NoneType' object has no attribute 'encode'
Error conectando a la BD: 'NoneType' object has no attribute 'encode'
Error conectando a la BD: 'NoneType' object has no attribute 'encode'
Error conectando a la BD: 'NoneType' object has no attribute 'encode'
Error conectando a la BD: 'NoneType' object has no attribute 'encode'
Error conectando a la BD: 'NoneType' object has no attribute 'encode'
Se han leido correctamente los csv de 2018
Se han leido correctamente los csv de 2019
Se han leido correctamente los csv de 2020
Se han leido correctamente los csv de 2021
Se han leido correctamente los csv de 2022
Se han leido correctamente los csv de 2023
Se han leido correctamente los csv de 2024
Se ha leido correctamente el csv de 2025
Se han unido todos los csv
Se ha eliminado la columna correctamente
Transformando datos con Pandas...
Transformación completada. Filas resultantes: 9452232
Error en la ingesta SQL: name 'cur' is not defined
[2025-12-07T20:02:01.205+0000] {taskinstance.py:441} INFO - ::group::Post task execution logs
[2025-12-07T20:02:01.241+0000] {taskinstance.py:1206} INFO - Marking task as SUCCESS. dag_id=flujo_etl_completo, task_id=ingestion_madrid, run_id=scheduled__2025-12-07T19:00:00+00:00, execution_date=20251207T190000, start_date=20251207T200025, end_date=20251207T200201
[2025-12-07T20:02:01.275+0000] {local_task_job_runner.py:240} INFO - Task exited with return code 0
[2025-12-07T20:02:01.315+0000] {taskinstance.py:3498} INFO - 1 downstream tasks scheduled from follow-on schedule check
[2025-12-07T20:02:01.317+0000] {local_task_job_runner.py:222} INFO - ::endgroup::
[2025-12-07T20:14:06.931+0000] {local_task_job_runner.py:120} INFO - ::group::Pre task execution logs
[2025-12-07T20:14:06.964+0000] {taskinstance.py:2076} INFO - Dependencies all met for dep_context=non-requeueable deps ti=<TaskInstance: flujo_etl_completo.ingestion_madrid scheduled__2025-12-07T19:00:00+00:00 [queued]>
[2025-12-07T20:14:06.975+0000] {taskinstance.py:2076} INFO - Dependencies all met for dep_context=requeueable deps ti=<TaskInstance: flujo_etl_completo.ingestion_madrid scheduled__2025-12-07T19:00:00+00:00 [queued]>
[2025-12-07T20:14:06.976+0000] {taskinstance.py:2306} INFO - Starting attempt 1 of 1
[2025-12-07T20:14:06.991+0000] {taskinstance.py:2330} INFO - Executing <Task(DockerOperator): ingestion_madrid> on 2025-12-07 19:00:00+00:00
[2025-12-07T20:14:07.000+0000] {standard_task_runner.py:90} INFO - Running: ['***', 'tasks', 'run', 'flujo_etl_completo', 'ingestion_madrid', 'scheduled__2025-12-07T19:00:00+00:00', '--job-id', '2', '--raw', '--subdir', 'DAGS_FOLDER/pipeline_completo.py', '--cfg-path', '/tmp/tmp2prljtqn']
[2025-12-07T20:14:07.004+0000] {standard_task_runner.py:91} INFO - Job 2: Subtask ingestion_madrid
[2025-12-07T20:14:07.004+0000] {logging_mixin.py:188} WARNING - /home/***/.local/lib/python3.12/site-packages/***/task/task_runner/standard_task_runner.py:61 DeprecationWarning: This process (pid=172) is multi-threaded, use of fork() may lead to deadlocks in the child.
[2025-12-07T20:14:07.005+0000] {standard_task_runner.py:63} INFO - Started process 174 to run task
[2025-12-07T20:14:07.113+0000] {task_command.py:426} INFO - Running <TaskInstance: flujo_etl_completo.ingestion_madrid scheduled__2025-12-07T19:00:00+00:00 [running]> on host c2805aac7eb7
[2025-12-07T20:14:07.199+0000] {taskinstance.py:2648} INFO - Exporting env vars: AIRFLOW_CTX_DAG_OWNER='tu_nombre' AIRFLOW_CTX_DAG_ID='flujo_etl_completo' AIRFLOW_CTX_TASK_ID='ingestion_madrid' AIRFLOW_CTX_EXECUTION_DATE='2025-12-07T19:00:00+00:00' AIRFLOW_CTX_TRY_NUMBER='1' AIRFLOW_CTX_DAG_RUN_ID='scheduled__2025-12-07T19:00:00+00:00'
[2025-12-07T20:14:07.200+0000] {taskinstance.py:430} INFO - ::endgroup::
[2025-12-07T20:14:07.331+0000] {docker.py:366} INFO - Starting docker container from image ingestion_datosmad:latest
[2025-12-07T20:15:35.636+0000] {docker.py:436} INFO - Error conectando a la BD: 'NoneType' object has no attribute 'encode'
Error conectando a la BD: 'NoneType' object has no attribute 'encode'
Error conectando a la BD: 'NoneType' object has no attribute 'encode'
Error conectando a la BD: 'NoneType' object has no attribute 'encode'
Error conectando a la BD: 'NoneType' object has no attribute 'encode'
Error conectando a la BD: 'NoneType' object has no attribute 'encode'
Error conectando a la BD: 'NoneType' object has no attribute 'encode'
Error conectando a la BD: 'NoneType' object has no attribute 'encode'
Error conectando a la BD: 'NoneType' object has no attribute 'encode'
Error conectando a la BD: 'NoneType' object has no attribute 'encode'
Se han leido correctamente los csv de 2018
Se han leido correctamente los csv de 2019
Se han leido correctamente los csv de 2020
Se han leido correctamente los csv de 2021
Se han leido correctamente los csv de 2022
Se han leido correctamente los csv de 2023
Se han leido correctamente los csv de 2024
Se ha leido correctamente el csv de 2025
Se han unido todos los csv
Se ha eliminado la columna correctamente
Transformando datos con Pandas...
Transformación completada. Filas resultantes: 9452232
Error en la ingesta SQL: name 'cur' is not defined
[2025-12-07T20:15:38.987+0000] {taskinstance.py:441} INFO - ::group::Post task execution logs
[2025-12-07T20:15:39.028+0000] {taskinstance.py:1206} INFO - Marking task as SUCCESS. dag_id=flujo_etl_completo, task_id=ingestion_madrid, run_id=scheduled__2025-12-07T19:00:00+00:00, execution_date=20251207T190000, start_date=20251207T201406, end_date=20251207T201539
[2025-12-07T20:15:39.072+0000] {local_task_job_runner.py:240} INFO - Task exited with return code 0
[2025-12-07T20:15:39.121+0000] {taskinstance.py:3498} INFO - 1 downstream tasks scheduled from follow-on schedule check
[2025-12-07T20:15:39.122+0000] {local_task_job_runner.py:222} INFO - ::endgroup::
