[2025-12-07T18:41:06.413+0000] {local_task_job_runner.py:120} INFO - ::group::Pre task execution logs
[2025-12-07T18:41:06.469+0000] {taskinstance.py:2076} INFO - Dependencies all met for dep_context=non-requeueable deps ti=<TaskInstance: flujo_etl_completo.dbt_transformacion manual__2025-12-07T18:38:52+00:00 [queued]>
[2025-12-07T18:41:06.483+0000] {taskinstance.py:2076} INFO - Dependencies all met for dep_context=requeueable deps ti=<TaskInstance: flujo_etl_completo.dbt_transformacion manual__2025-12-07T18:38:52+00:00 [queued]>
[2025-12-07T18:41:06.485+0000] {taskinstance.py:2306} INFO - Starting attempt 1 of 1
[2025-12-07T18:41:06.506+0000] {taskinstance.py:2330} INFO - Executing <Task(DockerOperator): dbt_transformacion> on 2025-12-07 18:38:52+00:00
[2025-12-07T18:41:06.516+0000] {standard_task_runner.py:90} INFO - Running: ['***', 'tasks', 'run', 'flujo_etl_completo', 'dbt_transformacion', 'manual__2025-12-07T18:38:52+00:00', '--job-id', '6', '--raw', '--subdir', 'DAGS_FOLDER/pipeline_completo.py', '--cfg-path', '/tmp/tmp9zo5f7kn']
[2025-12-07T18:41:06.519+0000] {logging_mixin.py:188} WARNING - /home/***/.local/lib/python3.12/site-packages/***/task/task_runner/standard_task_runner.py:61 DeprecationWarning: This process (pid=201) is multi-threaded, use of fork() may lead to deadlocks in the child.
[2025-12-07T18:41:06.523+0000] {standard_task_runner.py:91} INFO - Job 6: Subtask dbt_transformacion
[2025-12-07T18:41:06.527+0000] {standard_task_runner.py:63} INFO - Started process 202 to run task
[2025-12-07T18:41:06.653+0000] {task_command.py:426} INFO - Running <TaskInstance: flujo_etl_completo.dbt_transformacion manual__2025-12-07T18:38:52+00:00 [running]> on host 879c956131a7
[2025-12-07T18:41:06.723+0000] {abstractoperator.py:725} ERROR - Exception rendering Jinja template for task 'dbt_transformacion', field 'command'. Template: './ejecutar.sh'
Traceback (most recent call last):
  File "/home/airflow/.local/lib/python3.12/site-packages/airflow/models/abstractoperator.py", line 717, in _do_render_template_fields
    rendered_content = self.render_template(
                       ^^^^^^^^^^^^^^^^^^^^^
  File "/home/airflow/.local/lib/python3.12/site-packages/airflow/template/templater.py", line 166, in render_template
    template = jinja_env.get_template(value)
               ^^^^^^^^^^^^^^^^^^^^^^^^^^^^^
  File "/home/airflow/.local/lib/python3.12/site-packages/jinja2/environment.py", line 1010, in get_template
    return self._load_template(name, globals)
           ^^^^^^^^^^^^^^^^^^^^^^^^^^^^^^^^^^
  File "/home/airflow/.local/lib/python3.12/site-packages/jinja2/environment.py", line 969, in _load_template
    template = self.loader.load(self, name, self.make_globals(globals))
               ^^^^^^^^^^^^^^^^^^^^^^^^^^^^^^^^^^^^^^^^^^^^^^^^^^^^^^^^
  File "/home/airflow/.local/lib/python3.12/site-packages/jinja2/loaders.py", line 125, in load
    source, filename, uptodate = self.get_source(environment, name)
                                 ^^^^^^^^^^^^^^^^^^^^^^^^^^^^^^^^^^
  File "/home/airflow/.local/lib/python3.12/site-packages/jinja2/loaders.py", line 204, in get_source
    raise TemplateNotFound(template)
jinja2.exceptions.TemplateNotFound: ./ejecutar.sh
[2025-12-07T18:41:06.730+0000] {taskinstance.py:2905} ERROR - Task failed with exception
Traceback (most recent call last):
  File "/home/airflow/.local/lib/python3.12/site-packages/airflow/models/taskinstance.py", line 2479, in _run_raw_task
    self._execute_task_with_callbacks(context, test_mode, session=session)
  File "/home/airflow/.local/lib/python3.12/site-packages/airflow/models/taskinstance.py", line 2633, in _execute_task_with_callbacks
    task_orig = self.render_templates(context=context, jinja_env=jinja_env)
                ^^^^^^^^^^^^^^^^^^^^^^^^^^^^^^^^^^^^^^^^^^^^^^^^^^^^^^^^^^^
  File "/home/airflow/.local/lib/python3.12/site-packages/airflow/models/taskinstance.py", line 3094, in render_templates
    original_task.render_template_fields(context, jinja_env)
  File "/home/airflow/.local/lib/python3.12/site-packages/airflow/models/baseoperator.py", line 1336, in render_template_fields
    self._do_render_template_fields(self, self.template_fields, context, jinja_env, set())
  File "/home/airflow/.local/lib/python3.12/site-packages/airflow/models/abstractoperator.py", line 717, in _do_render_template_fields
    rendered_content = self.render_template(
                       ^^^^^^^^^^^^^^^^^^^^^
  File "/home/airflow/.local/lib/python3.12/site-packages/airflow/template/templater.py", line 166, in render_template
    template = jinja_env.get_template(value)
               ^^^^^^^^^^^^^^^^^^^^^^^^^^^^^
  File "/home/airflow/.local/lib/python3.12/site-packages/jinja2/environment.py", line 1010, in get_template
    return self._load_template(name, globals)
           ^^^^^^^^^^^^^^^^^^^^^^^^^^^^^^^^^^
  File "/home/airflow/.local/lib/python3.12/site-packages/jinja2/environment.py", line 969, in _load_template
    template = self.loader.load(self, name, self.make_globals(globals))
               ^^^^^^^^^^^^^^^^^^^^^^^^^^^^^^^^^^^^^^^^^^^^^^^^^^^^^^^^
  File "/home/airflow/.local/lib/python3.12/site-packages/jinja2/loaders.py", line 125, in load
    source, filename, uptodate = self.get_source(environment, name)
                                 ^^^^^^^^^^^^^^^^^^^^^^^^^^^^^^^^^^
  File "/home/airflow/.local/lib/python3.12/site-packages/jinja2/loaders.py", line 204, in get_source
    raise TemplateNotFound(template)
jinja2.exceptions.TemplateNotFound: ./ejecutar.sh
[2025-12-07T18:41:06.747+0000] {taskinstance.py:1206} INFO - Marking task as FAILED. dag_id=flujo_etl_completo, task_id=dbt_transformacion, run_id=manual__2025-12-07T18:38:52+00:00, execution_date=20251207T183852, start_date=20251207T184106, end_date=20251207T184106
[2025-12-07T18:41:06.765+0000] {standard_task_runner.py:110} ERROR - Failed to execute job 6 for task dbt_transformacion (./ejecutar.sh; 202)
[2025-12-07T18:41:06.792+0000] {local_task_job_runner.py:240} INFO - Task exited with return code 1
[2025-12-07T18:41:06.831+0000] {taskinstance.py:3498} INFO - 0 downstream tasks scheduled from follow-on schedule check
[2025-12-07T18:41:06.842+0000] {local_task_job_runner.py:222} INFO - ::endgroup::
