[2025-12-07T23:08:34.416+0000] {local_task_job_runner.py:120} INFO - ::group::Pre task execution logs
[2025-12-07T23:08:34.480+0000] {taskinstance.py:2076} INFO - Dependencies all met for dep_context=non-requeueable deps ti=<TaskInstance: flujo_etl_completo.generar_alertas scheduled__2025-12-07T22:00:00+00:00 [queued]>
[2025-12-07T23:08:34.499+0000] {taskinstance.py:2076} INFO - Dependencies all met for dep_context=requeueable deps ti=<TaskInstance: flujo_etl_completo.generar_alertas scheduled__2025-12-07T22:00:00+00:00 [queued]>
[2025-12-07T23:08:34.500+0000] {taskinstance.py:2306} INFO - Starting attempt 1 of 1
[2025-12-07T23:08:34.536+0000] {taskinstance.py:2330} INFO - Executing <Task(DockerOperator): generar_alertas> on 2025-12-07 22:00:00+00:00
[2025-12-07T23:08:34.567+0000] {logging_mixin.py:188} WARNING - /home/***/.local/lib/python3.12/site-packages/***/task/task_runner/standard_task_runner.py:61 DeprecationWarning: This process (pid=195) is multi-threaded, use of fork() may lead to deadlocks in the child.
[2025-12-07T23:08:34.564+0000] {standard_task_runner.py:90} INFO - Running: ['***', 'tasks', 'run', 'flujo_etl_completo', 'generar_alertas', 'scheduled__2025-12-07T22:00:00+00:00', '--job-id', '5', '--raw', '--subdir', 'DAGS_FOLDER/pipeline_completo.py', '--cfg-path', '/tmp/tmpk50cj8ti']
[2025-12-07T23:08:34.569+0000] {standard_task_runner.py:63} INFO - Started process 196 to run task
[2025-12-07T23:08:34.570+0000] {standard_task_runner.py:91} INFO - Job 5: Subtask generar_alertas
[2025-12-07T23:08:34.669+0000] {task_command.py:426} INFO - Running <TaskInstance: flujo_etl_completo.generar_alertas scheduled__2025-12-07T22:00:00+00:00 [running]> on host 8ed38d22ea6f
[2025-12-07T23:08:34.803+0000] {taskinstance.py:2648} INFO - Exporting env vars: AIRFLOW_CTX_DAG_OWNER='tu_nombre' AIRFLOW_CTX_DAG_ID='flujo_etl_completo' AIRFLOW_CTX_TASK_ID='generar_alertas' AIRFLOW_CTX_EXECUTION_DATE='2025-12-07T22:00:00+00:00' AIRFLOW_CTX_TRY_NUMBER='1' AIRFLOW_CTX_DAG_RUN_ID='scheduled__2025-12-07T22:00:00+00:00'
[2025-12-07T23:08:34.805+0000] {taskinstance.py:430} INFO - ::endgroup::
[2025-12-07T23:08:34.955+0000] {docker.py:366} INFO - Starting docker container from image alertas_pob_general:latest
[2025-12-07T23:17:57.782+0000] {local_task_job_runner.py:124} ERROR - Received SIGTERM. Terminating subprocesses
[2025-12-07T23:17:57.800+0000] {process_utils.py:132} INFO - Sending 15 to group 196. PIDs of all processes in the group: [196]
[2025-12-07T23:17:57.805+0000] {process_utils.py:87} INFO - Sending the signal 15 to group 196
[2025-12-07T23:17:57.809+0000] {taskinstance.py:2611} ERROR - Received SIGTERM. Terminating subprocesses.
[2025-12-07T23:17:57.812+0000] {docker.py:528} INFO - Stopping docker container
[2025-12-07T23:18:01.264+0000] {local_task_job_runner.py:124} ERROR - Received SIGTERM. Terminating subprocesses
[2025-12-07T23:18:01.266+0000] {process_utils.py:132} INFO - Sending 15 to group 196. PIDs of all processes in the group: [196]
[2025-12-07T23:18:01.267+0000] {process_utils.py:87} INFO - Sending the signal 15 to group 196
