[2025-12-07T19:18:14.896+0000] {local_task_job_runner.py:120} INFO - ::group::Pre task execution logs
[2025-12-07T19:18:14.929+0000] {taskinstance.py:2076} INFO - Dependencies all met for dep_context=non-requeueable deps ti=<TaskInstance: flujo_etl_completo.ingestion_general manual__2025-12-07T19:17:18+00:00 [queued]>
[2025-12-07T19:18:14.938+0000] {taskinstance.py:2076} INFO - Dependencies all met for dep_context=requeueable deps ti=<TaskInstance: flujo_etl_completo.ingestion_general manual__2025-12-07T19:17:18+00:00 [queued]>
[2025-12-07T19:18:14.940+0000] {taskinstance.py:2306} INFO - Starting attempt 1 of 1
[2025-12-07T19:18:14.955+0000] {taskinstance.py:2330} INFO - Executing <Task(DockerOperator): ingestion_general> on 2025-12-07 19:17:18+00:00
[2025-12-07T19:18:14.965+0000] {standard_task_runner.py:90} INFO - Running: ['***', 'tasks', 'run', 'flujo_etl_completo', 'ingestion_general', 'manual__2025-12-07T19:17:18+00:00', '--job-id', '2', '--raw', '--subdir', 'DAGS_FOLDER/pipeline_completo.py', '--cfg-path', '/tmp/tmpaz3y8ts8']
[2025-12-07T19:18:14.968+0000] {logging_mixin.py:188} WARNING - /home/***/.local/lib/python3.12/site-packages/***/task/task_runner/standard_task_runner.py:61 DeprecationWarning: This process (pid=183) is multi-threaded, use of fork() may lead to deadlocks in the child.
[2025-12-07T19:18:14.969+0000] {standard_task_runner.py:91} INFO - Job 2: Subtask ingestion_general
[2025-12-07T19:18:14.970+0000] {standard_task_runner.py:63} INFO - Started process 190 to run task
[2025-12-07T19:18:15.051+0000] {task_command.py:426} INFO - Running <TaskInstance: flujo_etl_completo.ingestion_general manual__2025-12-07T19:17:18+00:00 [running]> on host c789b5fcdbdb
[2025-12-07T19:18:15.128+0000] {taskinstance.py:2648} INFO - Exporting env vars: AIRFLOW_CTX_DAG_OWNER='tu_nombre' AIRFLOW_CTX_DAG_ID='flujo_etl_completo' AIRFLOW_CTX_TASK_ID='ingestion_general' AIRFLOW_CTX_EXECUTION_DATE='2025-12-07T19:17:18+00:00' AIRFLOW_CTX_TRY_NUMBER='1' AIRFLOW_CTX_DAG_RUN_ID='manual__2025-12-07T19:17:18+00:00'
[2025-12-07T19:18:15.129+0000] {taskinstance.py:430} INFO - ::endgroup::
[2025-12-07T19:18:15.213+0000] {docker.py:493} INFO - Pulling docker image ingestion:latest
[2025-12-07T19:18:15.999+0000] {taskinstance.py:441} INFO - ::group::Post task execution logs
[2025-12-07T19:18:16.000+0000] {taskinstance.py:2905} ERROR - Task failed with exception
Traceback (most recent call last):
  File "/home/airflow/.local/lib/python3.12/site-packages/docker/api/client.py", line 265, in _raise_for_status
    response.raise_for_status()
  File "/home/airflow/.local/lib/python3.12/site-packages/requests/models.py", line 1021, in raise_for_status
    raise HTTPError(http_error_msg, response=self)
requests.exceptions.HTTPError: 404 Client Error: Not Found for url: http+docker://localhost/v1.51/images/create?tag=latest&fromImage=ingestion

The above exception was the direct cause of the following exception:

Traceback (most recent call last):
  File "/home/airflow/.local/lib/python3.12/site-packages/airflow/models/taskinstance.py", line 465, in _execute_task
    result = _execute_callable(context=context, **execute_callable_kwargs)
             ^^^^^^^^^^^^^^^^^^^^^^^^^^^^^^^^^^^^^^^^^^^^^^^^^^^^^^^^^^^^^
  File "/home/airflow/.local/lib/python3.12/site-packages/airflow/models/taskinstance.py", line 432, in _execute_callable
    return execute_callable(context=context, **execute_callable_kwargs)
           ^^^^^^^^^^^^^^^^^^^^^^^^^^^^^^^^^^^^^^^^^^^^^^^^^^^^^^^^^^^^
  File "/home/airflow/.local/lib/python3.12/site-packages/airflow/models/baseoperator.py", line 400, in wrapper
    return func(self, *args, **kwargs)
           ^^^^^^^^^^^^^^^^^^^^^^^^^^^
  File "/home/airflow/.local/lib/python3.12/site-packages/airflow/providers/docker/operators/docker.py", line 495, in execute
    for output in self.cli.pull(self.image, stream=True, decode=True):
                  ^^^^^^^^^^^^^^^^^^^^^^^^^^^^^^^^^^^^^^^^^^^^^^^^^^^
  File "/home/airflow/.local/lib/python3.12/site-packages/docker/api/image.py", line 429, in pull
    self._raise_for_status(response)
  File "/home/airflow/.local/lib/python3.12/site-packages/docker/api/client.py", line 267, in _raise_for_status
    raise create_api_error_from_http_exception(e) from e
          ^^^^^^^^^^^^^^^^^^^^^^^^^^^^^^^^^^^^^^^
  File "/home/airflow/.local/lib/python3.12/site-packages/docker/errors.py", line 39, in create_api_error_from_http_exception
    raise cls(e, response=response, explanation=explanation) from e
docker.errors.ImageNotFound: 404 Client Error for http+docker://localhost/v1.51/images/create?tag=latest&fromImage=ingestion: Not Found ("pull access denied for ingestion, repository does not exist or may require 'docker login'")
[2025-12-07T19:18:16.015+0000] {taskinstance.py:1206} INFO - Marking task as FAILED. dag_id=flujo_etl_completo, task_id=ingestion_general, run_id=manual__2025-12-07T19:17:18+00:00, execution_date=20251207T191718, start_date=20251207T191814, end_date=20251207T191816
[2025-12-07T19:18:16.029+0000] {standard_task_runner.py:110} ERROR - Failed to execute job 2 for task ingestion_general (404 Client Error for http+docker://localhost/v1.51/images/create?tag=latest&fromImage=ingestion: Not Found ("pull access denied for ingestion, repository does not exist or may require 'docker login'"); 190)
[2025-12-07T19:18:16.068+0000] {local_task_job_runner.py:240} INFO - Task exited with return code 1
[2025-12-07T19:18:16.088+0000] {local_task_job_runner.py:222} INFO - ::endgroup::
