[2025-12-07T21:15:51.076+0000] {local_task_job_runner.py:120} INFO - ::group::Pre task execution logs
[2025-12-07T21:15:51.109+0000] {taskinstance.py:2076} INFO - Dependencies all met for dep_context=non-requeueable deps ti=<TaskInstance: flujo_etl_completo.ingestion_general manual__2025-12-07T21:15:49+00:00 [queued]>
[2025-12-07T21:15:51.119+0000] {taskinstance.py:2076} INFO - Dependencies all met for dep_context=requeueable deps ti=<TaskInstance: flujo_etl_completo.ingestion_general manual__2025-12-07T21:15:49+00:00 [queued]>
[2025-12-07T21:15:51.120+0000] {taskinstance.py:2306} INFO - Starting attempt 1 of 2
[2025-12-07T21:15:51.135+0000] {taskinstance.py:2330} INFO - Executing <Task(DockerOperator): ingestion_general> on 2025-12-07 21:15:49+00:00
[2025-12-07T21:15:51.143+0000] {standard_task_runner.py:90} INFO - Running: ['***', 'tasks', 'run', 'flujo_etl_completo', 'ingestion_general', 'manual__2025-12-07T21:15:49+00:00', '--job-id', '5', '--raw', '--subdir', 'DAGS_FOLDER/pipeline_completo.py', '--cfg-path', '/tmp/tmpz_nn8dhl']
[2025-12-07T21:15:51.146+0000] {standard_task_runner.py:91} INFO - Job 5: Subtask ingestion_general
[2025-12-07T21:15:51.146+0000] {logging_mixin.py:188} WARNING - /home/***/.local/lib/python3.12/site-packages/***/task/task_runner/standard_task_runner.py:61 DeprecationWarning: This process (pid=183) is multi-threaded, use of fork() may lead to deadlocks in the child.
[2025-12-07T21:15:51.147+0000] {standard_task_runner.py:63} INFO - Started process 184 to run task
[2025-12-07T21:15:51.231+0000] {task_command.py:426} INFO - Running <TaskInstance: flujo_etl_completo.ingestion_general manual__2025-12-07T21:15:49+00:00 [running]> on host b39cb6c969b2
[2025-12-07T21:15:51.304+0000] {taskinstance.py:2648} INFO - Exporting env vars: AIRFLOW_CTX_DAG_OWNER='tu_nombre' AIRFLOW_CTX_DAG_ID='flujo_etl_completo' AIRFLOW_CTX_TASK_ID='ingestion_general' AIRFLOW_CTX_EXECUTION_DATE='2025-12-07T21:15:49+00:00' AIRFLOW_CTX_TRY_NUMBER='1' AIRFLOW_CTX_DAG_RUN_ID='manual__2025-12-07T21:15:49+00:00'
[2025-12-07T21:15:51.305+0000] {taskinstance.py:430} INFO - ::endgroup::
[2025-12-07T21:15:51.425+0000] {docker.py:366} INFO - Starting docker container from image ingestion:latest
[2025-12-07T21:15:51.898+0000] {docker.py:436} INFO - Iniciando Script 1...
[2025-12-07T21:15:51.900+0000] {docker.py:436} INFO - Iniciando Script 2...
[2025-12-07T21:15:52.613+0000] {docker.py:436} INFO - --- Iniciando ejecución orquestada por Airflow ---
Descargando datos de Madrid...
[2025-12-07T21:15:52.679+0000] {docker.py:436} INFO - --- Iniciando ejecución orquestada por Airflow ---
Descargando datos de Barcelona...
[2025-12-07T21:15:53.044+0000] {docker.py:436} INFO - Transformando 99 registros.
[2025-12-07T21:15:53.077+0000] {docker.py:436} INFO - Enviando 128 filas procesadas a la API de Barcelona...
[2025-12-07T21:15:53.093+0000] {docker.py:436} INFO - Datos insertados correctamente de Barcelona.
[2025-12-07T21:15:53.094+0000] {docker.py:436} INFO - Procesamiento finalizado con éxito.
--- Fin del script ---
[2025-12-07T21:15:53.175+0000] {docker.py:436} INFO - Transformando 122 registros (Wide -> Long)...
[2025-12-07T21:15:53.207+0000] {docker.py:436} INFO - Enviando 2562 filas procesadas a la API...
[2025-12-07T21:15:53.228+0000] {docker.py:436} INFO - Datos insertados correctamente.
[2025-12-07T21:15:53.230+0000] {docker.py:436} INFO - Procesamiento finalizado con éxito.
--- Fin del script ---
[2025-12-07T21:15:53.557+0000] {taskinstance.py:441} INFO - ::group::Post task execution logs
[2025-12-07T21:15:53.594+0000] {taskinstance.py:1206} INFO - Marking task as SUCCESS. dag_id=flujo_etl_completo, task_id=ingestion_general, run_id=manual__2025-12-07T21:15:49+00:00, execution_date=20251207T211549, start_date=20251207T211551, end_date=20251207T211553
[2025-12-07T21:15:53.656+0000] {local_task_job_runner.py:240} INFO - Task exited with return code 0
[2025-12-07T21:15:53.683+0000] {taskinstance.py:3498} INFO - 0 downstream tasks scheduled from follow-on schedule check
[2025-12-07T21:15:53.686+0000] {local_task_job_runner.py:222} INFO - ::endgroup::
