[2025-12-07T19:41:58.044+0000] {local_task_job_runner.py:120} INFO - ::group::Pre task execution logs
[2025-12-07T19:41:58.088+0000] {taskinstance.py:2076} INFO - Dependencies all met for dep_context=non-requeueable deps ti=<TaskInstance: flujo_etl_completo.dbt_transformacion scheduled__2025-12-07T18:00:00+00:00 [queued]>
[2025-12-07T19:41:58.098+0000] {taskinstance.py:2076} INFO - Dependencies all met for dep_context=requeueable deps ti=<TaskInstance: flujo_etl_completo.dbt_transformacion scheduled__2025-12-07T18:00:00+00:00 [queued]>
[2025-12-07T19:41:58.099+0000] {taskinstance.py:2306} INFO - Starting attempt 1 of 1
[2025-12-07T19:41:58.115+0000] {taskinstance.py:2330} INFO - Executing <Task(DockerOperator): dbt_transformacion> on 2025-12-07 18:00:00+00:00
[2025-12-07T19:41:58.122+0000] {standard_task_runner.py:90} INFO - Running: ['***', 'tasks', 'run', 'flujo_etl_completo', 'dbt_transformacion', 'scheduled__2025-12-07T18:00:00+00:00', '--job-id', '6', '--raw', '--subdir', 'DAGS_FOLDER/pipeline_completo.py', '--cfg-path', '/tmp/tmpkx6of_2i']
[2025-12-07T19:41:58.125+0000] {logging_mixin.py:188} WARNING - /home/***/.local/lib/python3.12/site-packages/***/task/task_runner/standard_task_runner.py:61 DeprecationWarning: This process (pid=196) is multi-threaded, use of fork() may lead to deadlocks in the child.
[2025-12-07T19:41:58.125+0000] {standard_task_runner.py:91} INFO - Job 6: Subtask dbt_transformacion
[2025-12-07T19:41:58.126+0000] {standard_task_runner.py:63} INFO - Started process 197 to run task
[2025-12-07T19:41:58.208+0000] {task_command.py:426} INFO - Running <TaskInstance: flujo_etl_completo.dbt_transformacion scheduled__2025-12-07T18:00:00+00:00 [running]> on host 7b1ba78ab7b7
[2025-12-07T19:41:58.252+0000] {abstractoperator.py:725} ERROR - Exception rendering Jinja template for task 'dbt_transformacion', field 'command'. Template: './ejecutar.sh'
Traceback (most recent call last):
  File "/home/airflow/.local/lib/python3.12/site-packages/airflow/models/abstractoperator.py", line 717, in _do_render_template_fields
    rendered_content = self.render_template(
                       ^^^^^^^^^^^^^^^^^^^^^
  File "/home/airflow/.local/lib/python3.12/site-packages/airflow/template/templater.py", line 166, in render_template
    template = jinja_env.get_template(value)
               ^^^^^^^^^^^^^^^^^^^^^^^^^^^^^
  File "/home/airflow/.local/lib/python3.12/site-packages/jinja2/environment.py", line 1010, in get_template
    return self._load_template(name, globals)
           ^^^^^^^^^^^^^^^^^^^^^^^^^^^^^^^^^^
  File "/home/airflow/.local/lib/python3.12/site-packages/jinja2/environment.py", line 969, in _load_template
    template = self.loader.load(self, name, self.make_globals(globals))
               ^^^^^^^^^^^^^^^^^^^^^^^^^^^^^^^^^^^^^^^^^^^^^^^^^^^^^^^^
  File "/home/airflow/.local/lib/python3.12/site-packages/jinja2/loaders.py", line 125, in load
    source, filename, uptodate = self.get_source(environment, name)
                                 ^^^^^^^^^^^^^^^^^^^^^^^^^^^^^^^^^^
  File "/home/airflow/.local/lib/python3.12/site-packages/jinja2/loaders.py", line 204, in get_source
    raise TemplateNotFound(template)
jinja2.exceptions.TemplateNotFound: ./ejecutar.sh
[2025-12-07T19:41:58.256+0000] {taskinstance.py:2905} ERROR - Task failed with exception
Traceback (most recent call last):
  File "/home/airflow/.local/lib/python3.12/site-packages/airflow/models/taskinstance.py", line 2479, in _run_raw_task
    self._execute_task_with_callbacks(context, test_mode, session=session)
  File "/home/airflow/.local/lib/python3.12/site-packages/airflow/models/taskinstance.py", line 2633, in _execute_task_with_callbacks
    task_orig = self.render_templates(context=context, jinja_env=jinja_env)
                ^^^^^^^^^^^^^^^^^^^^^^^^^^^^^^^^^^^^^^^^^^^^^^^^^^^^^^^^^^^
  File "/home/airflow/.local/lib/python3.12/site-packages/airflow/models/taskinstance.py", line 3094, in render_templates
    original_task.render_template_fields(context, jinja_env)
  File "/home/airflow/.local/lib/python3.12/site-packages/airflow/models/baseoperator.py", line 1336, in render_template_fields
    self._do_render_template_fields(self, self.template_fields, context, jinja_env, set())
  File "/home/airflow/.local/lib/python3.12/site-packages/airflow/models/abstractoperator.py", line 717, in _do_render_template_fields
    rendered_content = self.render_template(
                       ^^^^^^^^^^^^^^^^^^^^^
  File "/home/airflow/.local/lib/python3.12/site-packages/airflow/template/templater.py", line 166, in render_template
    template = jinja_env.get_template(value)
               ^^^^^^^^^^^^^^^^^^^^^^^^^^^^^
  File "/home/airflow/.local/lib/python3.12/site-packages/jinja2/environment.py", line 1010, in get_template
    return self._load_template(name, globals)
           ^^^^^^^^^^^^^^^^^^^^^^^^^^^^^^^^^^
  File "/home/airflow/.local/lib/python3.12/site-packages/jinja2/environment.py", line 969, in _load_template
    template = self.loader.load(self, name, self.make_globals(globals))
               ^^^^^^^^^^^^^^^^^^^^^^^^^^^^^^^^^^^^^^^^^^^^^^^^^^^^^^^^
  File "/home/airflow/.local/lib/python3.12/site-packages/jinja2/loaders.py", line 125, in load
    source, filename, uptodate = self.get_source(environment, name)
                                 ^^^^^^^^^^^^^^^^^^^^^^^^^^^^^^^^^^
  File "/home/airflow/.local/lib/python3.12/site-packages/jinja2/loaders.py", line 204, in get_source
    raise TemplateNotFound(template)
jinja2.exceptions.TemplateNotFound: ./ejecutar.sh
[2025-12-07T19:41:58.266+0000] {taskinstance.py:1206} INFO - Marking task as FAILED. dag_id=flujo_etl_completo, task_id=dbt_transformacion, run_id=scheduled__2025-12-07T18:00:00+00:00, execution_date=20251207T180000, start_date=20251207T194158, end_date=20251207T194158
[2025-12-07T19:41:58.277+0000] {standard_task_runner.py:110} ERROR - Failed to execute job 6 for task dbt_transformacion (./ejecutar.sh; 197)
[2025-12-07T19:41:58.303+0000] {local_task_job_runner.py:240} INFO - Task exited with return code 1
[2025-12-07T19:41:58.316+0000] {local_task_job_runner.py:222} INFO - ::endgroup::
[2025-12-07T19:52:54.120+0000] {local_task_job_runner.py:120} INFO - ::group::Pre task execution logs
[2025-12-07T19:52:54.270+0000] {taskinstance.py:2076} INFO - Dependencies all met for dep_context=non-requeueable deps ti=<TaskInstance: flujo_etl_completo.dbt_transformacion scheduled__2025-12-07T18:00:00+00:00 [queued]>
[2025-12-07T19:52:54.291+0000] {taskinstance.py:2076} INFO - Dependencies all met for dep_context=requeueable deps ti=<TaskInstance: flujo_etl_completo.dbt_transformacion scheduled__2025-12-07T18:00:00+00:00 [queued]>
[2025-12-07T19:52:54.293+0000] {taskinstance.py:2306} INFO - Starting attempt 1 of 1
[2025-12-07T19:52:54.346+0000] {taskinstance.py:2330} INFO - Executing <Task(DockerOperator): dbt_transformacion> on 2025-12-07 18:00:00+00:00
[2025-12-07T19:52:54.362+0000] {standard_task_runner.py:90} INFO - Running: ['***', 'tasks', 'run', 'flujo_etl_completo', 'dbt_transformacion', 'scheduled__2025-12-07T18:00:00+00:00', '--job-id', '6', '--raw', '--subdir', 'DAGS_FOLDER/pipeline_completo.py', '--cfg-path', '/tmp/tmpkk9n1mkp']
[2025-12-07T19:52:54.367+0000] {standard_task_runner.py:91} INFO - Job 6: Subtask dbt_transformacion
[2025-12-07T19:52:54.369+0000] {logging_mixin.py:188} WARNING - /home/***/.local/lib/python3.12/site-packages/***/task/task_runner/standard_task_runner.py:61 DeprecationWarning: This process (pid=196) is multi-threaded, use of fork() may lead to deadlocks in the child.
[2025-12-07T19:52:54.371+0000] {standard_task_runner.py:63} INFO - Started process 197 to run task
[2025-12-07T19:52:54.516+0000] {task_command.py:426} INFO - Running <TaskInstance: flujo_etl_completo.dbt_transformacion scheduled__2025-12-07T18:00:00+00:00 [running]> on host 5a1cc3bf0439
[2025-12-07T19:52:54.632+0000] {abstractoperator.py:725} ERROR - Exception rendering Jinja template for task 'dbt_transformacion', field 'command'. Template: './ejecutar.sh'
Traceback (most recent call last):
  File "/home/airflow/.local/lib/python3.12/site-packages/airflow/models/abstractoperator.py", line 717, in _do_render_template_fields
    rendered_content = self.render_template(
                       ^^^^^^^^^^^^^^^^^^^^^
  File "/home/airflow/.local/lib/python3.12/site-packages/airflow/template/templater.py", line 166, in render_template
    template = jinja_env.get_template(value)
               ^^^^^^^^^^^^^^^^^^^^^^^^^^^^^
  File "/home/airflow/.local/lib/python3.12/site-packages/jinja2/environment.py", line 1010, in get_template
    return self._load_template(name, globals)
           ^^^^^^^^^^^^^^^^^^^^^^^^^^^^^^^^^^
  File "/home/airflow/.local/lib/python3.12/site-packages/jinja2/environment.py", line 969, in _load_template
    template = self.loader.load(self, name, self.make_globals(globals))
               ^^^^^^^^^^^^^^^^^^^^^^^^^^^^^^^^^^^^^^^^^^^^^^^^^^^^^^^^
  File "/home/airflow/.local/lib/python3.12/site-packages/jinja2/loaders.py", line 125, in load
    source, filename, uptodate = self.get_source(environment, name)
                                 ^^^^^^^^^^^^^^^^^^^^^^^^^^^^^^^^^^
  File "/home/airflow/.local/lib/python3.12/site-packages/jinja2/loaders.py", line 204, in get_source
    raise TemplateNotFound(template)
jinja2.exceptions.TemplateNotFound: ./ejecutar.sh
[2025-12-07T19:52:54.644+0000] {taskinstance.py:2905} ERROR - Task failed with exception
Traceback (most recent call last):
  File "/home/airflow/.local/lib/python3.12/site-packages/airflow/models/taskinstance.py", line 2479, in _run_raw_task
    self._execute_task_with_callbacks(context, test_mode, session=session)
  File "/home/airflow/.local/lib/python3.12/site-packages/airflow/models/taskinstance.py", line 2633, in _execute_task_with_callbacks
    task_orig = self.render_templates(context=context, jinja_env=jinja_env)
                ^^^^^^^^^^^^^^^^^^^^^^^^^^^^^^^^^^^^^^^^^^^^^^^^^^^^^^^^^^^
  File "/home/airflow/.local/lib/python3.12/site-packages/airflow/models/taskinstance.py", line 3094, in render_templates
    original_task.render_template_fields(context, jinja_env)
  File "/home/airflow/.local/lib/python3.12/site-packages/airflow/models/baseoperator.py", line 1336, in render_template_fields
    self._do_render_template_fields(self, self.template_fields, context, jinja_env, set())
  File "/home/airflow/.local/lib/python3.12/site-packages/airflow/models/abstractoperator.py", line 717, in _do_render_template_fields
    rendered_content = self.render_template(
                       ^^^^^^^^^^^^^^^^^^^^^
  File "/home/airflow/.local/lib/python3.12/site-packages/airflow/template/templater.py", line 166, in render_template
    template = jinja_env.get_template(value)
               ^^^^^^^^^^^^^^^^^^^^^^^^^^^^^
  File "/home/airflow/.local/lib/python3.12/site-packages/jinja2/environment.py", line 1010, in get_template
    return self._load_template(name, globals)
           ^^^^^^^^^^^^^^^^^^^^^^^^^^^^^^^^^^
  File "/home/airflow/.local/lib/python3.12/site-packages/jinja2/environment.py", line 969, in _load_template
    template = self.loader.load(self, name, self.make_globals(globals))
               ^^^^^^^^^^^^^^^^^^^^^^^^^^^^^^^^^^^^^^^^^^^^^^^^^^^^^^^^
  File "/home/airflow/.local/lib/python3.12/site-packages/jinja2/loaders.py", line 125, in load
    source, filename, uptodate = self.get_source(environment, name)
                                 ^^^^^^^^^^^^^^^^^^^^^^^^^^^^^^^^^^
  File "/home/airflow/.local/lib/python3.12/site-packages/jinja2/loaders.py", line 204, in get_source
    raise TemplateNotFound(template)
jinja2.exceptions.TemplateNotFound: ./ejecutar.sh
[2025-12-07T19:52:54.674+0000] {taskinstance.py:1206} INFO - Marking task as FAILED. dag_id=flujo_etl_completo, task_id=dbt_transformacion, run_id=scheduled__2025-12-07T18:00:00+00:00, execution_date=20251207T180000, start_date=20251207T195254, end_date=20251207T195254
[2025-12-07T19:52:54.706+0000] {standard_task_runner.py:110} ERROR - Failed to execute job 6 for task dbt_transformacion (./ejecutar.sh; 197)
[2025-12-07T19:52:54.760+0000] {local_task_job_runner.py:240} INFO - Task exited with return code 1
[2025-12-07T19:52:54.811+0000] {taskinstance.py:3498} INFO - 0 downstream tasks scheduled from follow-on schedule check
[2025-12-07T19:52:54.820+0000] {local_task_job_runner.py:222} INFO - ::endgroup::
