[2025-12-07T12:42:00.532+0000] {local_task_job_runner.py:120} INFO - ::group::Pre task execution logs
[2025-12-07T12:42:00.562+0000] {taskinstance.py:2076} INFO - Dependencies all met for dep_context=non-requeueable deps ti=<TaskInstance: flujo_etl_completo.ingestion_madrid scheduled__2025-12-07T11:00:00+00:00 [queued]>
[2025-12-07T12:42:00.570+0000] {taskinstance.py:2076} INFO - Dependencies all met for dep_context=requeueable deps ti=<TaskInstance: flujo_etl_completo.ingestion_madrid scheduled__2025-12-07T11:00:00+00:00 [queued]>
[2025-12-07T12:42:00.570+0000] {taskinstance.py:2306} INFO - Starting attempt 1 of 1
[2025-12-07T12:42:00.583+0000] {taskinstance.py:2330} INFO - Executing <Task(DockerOperator): ingestion_madrid> on 2025-12-07 11:00:00+00:00
[2025-12-07T12:42:00.589+0000] {standard_task_runner.py:90} INFO - Running: ['***', 'tasks', 'run', 'flujo_etl_completo', 'ingestion_madrid', 'scheduled__2025-12-07T11:00:00+00:00', '--job-id', '3', '--raw', '--subdir', 'DAGS_FOLDER/pipeline_completo.py', '--cfg-path', '/tmp/tmpbve8e17n']
[2025-12-07T12:42:00.591+0000] {logging_mixin.py:188} WARNING - /home/***/.local/lib/python3.12/site-packages/***/task/task_runner/standard_task_runner.py:61 DeprecationWarning: This process (pid=209) is multi-threaded, use of fork() may lead to deadlocks in the child.
[2025-12-07T12:42:00.592+0000] {standard_task_runner.py:91} INFO - Job 3: Subtask ingestion_madrid
[2025-12-07T12:42:00.592+0000] {standard_task_runner.py:63} INFO - Started process 211 to run task
[2025-12-07T12:42:00.658+0000] {task_command.py:426} INFO - Running <TaskInstance: flujo_etl_completo.ingestion_madrid scheduled__2025-12-07T11:00:00+00:00 [running]> on host bb647276117e
[2025-12-07T12:42:00.741+0000] {taskinstance.py:2648} INFO - Exporting env vars: AIRFLOW_CTX_DAG_OWNER='tu_nombre' AIRFLOW_CTX_DAG_ID='flujo_etl_completo' AIRFLOW_CTX_TASK_ID='ingestion_madrid' AIRFLOW_CTX_EXECUTION_DATE='2025-12-07T11:00:00+00:00' AIRFLOW_CTX_TRY_NUMBER='1' AIRFLOW_CTX_DAG_RUN_ID='scheduled__2025-12-07T11:00:00+00:00'
[2025-12-07T12:42:00.742+0000] {taskinstance.py:430} INFO - ::endgroup::
[2025-12-07T12:42:00.850+0000] {docker.py:366} INFO - Starting docker container from image ingestion_datosmad:latest
[2025-12-07T12:42:01.483+0000] {taskinstance.py:441} INFO - ::group::Post task execution logs
[2025-12-07T12:42:01.486+0000] {taskinstance.py:2905} ERROR - Task failed with exception
Traceback (most recent call last):
  File "/home/airflow/.local/lib/python3.12/site-packages/docker/api/client.py", line 265, in _raise_for_status
    response.raise_for_status()
  File "/home/airflow/.local/lib/python3.12/site-packages/requests/models.py", line 1021, in raise_for_status
    raise HTTPError(http_error_msg, response=self)
requests.exceptions.HTTPError: 404 Client Error: Not Found for url: http+docker://localhost/v1.51/containers/2e425719755c72a2c75a74486223f39dc67b622368d0556548c58373e4aaed64/start

The above exception was the direct cause of the following exception:

Traceback (most recent call last):
  File "/home/airflow/.local/lib/python3.12/site-packages/airflow/models/taskinstance.py", line 465, in _execute_task
    result = _execute_callable(context=context, **execute_callable_kwargs)
             ^^^^^^^^^^^^^^^^^^^^^^^^^^^^^^^^^^^^^^^^^^^^^^^^^^^^^^^^^^^^^
  File "/home/airflow/.local/lib/python3.12/site-packages/airflow/models/taskinstance.py", line 432, in _execute_callable
    return execute_callable(context=context, **execute_callable_kwargs)
           ^^^^^^^^^^^^^^^^^^^^^^^^^^^^^^^^^^^^^^^^^^^^^^^^^^^^^^^^^^^^
  File "/home/airflow/.local/lib/python3.12/site-packages/airflow/models/baseoperator.py", line 400, in wrapper
    return func(self, *args, **kwargs)
           ^^^^^^^^^^^^^^^^^^^^^^^^^^^
  File "/home/airflow/.local/lib/python3.12/site-packages/airflow/providers/docker/operators/docker.py", line 509, in execute
    return self._run_image()
           ^^^^^^^^^^^^^^^^^
  File "/home/airflow/.local/lib/python3.12/site-packages/airflow/providers/docker/operators/docker.py", line 383, in _run_image
    return self._run_image_with_mounts(self.mounts, add_tmp_variable=False)
           ^^^^^^^^^^^^^^^^^^^^^^^^^^^^^^^^^^^^^^^^^^^^^^^^^^^^^^^^^^^^^^^^
  File "/home/airflow/.local/lib/python3.12/site-packages/airflow/providers/docker/operators/docker.py", line 430, in _run_image_with_mounts
    self.cli.start(self.container["Id"])
  File "/home/airflow/.local/lib/python3.12/site-packages/docker/utils/decorators.py", line 19, in wrapped
    return f(self, resource_id, *args, **kwargs)
           ^^^^^^^^^^^^^^^^^^^^^^^^^^^^^^^^^^^^^
  File "/home/airflow/.local/lib/python3.12/site-packages/docker/api/container.py", line 1135, in start
    self._raise_for_status(res)
  File "/home/airflow/.local/lib/python3.12/site-packages/docker/api/client.py", line 267, in _raise_for_status
    raise create_api_error_from_http_exception(e) from e
          ^^^^^^^^^^^^^^^^^^^^^^^^^^^^^^^^^^^^^^^
  File "/home/airflow/.local/lib/python3.12/site-packages/docker/errors.py", line 39, in create_api_error_from_http_exception
    raise cls(e, response=response, explanation=explanation) from e
docker.errors.NotFound: 404 Client Error for http+docker://localhost/v1.51/containers/2e425719755c72a2c75a74486223f39dc67b622368d0556548c58373e4aaed64/start: Not Found ("failed to set up container networking: network kafka-net not found")
[2025-12-07T12:42:01.509+0000] {taskinstance.py:1206} INFO - Marking task as FAILED. dag_id=flujo_etl_completo, task_id=ingestion_madrid, run_id=scheduled__2025-12-07T11:00:00+00:00, execution_date=20251207T110000, start_date=20251207T124200, end_date=20251207T124201
[2025-12-07T12:42:01.535+0000] {standard_task_runner.py:110} ERROR - Failed to execute job 3 for task ingestion_madrid (404 Client Error for http+docker://localhost/v1.51/containers/2e425719755c72a2c75a74486223f39dc67b622368d0556548c58373e4aaed64/start: Not Found ("failed to set up container networking: network kafka-net not found"); 211)
[2025-12-07T12:42:01.570+0000] {local_task_job_runner.py:240} INFO - Task exited with return code 1
[2025-12-07T12:42:01.611+0000] {taskinstance.py:3498} INFO - 0 downstream tasks scheduled from follow-on schedule check
[2025-12-07T12:42:01.617+0000] {local_task_job_runner.py:222} INFO - ::endgroup::
[2025-12-07T12:55:27.851+0000] {local_task_job_runner.py:120} INFO - ::group::Pre task execution logs
[2025-12-07T12:55:27.929+0000] {taskinstance.py:2076} INFO - Dependencies all met for dep_context=non-requeueable deps ti=<TaskInstance: flujo_etl_completo.ingestion_madrid scheduled__2025-12-07T11:00:00+00:00 [queued]>
[2025-12-07T12:55:27.951+0000] {taskinstance.py:2076} INFO - Dependencies all met for dep_context=requeueable deps ti=<TaskInstance: flujo_etl_completo.ingestion_madrid scheduled__2025-12-07T11:00:00+00:00 [queued]>
[2025-12-07T12:55:27.952+0000] {taskinstance.py:2306} INFO - Starting attempt 1 of 1
[2025-12-07T12:55:27.971+0000] {taskinstance.py:2330} INFO - Executing <Task(DockerOperator): ingestion_madrid> on 2025-12-07 11:00:00+00:00
[2025-12-07T12:55:27.983+0000] {standard_task_runner.py:90} INFO - Running: ['***', 'tasks', 'run', 'flujo_etl_completo', 'ingestion_madrid', 'scheduled__2025-12-07T11:00:00+00:00', '--job-id', '2', '--raw', '--subdir', 'DAGS_FOLDER/pipeline_completo.py', '--cfg-path', '/tmp/tmp28jgppua']
[2025-12-07T12:55:27.987+0000] {standard_task_runner.py:91} INFO - Job 2: Subtask ingestion_madrid
[2025-12-07T12:55:27.988+0000] {logging_mixin.py:188} WARNING - /home/***/.local/lib/python3.12/site-packages/***/task/task_runner/standard_task_runner.py:61 DeprecationWarning: This process (pid=178) is multi-threaded, use of fork() may lead to deadlocks in the child.
[2025-12-07T12:55:27.990+0000] {standard_task_runner.py:63} INFO - Started process 181 to run task
[2025-12-07T12:55:28.126+0000] {task_command.py:426} INFO - Running <TaskInstance: flujo_etl_completo.ingestion_madrid scheduled__2025-12-07T11:00:00+00:00 [running]> on host 9186fd88fe44
[2025-12-07T12:55:28.244+0000] {taskinstance.py:2648} INFO - Exporting env vars: AIRFLOW_CTX_DAG_OWNER='tu_nombre' AIRFLOW_CTX_DAG_ID='flujo_etl_completo' AIRFLOW_CTX_TASK_ID='ingestion_madrid' AIRFLOW_CTX_EXECUTION_DATE='2025-12-07T11:00:00+00:00' AIRFLOW_CTX_TRY_NUMBER='1' AIRFLOW_CTX_DAG_RUN_ID='scheduled__2025-12-07T11:00:00+00:00'
[2025-12-07T12:55:28.245+0000] {taskinstance.py:430} INFO - ::endgroup::
[2025-12-07T12:55:28.423+0000] {docker.py:366} INFO - Starting docker container from image ingestion_datosmad:latest
[2025-12-07T12:57:06.940+0000] {docker.py:436} INFO - Error conectando a la BD: 'NoneType' object has no attribute 'encode'
Error conectando a la BD: 'NoneType' object has no attribute 'encode'
Error conectando a la BD: 'NoneType' object has no attribute 'encode'
Error conectando a la BD: 'NoneType' object has no attribute 'encode'
Error conectando a la BD: 'NoneType' object has no attribute 'encode'
Error conectando a la BD: 'NoneType' object has no attribute 'encode'
Error conectando a la BD: 'NoneType' object has no attribute 'encode'
Error conectando a la BD: 'NoneType' object has no attribute 'encode'
Error conectando a la BD: 'NoneType' object has no attribute 'encode'
Error conectando a la BD: 'NoneType' object has no attribute 'encode'
Se han leido correctamente los csv de 2018
Se han leido correctamente los csv de 2019
Se han leido correctamente los csv de 2020
Se han leido correctamente los csv de 2021
Se han leido correctamente los csv de 2022
Se han leido correctamente los csv de 2023
Se han leido correctamente los csv de 2024
Se ha leido correctamente el csv de 2025
Se han unido todos los csv
Se ha eliminado la columna correctamente
Transformando datos con Pandas...
Transformación completada. Filas resultantes: 9452232
Error en la ingesta SQL: name 'cur' is not defined
[2025-12-07T12:57:10.043+0000] {taskinstance.py:441} INFO - ::group::Post task execution logs
[2025-12-07T12:57:10.098+0000] {taskinstance.py:1206} INFO - Marking task as SUCCESS. dag_id=flujo_etl_completo, task_id=ingestion_madrid, run_id=scheduled__2025-12-07T11:00:00+00:00, execution_date=20251207T110000, start_date=20251207T125527, end_date=20251207T125710
[2025-12-07T12:57:10.150+0000] {local_task_job_runner.py:240} INFO - Task exited with return code 0
[2025-12-07T12:57:10.198+0000] {taskinstance.py:3498} INFO - 0 downstream tasks scheduled from follow-on schedule check
[2025-12-07T12:57:10.204+0000] {local_task_job_runner.py:222} INFO - ::endgroup::
