[2025-12-07T21:23:26.219+0000] {local_task_job_runner.py:120} INFO - ::group::Pre task execution logs
[2025-12-07T21:23:26.274+0000] {taskinstance.py:2076} INFO - Dependencies all met for dep_context=non-requeueable deps ti=<TaskInstance: flujo_etl_completo.dbt_transformacion manual__2025-12-07T21:15:49+00:00 [queued]>
[2025-12-07T21:23:26.291+0000] {taskinstance.py:2076} INFO - Dependencies all met for dep_context=requeueable deps ti=<TaskInstance: flujo_etl_completo.dbt_transformacion manual__2025-12-07T21:15:49+00:00 [queued]>
[2025-12-07T21:23:26.296+0000] {taskinstance.py:2306} INFO - Starting attempt 1 of 2
[2025-12-07T21:23:26.315+0000] {taskinstance.py:2330} INFO - Executing <Task(DockerOperator): dbt_transformacion> on 2025-12-07 21:15:49+00:00
[2025-12-07T21:23:26.330+0000] {logging_mixin.py:188} WARNING - /home/***/.local/lib/python3.12/site-packages/***/task/task_runner/standard_task_runner.py:61 DeprecationWarning: This process (pid=265) is multi-threaded, use of fork() may lead to deadlocks in the child.
[2025-12-07T21:23:26.328+0000] {standard_task_runner.py:90} INFO - Running: ['***', 'tasks', 'run', 'flujo_etl_completo', 'dbt_transformacion', 'manual__2025-12-07T21:15:49+00:00', '--job-id', '8', '--raw', '--subdir', 'DAGS_FOLDER/pipeline_completo.py', '--cfg-path', '/tmp/tmpfvg0_68r']
[2025-12-07T21:23:26.335+0000] {standard_task_runner.py:63} INFO - Started process 266 to run task
[2025-12-07T21:23:26.338+0000] {standard_task_runner.py:91} INFO - Job 8: Subtask dbt_transformacion
[2025-12-07T21:23:26.447+0000] {task_command.py:426} INFO - Running <TaskInstance: flujo_etl_completo.dbt_transformacion manual__2025-12-07T21:15:49+00:00 [running]> on host b39cb6c969b2
[2025-12-07T21:23:26.535+0000] {taskinstance.py:2648} INFO - Exporting env vars: AIRFLOW_CTX_DAG_OWNER='tu_nombre' AIRFLOW_CTX_DAG_ID='flujo_etl_completo' AIRFLOW_CTX_TASK_ID='dbt_transformacion' AIRFLOW_CTX_EXECUTION_DATE='2025-12-07T21:15:49+00:00' AIRFLOW_CTX_TRY_NUMBER='1' AIRFLOW_CTX_DAG_RUN_ID='manual__2025-12-07T21:15:49+00:00'
[2025-12-07T21:23:26.540+0000] {taskinstance.py:430} INFO - ::endgroup::
[2025-12-07T21:23:26.678+0000] {docker.py:366} INFO - Starting docker container from image dbt:latest
[2025-12-07T21:23:27.046+0000] {docker.py:436} INFO - Iniciando dbt run...
[2025-12-07T21:23:28.904+0000] {docker.py:436} INFO - [0m21:23:28  Running with dbt=1.10.15
[2025-12-07T21:23:28.909+0000] {docker.py:436} INFO - [0m21:23:28  Encountered an error:
Parsing Error
  Env var required but not provided: 'POSTGRES_HOST'
[2025-12-07T21:23:29.610+0000] {docker.py:436} INFO - Exito dbt
Iniciando dbt run...
[2025-12-07T21:23:30.999+0000] {docker.py:436} INFO - [0m21:23:30  Running with dbt=1.10.15
[2025-12-07T21:23:31.004+0000] {docker.py:436} INFO - [0m21:23:31  Encountered an error:
Parsing Error
  Env var required but not provided: 'POSTGRES_HOST'
[2025-12-07T21:23:31.702+0000] {docker.py:436} INFO - Exito dbt
Iniciando dbt run...
[2025-12-07T21:23:32.981+0000] {docker.py:436} INFO - [0m21:23:32  Running with dbt=1.10.15
[2025-12-07T21:23:32.985+0000] {docker.py:436} INFO - [0m21:23:32  Encountered an error:
Parsing Error
  Env var required but not provided: 'POSTGRES_HOST'
[2025-12-07T21:23:33.615+0000] {docker.py:436} INFO - Exito dbt
Iniciando dbt run...
[2025-12-07T21:23:35.113+0000] {docker.py:436} INFO - [0m21:23:35  Running with dbt=1.10.15
[2025-12-07T21:23:35.118+0000] {docker.py:436} INFO - [0m21:23:35  Encountered an error:
Parsing Error
  Env var required but not provided: 'POSTGRES_HOST'
[2025-12-07T21:23:35.812+0000] {docker.py:436} INFO - Exito dbt
Iniciando dbt run...
[2025-12-07T21:23:37.233+0000] {docker.py:436} INFO - [0m21:23:37  Running with dbt=1.10.15
[2025-12-07T21:23:37.256+0000] {docker.py:436} INFO - [0m21:23:37  Encountered an error:
Parsing Error
  Env var required but not provided: 'POSTGRES_HOST'
[2025-12-07T21:23:38.007+0000] {docker.py:436} INFO - Exito dbt
Iniciando dbt run...
[2025-12-07T21:23:39.301+0000] {docker.py:436} INFO - [0m21:23:39  Running with dbt=1.10.15
[2025-12-07T21:23:39.306+0000] {docker.py:436} INFO - [0m21:23:39  Encountered an error:
Parsing Error
  Env var required but not provided: 'POSTGRES_HOST'
[2025-12-07T21:23:39.971+0000] {docker.py:436} INFO - Exito dbt
Iniciando dbt run...
[2025-12-07T21:23:41.195+0000] {docker.py:436} INFO - [0m21:23:41  Running with dbt=1.10.15
[2025-12-07T21:23:41.199+0000] {docker.py:436} INFO - [0m21:23:41  Encountered an error:
Parsing Error
  Env var required but not provided: 'POSTGRES_HOST'
[2025-12-07T21:23:41.808+0000] {docker.py:436} INFO - Exito dbt
Iniciando dbt run...
[2025-12-07T21:23:43.085+0000] {docker.py:436} INFO - [0m21:23:43  Running with dbt=1.10.15
[2025-12-07T21:23:43.090+0000] {docker.py:436} INFO - [0m21:23:43  Encountered an error:
Parsing Error
  Env var required but not provided: 'POSTGRES_HOST'
[2025-12-07T21:23:43.701+0000] {docker.py:436} INFO - Exito dbt
Iniciando dbt run...
[2025-12-07T21:23:44.874+0000] {docker.py:436} INFO - [0m21:23:44  Running with dbt=1.10.15
[2025-12-07T21:23:44.877+0000] {docker.py:436} INFO - [0m21:23:44  Encountered an error:
Parsing Error
  Env var required but not provided: 'POSTGRES_HOST'
[2025-12-07T21:23:45.491+0000] {docker.py:436} INFO - Exito dbt
Iniciando dbt run...
[2025-12-07T21:23:46.909+0000] {docker.py:436} INFO - [0m21:23:46  Running with dbt=1.10.15
[2025-12-07T21:23:46.914+0000] {docker.py:436} INFO - [0m21:23:46  Encountered an error:
Parsing Error
  Env var required but not provided: 'POSTGRES_HOST'
[2025-12-07T21:23:47.669+0000] {docker.py:436} INFO - Exito dbt
Iniciando dbt run...
[2025-12-07T21:23:49.061+0000] {docker.py:436} INFO - [0m21:23:49  Running with dbt=1.10.15
[2025-12-07T21:23:49.077+0000] {docker.py:436} INFO - [0m21:23:49  Encountered an error:
Parsing Error
  Env var required but not provided: 'POSTGRES_HOST'
[2025-12-07T21:23:49.845+0000] {docker.py:436} INFO - Exito dbt
Iniciando dbt run...
[2025-12-07T21:23:51.289+0000] {docker.py:436} INFO - [0m21:23:51  Running with dbt=1.10.15
[2025-12-07T21:23:51.296+0000] {docker.py:436} INFO - [0m21:23:51  Encountered an error:
Parsing Error
  Env var required but not provided: 'POSTGRES_HOST'
[2025-12-07T21:23:51.949+0000] {docker.py:436} INFO - Exito dbt
Iniciando dbt run...
[2025-12-07T21:23:53.189+0000] {docker.py:436} INFO - [0m21:23:53  Running with dbt=1.10.15
[2025-12-07T21:23:53.193+0000] {docker.py:436} INFO - [0m21:23:53  Encountered an error:
Parsing Error
  Env var required but not provided: 'POSTGRES_HOST'
[2025-12-07T21:23:53.901+0000] {docker.py:436} INFO - Exito dbt
Iniciando dbt run...
[2025-12-07T21:23:55.230+0000] {docker.py:436} INFO - [0m21:23:55  Running with dbt=1.10.15
[2025-12-07T21:23:55.233+0000] {docker.py:436} INFO - [0m21:23:55  Encountered an error:
Parsing Error
  Env var required but not provided: 'POSTGRES_HOST'
[2025-12-07T21:23:55.912+0000] {docker.py:436} INFO - Exito dbt
Iniciando dbt run...
[2025-12-07T21:23:57.238+0000] {docker.py:436} INFO - [0m21:23:57  Running with dbt=1.10.15
[2025-12-07T21:23:57.242+0000] {docker.py:436} INFO - [0m21:23:57  Encountered an error:
Parsing Error
  Env var required but not provided: 'POSTGRES_HOST'
[2025-12-07T21:23:57.950+0000] {docker.py:436} INFO - Exito dbt
Iniciando dbt run...
[2025-12-07T21:23:59.712+0000] {docker.py:436} INFO - [0m21:23:59  Running with dbt=1.10.15
[2025-12-07T21:23:59.718+0000] {docker.py:436} INFO - [0m21:23:59  Encountered an error:
Parsing Error
  Env var required but not provided: 'POSTGRES_HOST'
[2025-12-07T21:24:00.467+0000] {docker.py:436} INFO - Exito dbt
Iniciando dbt run...
[2025-12-07T21:24:02.203+0000] {docker.py:436} INFO - [0m21:24:02  Running with dbt=1.10.15
[2025-12-07T21:24:02.209+0000] {docker.py:436} INFO - [0m21:24:02  Encountered an error:
Parsing Error
  Env var required but not provided: 'POSTGRES_HOST'
[2025-12-07T21:24:02.866+0000] {docker.py:436} INFO - Exito dbt
Iniciando dbt run...
[2025-12-07T21:24:04.370+0000] {docker.py:436} INFO - [0m21:24:04  Running with dbt=1.10.15
[2025-12-07T21:24:04.374+0000] {docker.py:436} INFO - [0m21:24:04  Encountered an error:
Parsing Error
  Env var required but not provided: 'POSTGRES_HOST'
[2025-12-07T21:24:04.969+0000] {docker.py:436} INFO - Exito dbt
Iniciando dbt run...
[2025-12-07T21:24:05.836+0000] {local_task_job_runner.py:124} ERROR - Received SIGTERM. Terminating subprocesses
[2025-12-07T21:24:05.846+0000] {process_utils.py:132} INFO - Sending 15 to group 266. PIDs of all processes in the group: [266]
[2025-12-07T21:24:05.850+0000] {process_utils.py:87} INFO - Sending the signal 15 to group 266
[2025-12-07T21:24:05.855+0000] {taskinstance.py:2611} ERROR - Received SIGTERM. Terminating subprocesses.
[2025-12-07T21:24:05.857+0000] {docker.py:528} INFO - Stopping docker container
[2025-12-07T21:24:09.372+0000] {local_task_job_runner.py:124} ERROR - Received SIGTERM. Terminating subprocesses
