[2025-12-07T21:06:39.471+0000] {local_task_job_runner.py:120} INFO - ::group::Pre task execution logs
[2025-12-07T21:06:39.534+0000] {taskinstance.py:2076} INFO - Dependencies all met for dep_context=non-requeueable deps ti=<TaskInstance: flujo_etl_completo.dbt_transformacion scheduled__2025-12-07T20:00:00+00:00 [queued]>
[2025-12-07T21:06:39.556+0000] {taskinstance.py:2076} INFO - Dependencies all met for dep_context=requeueable deps ti=<TaskInstance: flujo_etl_completo.dbt_transformacion scheduled__2025-12-07T20:00:00+00:00 [queued]>
[2025-12-07T21:06:39.566+0000] {taskinstance.py:2306} INFO - Starting attempt 1 of 1
[2025-12-07T21:06:39.597+0000] {taskinstance.py:2330} INFO - Executing <Task(DockerOperator): dbt_transformacion> on 2025-12-07 20:00:00+00:00
[2025-12-07T21:06:39.616+0000] {standard_task_runner.py:90} INFO - Running: ['***', 'tasks', 'run', 'flujo_etl_completo', 'dbt_transformacion', 'scheduled__2025-12-07T20:00:00+00:00', '--job-id', '6', '--raw', '--subdir', 'DAGS_FOLDER/pipeline_completo.py', '--cfg-path', '/tmp/tmpnr48umlo']
[2025-12-07T21:06:39.620+0000] {logging_mixin.py:188} WARNING - /home/***/.local/lib/python3.12/site-packages/***/task/task_runner/standard_task_runner.py:61 DeprecationWarning: This process (pid=197) is multi-threaded, use of fork() may lead to deadlocks in the child.
[2025-12-07T21:06:39.636+0000] {standard_task_runner.py:91} INFO - Job 6: Subtask dbt_transformacion
[2025-12-07T21:06:39.651+0000] {standard_task_runner.py:63} INFO - Started process 202 to run task
[2025-12-07T21:06:39.847+0000] {task_command.py:426} INFO - Running <TaskInstance: flujo_etl_completo.dbt_transformacion scheduled__2025-12-07T20:00:00+00:00 [running]> on host 8533d0c34ac4
[2025-12-07T21:06:39.914+0000] {abstractoperator.py:725} ERROR - Exception rendering Jinja template for task 'dbt_transformacion', field 'command'. Template: './ejecutar.sh'
Traceback (most recent call last):
  File "/home/airflow/.local/lib/python3.12/site-packages/airflow/models/abstractoperator.py", line 717, in _do_render_template_fields
    rendered_content = self.render_template(
                       ^^^^^^^^^^^^^^^^^^^^^
  File "/home/airflow/.local/lib/python3.12/site-packages/airflow/template/templater.py", line 166, in render_template
    template = jinja_env.get_template(value)
               ^^^^^^^^^^^^^^^^^^^^^^^^^^^^^
  File "/home/airflow/.local/lib/python3.12/site-packages/jinja2/environment.py", line 1010, in get_template
    return self._load_template(name, globals)
           ^^^^^^^^^^^^^^^^^^^^^^^^^^^^^^^^^^
  File "/home/airflow/.local/lib/python3.12/site-packages/jinja2/environment.py", line 969, in _load_template
    template = self.loader.load(self, name, self.make_globals(globals))
               ^^^^^^^^^^^^^^^^^^^^^^^^^^^^^^^^^^^^^^^^^^^^^^^^^^^^^^^^
  File "/home/airflow/.local/lib/python3.12/site-packages/jinja2/loaders.py", line 125, in load
    source, filename, uptodate = self.get_source(environment, name)
                                 ^^^^^^^^^^^^^^^^^^^^^^^^^^^^^^^^^^
  File "/home/airflow/.local/lib/python3.12/site-packages/jinja2/loaders.py", line 204, in get_source
    raise TemplateNotFound(template)
jinja2.exceptions.TemplateNotFound: ./ejecutar.sh
[2025-12-07T21:06:39.925+0000] {taskinstance.py:2905} ERROR - Task failed with exception
Traceback (most recent call last):
  File "/home/airflow/.local/lib/python3.12/site-packages/airflow/models/taskinstance.py", line 2479, in _run_raw_task
    self._execute_task_with_callbacks(context, test_mode, session=session)
  File "/home/airflow/.local/lib/python3.12/site-packages/airflow/models/taskinstance.py", line 2633, in _execute_task_with_callbacks
    task_orig = self.render_templates(context=context, jinja_env=jinja_env)
                ^^^^^^^^^^^^^^^^^^^^^^^^^^^^^^^^^^^^^^^^^^^^^^^^^^^^^^^^^^^
  File "/home/airflow/.local/lib/python3.12/site-packages/airflow/models/taskinstance.py", line 3094, in render_templates
    original_task.render_template_fields(context, jinja_env)
  File "/home/airflow/.local/lib/python3.12/site-packages/airflow/models/baseoperator.py", line 1336, in render_template_fields
    self._do_render_template_fields(self, self.template_fields, context, jinja_env, set())
  File "/home/airflow/.local/lib/python3.12/site-packages/airflow/models/abstractoperator.py", line 717, in _do_render_template_fields
    rendered_content = self.render_template(
                       ^^^^^^^^^^^^^^^^^^^^^
  File "/home/airflow/.local/lib/python3.12/site-packages/airflow/template/templater.py", line 166, in render_template
    template = jinja_env.get_template(value)
               ^^^^^^^^^^^^^^^^^^^^^^^^^^^^^
  File "/home/airflow/.local/lib/python3.12/site-packages/jinja2/environment.py", line 1010, in get_template
    return self._load_template(name, globals)
           ^^^^^^^^^^^^^^^^^^^^^^^^^^^^^^^^^^
  File "/home/airflow/.local/lib/python3.12/site-packages/jinja2/environment.py", line 969, in _load_template
    template = self.loader.load(self, name, self.make_globals(globals))
               ^^^^^^^^^^^^^^^^^^^^^^^^^^^^^^^^^^^^^^^^^^^^^^^^^^^^^^^^
  File "/home/airflow/.local/lib/python3.12/site-packages/jinja2/loaders.py", line 125, in load
    source, filename, uptodate = self.get_source(environment, name)
                                 ^^^^^^^^^^^^^^^^^^^^^^^^^^^^^^^^^^
  File "/home/airflow/.local/lib/python3.12/site-packages/jinja2/loaders.py", line 204, in get_source
    raise TemplateNotFound(template)
jinja2.exceptions.TemplateNotFound: ./ejecutar.sh
[2025-12-07T21:06:39.946+0000] {taskinstance.py:1206} INFO - Marking task as FAILED. dag_id=flujo_etl_completo, task_id=dbt_transformacion, run_id=scheduled__2025-12-07T20:00:00+00:00, execution_date=20251207T200000, start_date=20251207T210639, end_date=20251207T210639
[2025-12-07T21:06:39.965+0000] {standard_task_runner.py:110} ERROR - Failed to execute job 6 for task dbt_transformacion (./ejecutar.sh; 202)
[2025-12-07T21:06:40.016+0000] {local_task_job_runner.py:240} INFO - Task exited with return code 1
[2025-12-07T21:06:40.040+0000] {taskinstance.py:3498} INFO - 0 downstream tasks scheduled from follow-on schedule check
[2025-12-07T21:06:40.110+0000] {local_task_job_runner.py:222} INFO - ::endgroup::
[2025-12-07T21:17:15.431+0000] {local_task_job_runner.py:120} INFO - ::group::Pre task execution logs
[2025-12-07T21:17:15.511+0000] {taskinstance.py:2076} INFO - Dependencies all met for dep_context=non-requeueable deps ti=<TaskInstance: flujo_etl_completo.dbt_transformacion scheduled__2025-12-07T20:00:00+00:00 [queued]>
[2025-12-07T21:17:15.527+0000] {taskinstance.py:2076} INFO - Dependencies all met for dep_context=requeueable deps ti=<TaskInstance: flujo_etl_completo.dbt_transformacion scheduled__2025-12-07T20:00:00+00:00 [queued]>
[2025-12-07T21:17:15.528+0000] {taskinstance.py:2306} INFO - Starting attempt 1 of 2
[2025-12-07T21:17:15.550+0000] {taskinstance.py:2330} INFO - Executing <Task(DockerOperator): dbt_transformacion> on 2025-12-07 20:00:00+00:00
[2025-12-07T21:17:15.558+0000] {standard_task_runner.py:90} INFO - Running: ['***', 'tasks', 'run', 'flujo_etl_completo', 'dbt_transformacion', 'scheduled__2025-12-07T20:00:00+00:00', '--job-id', '6', '--raw', '--subdir', 'DAGS_FOLDER/pipeline_completo.py', '--cfg-path', '/tmp/tmpgpiv48q_']
[2025-12-07T21:17:15.560+0000] {logging_mixin.py:188} WARNING - /home/***/.local/lib/python3.12/site-packages/***/task/task_runner/standard_task_runner.py:61 DeprecationWarning: This process (pid=196) is multi-threaded, use of fork() may lead to deadlocks in the child.
[2025-12-07T21:17:15.561+0000] {standard_task_runner.py:91} INFO - Job 6: Subtask dbt_transformacion
[2025-12-07T21:17:15.561+0000] {standard_task_runner.py:63} INFO - Started process 197 to run task
[2025-12-07T21:17:15.653+0000] {task_command.py:426} INFO - Running <TaskInstance: flujo_etl_completo.dbt_transformacion scheduled__2025-12-07T20:00:00+00:00 [running]> on host b39cb6c969b2
[2025-12-07T21:17:15.765+0000] {taskinstance.py:2648} INFO - Exporting env vars: AIRFLOW_CTX_DAG_OWNER='tu_nombre' AIRFLOW_CTX_DAG_ID='flujo_etl_completo' AIRFLOW_CTX_TASK_ID='dbt_transformacion' AIRFLOW_CTX_EXECUTION_DATE='2025-12-07T20:00:00+00:00' AIRFLOW_CTX_TRY_NUMBER='1' AIRFLOW_CTX_DAG_RUN_ID='scheduled__2025-12-07T20:00:00+00:00'
[2025-12-07T21:17:15.766+0000] {taskinstance.py:430} INFO - ::endgroup::
[2025-12-07T21:17:15.911+0000] {docker.py:366} INFO - Starting docker container from image dbt:latest
[2025-12-07T21:17:16.331+0000] {docker.py:436} INFO - Iniciando dbt run...
[2025-12-07T21:17:18.916+0000] {docker.py:436} INFO - [0m21:17:18  Running with dbt=1.10.15
[2025-12-07T21:17:18.923+0000] {docker.py:436} INFO - [0m21:17:18  Encountered an error:
Parsing Error
  Env var required but not provided: 'POSTGRES_HOST'
[2025-12-07T21:17:19.675+0000] {docker.py:436} INFO - Exito dbt
Iniciando dbt run...
[2025-12-07T21:17:21.263+0000] {docker.py:436} INFO - [0m21:17:21  Running with dbt=1.10.15
[2025-12-07T21:17:21.269+0000] {docker.py:436} INFO - [0m21:17:21  Encountered an error:
Parsing Error
  Env var required but not provided: 'POSTGRES_HOST'
[2025-12-07T21:17:22.093+0000] {docker.py:436} INFO - Exito dbt
Iniciando dbt run...
[2025-12-07T21:17:23.520+0000] {docker.py:436} INFO - [0m21:17:23  Running with dbt=1.10.15
[2025-12-07T21:17:23.526+0000] {docker.py:436} INFO - [0m21:17:23  Encountered an error:
Parsing Error
  Env var required but not provided: 'POSTGRES_HOST'
[2025-12-07T21:17:24.291+0000] {docker.py:436} INFO - Exito dbt
Iniciando dbt run...
[2025-12-07T21:17:25.792+0000] {docker.py:436} INFO - [0m21:17:25  Running with dbt=1.10.15
[2025-12-07T21:17:25.795+0000] {docker.py:436} INFO - [0m21:17:25  Encountered an error:
Parsing Error
  Env var required but not provided: 'POSTGRES_HOST'
[2025-12-07T21:17:26.408+0000] {docker.py:436} INFO - Exito dbt
Iniciando dbt run...
[2025-12-07T21:17:27.612+0000] {docker.py:436} INFO - [0m21:17:27  Running with dbt=1.10.15
[2025-12-07T21:17:27.616+0000] {docker.py:436} INFO - [0m21:17:27  Encountered an error:
Parsing Error
  Env var required but not provided: 'POSTGRES_HOST'
[2025-12-07T21:17:28.236+0000] {docker.py:436} INFO - Exito dbt
Iniciando dbt run...
[2025-12-07T21:17:29.387+0000] {docker.py:436} INFO - [0m21:17:29  Running with dbt=1.10.15
[2025-12-07T21:17:29.391+0000] {docker.py:436} INFO - [0m21:17:29  Encountered an error:
Parsing Error
  Env var required but not provided: 'POSTGRES_HOST'
[2025-12-07T21:17:29.999+0000] {docker.py:436} INFO - Exito dbt
Iniciando dbt run...
[2025-12-07T21:17:31.298+0000] {docker.py:436} INFO - [0m21:17:31  Running with dbt=1.10.15
[2025-12-07T21:17:31.302+0000] {docker.py:436} INFO - [0m21:17:31  Encountered an error:
Parsing Error
  Env var required but not provided: 'POSTGRES_HOST'
[2025-12-07T21:17:31.950+0000] {docker.py:436} INFO - Exito dbt
Iniciando dbt run...
[2025-12-07T21:17:33.409+0000] {docker.py:436} INFO - [0m21:17:33  Running with dbt=1.10.15
[2025-12-07T21:17:33.425+0000] {docker.py:436} INFO - [0m21:17:33  Encountered an error:
Parsing Error
  Env var required but not provided: 'POSTGRES_HOST'
[2025-12-07T21:17:34.174+0000] {docker.py:436} INFO - Exito dbt
Iniciando dbt run...
[2025-12-07T21:17:36.068+0000] {docker.py:436} INFO - [0m21:17:36  Running with dbt=1.10.15
[2025-12-07T21:17:36.078+0000] {docker.py:436} INFO - [0m21:17:36  Encountered an error:
Parsing Error
  Env var required but not provided: 'POSTGRES_HOST'
[2025-12-07T21:17:36.817+0000] {docker.py:436} INFO - Exito dbt
Iniciando dbt run...
[2025-12-07T21:17:38.231+0000] {docker.py:436} INFO - [0m21:17:38  Running with dbt=1.10.15
[2025-12-07T21:17:38.236+0000] {docker.py:436} INFO - [0m21:17:38  Encountered an error:
Parsing Error
  Env var required but not provided: 'POSTGRES_HOST'
[2025-12-07T21:17:38.892+0000] {docker.py:436} INFO - Exito dbt
Iniciando dbt run...
[2025-12-07T21:17:40.414+0000] {docker.py:436} INFO - [0m21:17:40  Running with dbt=1.10.15
[2025-12-07T21:17:40.423+0000] {docker.py:436} INFO - [0m21:17:40  Encountered an error:
Parsing Error
  Env var required but not provided: 'POSTGRES_HOST'
[2025-12-07T21:17:41.096+0000] {docker.py:436} INFO - Exito dbt
Iniciando dbt run...
[2025-12-07T21:17:42.931+0000] {docker.py:436} INFO - [0m21:17:42  Running with dbt=1.10.15
[2025-12-07T21:17:42.938+0000] {docker.py:436} INFO - [0m21:17:42  Encountered an error:
Parsing Error
  Env var required but not provided: 'POSTGRES_HOST'
[2025-12-07T21:17:43.649+0000] {docker.py:436} INFO - Exito dbt
Iniciando dbt run...
[2025-12-07T21:17:45.367+0000] {docker.py:436} INFO - [0m21:17:45  Running with dbt=1.10.15
[2025-12-07T21:17:45.389+0000] {docker.py:436} INFO - [0m21:17:45  Encountered an error:
Parsing Error
  Env var required but not provided: 'POSTGRES_HOST'
[2025-12-07T21:17:46.147+0000] {docker.py:436} INFO - Exito dbt
Iniciando dbt run...
[2025-12-07T21:17:48.280+0000] {docker.py:436} INFO - [0m21:17:48  Running with dbt=1.10.15
[2025-12-07T21:17:48.287+0000] {docker.py:436} INFO - [0m21:17:48  Encountered an error:
Parsing Error
  Env var required but not provided: 'POSTGRES_HOST'
[2025-12-07T21:17:49.087+0000] {docker.py:436} INFO - Exito dbt
Iniciando dbt run...
[2025-12-07T21:17:50.494+0000] {docker.py:436} INFO - [0m21:17:50  Running with dbt=1.10.15
[2025-12-07T21:17:50.498+0000] {docker.py:436} INFO - [0m21:17:50  Encountered an error:
Parsing Error
  Env var required but not provided: 'POSTGRES_HOST'
[2025-12-07T21:17:51.126+0000] {docker.py:436} INFO - Exito dbt
Iniciando dbt run...
[2025-12-07T21:17:52.323+0000] {docker.py:436} INFO - [0m21:17:52  Running with dbt=1.10.15
[2025-12-07T21:17:52.326+0000] {docker.py:436} INFO - [0m21:17:52  Encountered an error:
Parsing Error
  Env var required but not provided: 'POSTGRES_HOST'
[2025-12-07T21:17:52.939+0000] {docker.py:436} INFO - Exito dbt
Iniciando dbt run...
[2025-12-07T21:17:54.022+0000] {docker.py:436} INFO - [0m21:17:54  Running with dbt=1.10.15
[2025-12-07T21:17:54.026+0000] {docker.py:436} INFO - [0m21:17:54  Encountered an error:
Parsing Error
  Env var required but not provided: 'POSTGRES_HOST'
[2025-12-07T21:17:54.592+0000] {docker.py:436} INFO - Exito dbt
Iniciando dbt run...
[2025-12-07T21:17:55.771+0000] {docker.py:436} INFO - [0m21:17:55  Running with dbt=1.10.15
[2025-12-07T21:17:55.780+0000] {docker.py:436} INFO - [0m21:17:55  Encountered an error:
Parsing Error
  Env var required but not provided: 'POSTGRES_HOST'
[2025-12-07T21:17:56.486+0000] {docker.py:436} INFO - Exito dbt
Iniciando dbt run...
[2025-12-07T21:17:57.904+0000] {docker.py:436} INFO - [0m21:17:57  Running with dbt=1.10.15
[2025-12-07T21:17:57.910+0000] {docker.py:436} INFO - [0m21:17:57  Encountered an error:
Parsing Error
  Env var required but not provided: 'POSTGRES_HOST'
[2025-12-07T21:17:58.598+0000] {docker.py:436} INFO - Exito dbt
Iniciando dbt run...
[2025-12-07T21:17:59.981+0000] {docker.py:436} INFO - [0m21:17:59  Running with dbt=1.10.15
[2025-12-07T21:17:59.986+0000] {docker.py:436} INFO - [0m21:17:59  Encountered an error:
Parsing Error
  Env var required but not provided: 'POSTGRES_HOST'
[2025-12-07T21:18:00.651+0000] {docker.py:436} INFO - Exito dbt
Iniciando dbt run...
[2025-12-07T21:18:01.916+0000] {docker.py:436} INFO - [0m21:18:01  Running with dbt=1.10.15
[2025-12-07T21:18:01.920+0000] {docker.py:436} INFO - [0m21:18:01  Encountered an error:
Parsing Error
  Env var required but not provided: 'POSTGRES_HOST'
[2025-12-07T21:18:02.530+0000] {docker.py:436} INFO - Exito dbt
Iniciando dbt run...
[2025-12-07T21:18:03.726+0000] {docker.py:436} INFO - [0m21:18:03  Running with dbt=1.10.15
[2025-12-07T21:18:03.731+0000] {docker.py:436} INFO - [0m21:18:03  Encountered an error:
Parsing Error
  Env var required but not provided: 'POSTGRES_HOST'
[2025-12-07T21:18:04.321+0000] {docker.py:436} INFO - Exito dbt
Iniciando dbt run...
[2025-12-07T21:18:05.423+0000] {docker.py:436} INFO - [0m21:18:05  Running with dbt=1.10.15
[2025-12-07T21:18:05.427+0000] {docker.py:436} INFO - [0m21:18:05  Encountered an error:
Parsing Error
  Env var required but not provided: 'POSTGRES_HOST'
[2025-12-07T21:18:06.031+0000] {docker.py:436} INFO - Exito dbt
Iniciando dbt run...
[2025-12-07T21:18:07.162+0000] {docker.py:436} INFO - [0m21:18:07  Running with dbt=1.10.15
[2025-12-07T21:18:07.164+0000] {docker.py:436} INFO - [0m21:18:07  Encountered an error:
Parsing Error
  Env var required but not provided: 'POSTGRES_HOST'
[2025-12-07T21:18:07.825+0000] {docker.py:436} INFO - Exito dbt
Iniciando dbt run...
[2025-12-07T21:18:09.247+0000] {docker.py:436} INFO - [0m21:18:09  Running with dbt=1.10.15
[2025-12-07T21:18:09.261+0000] {docker.py:436} INFO - [0m21:18:09  Encountered an error:
Parsing Error
  Env var required but not provided: 'POSTGRES_HOST'
[2025-12-07T21:18:10.011+0000] {docker.py:436} INFO - Exito dbt
Iniciando dbt run...
[2025-12-07T21:18:11.499+0000] {docker.py:436} INFO - [0m21:18:11  Running with dbt=1.10.15
[2025-12-07T21:18:11.504+0000] {docker.py:436} INFO - [0m21:18:11  Encountered an error:
Parsing Error
  Env var required but not provided: 'POSTGRES_HOST'
[2025-12-07T21:18:12.182+0000] {docker.py:436} INFO - Exito dbt
Iniciando dbt run...
[2025-12-07T21:18:13.448+0000] {docker.py:436} INFO - [0m21:18:13  Running with dbt=1.10.15
[2025-12-07T21:18:13.452+0000] {docker.py:436} INFO - [0m21:18:13  Encountered an error:
Parsing Error
  Env var required but not provided: 'POSTGRES_HOST'
[2025-12-07T21:18:14.050+0000] {docker.py:436} INFO - Exito dbt
Iniciando dbt run...
[2025-12-07T21:18:15.283+0000] {docker.py:436} INFO - [0m21:18:15  Running with dbt=1.10.15
[2025-12-07T21:18:15.287+0000] {docker.py:436} INFO - [0m21:18:15  Encountered an error:
Parsing Error
  Env var required but not provided: 'POSTGRES_HOST'
[2025-12-07T21:18:15.894+0000] {docker.py:436} INFO - Exito dbt
Iniciando dbt run...
[2025-12-07T21:18:17.253+0000] {docker.py:436} INFO - [0m21:18:17  Running with dbt=1.10.15
[2025-12-07T21:18:17.256+0000] {docker.py:436} INFO - [0m21:18:17  Encountered an error:
Parsing Error
  Env var required but not provided: 'POSTGRES_HOST'
[2025-12-07T21:18:17.851+0000] {docker.py:436} INFO - Exito dbt
Iniciando dbt run...
[2025-12-07T21:18:19.327+0000] {docker.py:436} INFO - [0m21:18:19  Running with dbt=1.10.15
[2025-12-07T21:18:19.333+0000] {docker.py:436} INFO - [0m21:18:19  Encountered an error:
Parsing Error
  Env var required but not provided: 'POSTGRES_HOST'
[2025-12-07T21:18:20.049+0000] {docker.py:436} INFO - Exito dbt
Iniciando dbt run...
[2025-12-07T21:18:21.779+0000] {docker.py:436} INFO - [0m21:18:21  Running with dbt=1.10.15
[2025-12-07T21:18:21.786+0000] {docker.py:436} INFO - [0m21:18:21  Encountered an error:
Parsing Error
  Env var required but not provided: 'POSTGRES_HOST'
[2025-12-07T21:18:22.506+0000] {docker.py:436} INFO - Exito dbt
Iniciando dbt run...
[2025-12-07T21:18:24.590+0000] {docker.py:436} INFO - [0m21:18:24  Running with dbt=1.10.15
[2025-12-07T21:18:24.595+0000] {docker.py:436} INFO - [0m21:18:24  Encountered an error:
Parsing Error
  Env var required but not provided: 'POSTGRES_HOST'
[2025-12-07T21:18:25.279+0000] {docker.py:436} INFO - Exito dbt
Iniciando dbt run...
[2025-12-07T21:18:26.622+0000] {docker.py:436} INFO - [0m21:18:26  Running with dbt=1.10.15
[2025-12-07T21:18:26.625+0000] {docker.py:436} INFO - [0m21:18:26  Encountered an error:
Parsing Error
  Env var required but not provided: 'POSTGRES_HOST'
[2025-12-07T21:18:27.220+0000] {docker.py:436} INFO - Exito dbt
Iniciando dbt run...
[2025-12-07T21:18:28.521+0000] {docker.py:436} INFO - [0m21:18:28  Running with dbt=1.10.15
[2025-12-07T21:18:28.525+0000] {docker.py:436} INFO - [0m21:18:28  Encountered an error:
Parsing Error
  Env var required but not provided: 'POSTGRES_HOST'
[2025-12-07T21:18:29.148+0000] {docker.py:436} INFO - Exito dbt
Iniciando dbt run...
[2025-12-07T21:18:30.418+0000] {docker.py:436} INFO - [0m21:18:30  Running with dbt=1.10.15
[2025-12-07T21:18:30.423+0000] {docker.py:436} INFO - [0m21:18:30  Encountered an error:
Parsing Error
  Env var required but not provided: 'POSTGRES_HOST'
[2025-12-07T21:18:31.103+0000] {docker.py:436} INFO - Exito dbt
Iniciando dbt run...
[2025-12-07T21:18:32.630+0000] {docker.py:436} INFO - [0m21:18:32  Running with dbt=1.10.15
[2025-12-07T21:18:32.640+0000] {docker.py:436} INFO - [0m21:18:32  Encountered an error:
Parsing Error
  Env var required but not provided: 'POSTGRES_HOST'
[2025-12-07T21:18:33.402+0000] {docker.py:436} INFO - Exito dbt
Iniciando dbt run...
[2025-12-07T21:18:35.650+0000] {docker.py:436} INFO - [0m21:18:35  Running with dbt=1.10.15
[2025-12-07T21:18:35.658+0000] {docker.py:436} INFO - [0m21:18:35  Encountered an error:
Parsing Error
  Env var required but not provided: 'POSTGRES_HOST'
[2025-12-07T21:18:36.278+0000] {docker.py:436} INFO - Exito dbt
Iniciando dbt run...
[2025-12-07T21:18:37.464+0000] {docker.py:436} INFO - [0m21:18:37  Running with dbt=1.10.15
[2025-12-07T21:18:37.468+0000] {docker.py:436} INFO - [0m21:18:37  Encountered an error:
Parsing Error
  Env var required but not provided: 'POSTGRES_HOST'
[2025-12-07T21:18:38.072+0000] {docker.py:436} INFO - Exito dbt
Iniciando dbt run...
[2025-12-07T21:18:39.187+0000] {docker.py:436} INFO - [0m21:18:39  Running with dbt=1.10.15
[2025-12-07T21:18:39.193+0000] {docker.py:436} INFO - [0m21:18:39  Encountered an error:
Parsing Error
  Env var required but not provided: 'POSTGRES_HOST'
[2025-12-07T21:18:39.790+0000] {docker.py:436} INFO - Exito dbt
Iniciando dbt run...
[2025-12-07T21:18:40.905+0000] {docker.py:436} INFO - [0m21:18:40  Running with dbt=1.10.15
[2025-12-07T21:18:40.909+0000] {docker.py:436} INFO - [0m21:18:40  Encountered an error:
Parsing Error
  Env var required but not provided: 'POSTGRES_HOST'
[2025-12-07T21:18:41.487+0000] {docker.py:436} INFO - Exito dbt
Iniciando dbt run...
[2025-12-07T21:18:42.598+0000] {docker.py:436} INFO - [0m21:18:42  Running with dbt=1.10.15
[2025-12-07T21:18:42.601+0000] {docker.py:436} INFO - [0m21:18:42  Encountered an error:
Parsing Error
  Env var required but not provided: 'POSTGRES_HOST'
[2025-12-07T21:18:43.194+0000] {docker.py:436} INFO - Exito dbt
Iniciando dbt run...
[2025-12-07T21:18:44.598+0000] {docker.py:436} INFO - [0m21:18:44  Running with dbt=1.10.15
[2025-12-07T21:18:44.616+0000] {docker.py:436} INFO - [0m21:18:44  Encountered an error:
Parsing Error
  Env var required but not provided: 'POSTGRES_HOST'
[2025-12-07T21:18:45.268+0000] {docker.py:436} INFO - Exito dbt
Iniciando dbt run...
[2025-12-07T21:18:46.592+0000] {docker.py:436} INFO - [0m21:18:46  Running with dbt=1.10.15
[2025-12-07T21:18:46.598+0000] {docker.py:436} INFO - [0m21:18:46  Encountered an error:
Parsing Error
  Env var required but not provided: 'POSTGRES_HOST'
[2025-12-07T21:18:47.329+0000] {docker.py:436} INFO - Exito dbt
Iniciando dbt run...
[2025-12-07T21:18:48.564+0000] {docker.py:436} INFO - [0m21:18:48  Running with dbt=1.10.15
[2025-12-07T21:18:48.568+0000] {docker.py:436} INFO - [0m21:18:48  Encountered an error:
Parsing Error
  Env var required but not provided: 'POSTGRES_HOST'
[2025-12-07T21:18:49.209+0000] {docker.py:436} INFO - Exito dbt
Iniciando dbt run...
[2025-12-07T21:18:50.403+0000] {docker.py:436} INFO - [0m21:18:50  Running with dbt=1.10.15
[2025-12-07T21:18:50.408+0000] {docker.py:436} INFO - [0m21:18:50  Encountered an error:
Parsing Error
  Env var required but not provided: 'POSTGRES_HOST'
[2025-12-07T21:18:51.037+0000] {docker.py:436} INFO - Exito dbt
Iniciando dbt run...
[2025-12-07T21:18:52.353+0000] {docker.py:436} INFO - [0m21:18:52  Running with dbt=1.10.15
[2025-12-07T21:18:52.357+0000] {docker.py:436} INFO - [0m21:18:52  Encountered an error:
Parsing Error
  Env var required but not provided: 'POSTGRES_HOST'
[2025-12-07T21:18:53.000+0000] {docker.py:436} INFO - Exito dbt
Iniciando dbt run...
[2025-12-07T21:18:54.155+0000] {docker.py:436} INFO - [0m21:18:54  Running with dbt=1.10.15
[2025-12-07T21:18:54.160+0000] {docker.py:436} INFO - [0m21:18:54  Encountered an error:
Parsing Error
  Env var required but not provided: 'POSTGRES_HOST'
[2025-12-07T21:18:54.796+0000] {docker.py:436} INFO - Exito dbt
Iniciando dbt run...
[2025-12-07T21:18:55.943+0000] {docker.py:436} INFO - [0m21:18:55  Running with dbt=1.10.15
[2025-12-07T21:18:55.950+0000] {docker.py:436} INFO - [0m21:18:55  Encountered an error:
Parsing Error
  Env var required but not provided: 'POSTGRES_HOST'
[2025-12-07T21:18:56.667+0000] {docker.py:436} INFO - Exito dbt
Iniciando dbt run...
[2025-12-07T21:18:58.028+0000] {docker.py:436} INFO - [0m21:18:58  Running with dbt=1.10.15
[2025-12-07T21:18:58.033+0000] {docker.py:436} INFO - [0m21:18:58  Encountered an error:
Parsing Error
  Env var required but not provided: 'POSTGRES_HOST'
[2025-12-07T21:18:58.640+0000] {docker.py:436} INFO - Exito dbt
Iniciando dbt run...
[2025-12-07T21:18:59.866+0000] {docker.py:436} INFO - [0m21:18:59  Running with dbt=1.10.15
[2025-12-07T21:18:59.871+0000] {docker.py:436} INFO - [0m21:18:59  Encountered an error:
Parsing Error
  Env var required but not provided: 'POSTGRES_HOST'
[2025-12-07T21:19:00.484+0000] {docker.py:436} INFO - Exito dbt
Iniciando dbt run...
[2025-12-07T21:19:01.517+0000] {docker.py:436} INFO - [0m21:19:01  Running with dbt=1.10.15
[2025-12-07T21:19:01.522+0000] {docker.py:436} INFO - [0m21:19:01  Encountered an error:
Parsing Error
  Env var required but not provided: 'POSTGRES_HOST'
[2025-12-07T21:19:02.142+0000] {docker.py:436} INFO - Exito dbt
Iniciando dbt run...
[2025-12-07T21:19:03.159+0000] {docker.py:436} INFO - [0m21:19:03  Running with dbt=1.10.15
[2025-12-07T21:19:03.163+0000] {docker.py:436} INFO - [0m21:19:03  Encountered an error:
Parsing Error
  Env var required but not provided: 'POSTGRES_HOST'
[2025-12-07T21:19:03.771+0000] {docker.py:436} INFO - Exito dbt
Iniciando dbt run...
[2025-12-07T21:19:04.825+0000] {docker.py:436} INFO - [0m21:19:04  Running with dbt=1.10.15
[2025-12-07T21:19:04.829+0000] {docker.py:436} INFO - [0m21:19:04  Encountered an error:
Parsing Error
  Env var required but not provided: 'POSTGRES_HOST'
[2025-12-07T21:19:05.446+0000] {docker.py:436} INFO - Exito dbt
Iniciando dbt run...
[2025-12-07T21:19:06.578+0000] {docker.py:436} INFO - [0m21:19:06  Running with dbt=1.10.15
[2025-12-07T21:19:06.583+0000] {docker.py:436} INFO - [0m21:19:06  Encountered an error:
Parsing Error
  Env var required but not provided: 'POSTGRES_HOST'
[2025-12-07T21:19:07.211+0000] {docker.py:436} INFO - Exito dbt
Iniciando dbt run...
[2025-12-07T21:19:08.324+0000] {docker.py:436} INFO - [0m21:19:08  Running with dbt=1.10.15
[2025-12-07T21:19:08.327+0000] {docker.py:436} INFO - [0m21:19:08  Encountered an error:
Parsing Error
  Env var required but not provided: 'POSTGRES_HOST'
[2025-12-07T21:19:08.925+0000] {docker.py:436} INFO - Exito dbt
Iniciando dbt run...
[2025-12-07T21:19:10.143+0000] {docker.py:436} INFO - [0m21:19:10  Running with dbt=1.10.15
[2025-12-07T21:19:10.147+0000] {docker.py:436} INFO - [0m21:19:10  Encountered an error:
Parsing Error
  Env var required but not provided: 'POSTGRES_HOST'
[2025-12-07T21:19:10.761+0000] {docker.py:436} INFO - Exito dbt
Iniciando dbt run...
[2025-12-07T21:19:11.789+0000] {docker.py:436} INFO - [0m21:19:11  Running with dbt=1.10.15
[2025-12-07T21:19:11.793+0000] {docker.py:436} INFO - [0m21:19:11  Encountered an error:
Parsing Error
  Env var required but not provided: 'POSTGRES_HOST'
[2025-12-07T21:19:12.425+0000] {docker.py:436} INFO - Exito dbt
Iniciando dbt run...
[2025-12-07T21:19:13.471+0000] {docker.py:436} INFO - [0m21:19:13  Running with dbt=1.10.15
[2025-12-07T21:19:13.474+0000] {docker.py:436} INFO - [0m21:19:13  Encountered an error:
Parsing Error
  Env var required but not provided: 'POSTGRES_HOST'
[2025-12-07T21:19:14.061+0000] {docker.py:436} INFO - Exito dbt
Iniciando dbt run...
[2025-12-07T21:19:15.146+0000] {docker.py:436} INFO - [0m21:19:15  Running with dbt=1.10.15
[2025-12-07T21:19:15.149+0000] {docker.py:436} INFO - [0m21:19:15  Encountered an error:
Parsing Error
  Env var required but not provided: 'POSTGRES_HOST'
[2025-12-07T21:19:15.759+0000] {docker.py:436} INFO - Exito dbt
Iniciando dbt run...
[2025-12-07T21:19:16.922+0000] {docker.py:436} INFO - [0m21:19:16  Running with dbt=1.10.15
[2025-12-07T21:19:16.926+0000] {docker.py:436} INFO - [0m21:19:16  Encountered an error:
Parsing Error
  Env var required but not provided: 'POSTGRES_HOST'
[2025-12-07T21:19:17.575+0000] {docker.py:436} INFO - Exito dbt
Iniciando dbt run...
[2025-12-07T21:19:18.674+0000] {docker.py:436} INFO - [0m21:19:18  Running with dbt=1.10.15
[2025-12-07T21:19:18.677+0000] {docker.py:436} INFO - [0m21:19:18  Encountered an error:
Parsing Error
  Env var required but not provided: 'POSTGRES_HOST'
[2025-12-07T21:19:19.352+0000] {docker.py:436} INFO - Exito dbt
Iniciando dbt run...
[2025-12-07T21:19:20.479+0000] {docker.py:436} INFO - [0m21:19:20  Running with dbt=1.10.15
[2025-12-07T21:19:20.480+0000] {docker.py:436} INFO - [0m21:19:20  Encountered an error:
Parsing Error
  Env var required but not provided: 'POSTGRES_HOST'
[2025-12-07T21:19:21.153+0000] {docker.py:436} INFO - Exito dbt
Iniciando dbt run...
[2025-12-07T21:19:22.489+0000] {docker.py:436} INFO - [0m21:19:22  Running with dbt=1.10.15
[2025-12-07T21:19:22.492+0000] {docker.py:436} INFO - [0m21:19:22  Encountered an error:
Parsing Error
  Env var required but not provided: 'POSTGRES_HOST'
[2025-12-07T21:19:23.103+0000] {docker.py:436} INFO - Exito dbt
Iniciando dbt run...
[2025-12-07T21:19:24.187+0000] {docker.py:436} INFO - [0m21:19:24  Running with dbt=1.10.15
[2025-12-07T21:19:24.188+0000] {docker.py:436} INFO - [0m21:19:24  Encountered an error:
Parsing Error
  Env var required but not provided: 'POSTGRES_HOST'
[2025-12-07T21:19:24.778+0000] {docker.py:436} INFO - Exito dbt
Iniciando dbt run...
[2025-12-07T21:19:25.976+0000] {docker.py:436} INFO - [0m21:19:25  Running with dbt=1.10.15
[2025-12-07T21:19:25.991+0000] {docker.py:436} INFO - [0m21:19:25  Encountered an error:
Parsing Error
  Env var required but not provided: 'POSTGRES_HOST'
[2025-12-07T21:19:26.757+0000] {docker.py:436} INFO - Exito dbt
Iniciando dbt run...
[2025-12-07T21:19:27.989+0000] {docker.py:436} INFO - [0m21:19:27  Running with dbt=1.10.15
[2025-12-07T21:19:27.992+0000] {docker.py:436} INFO - [0m21:19:27  Encountered an error:
Parsing Error
  Env var required but not provided: 'POSTGRES_HOST'
[2025-12-07T21:19:28.597+0000] {docker.py:436} INFO - Exito dbt
Iniciando dbt run...
[2025-12-07T21:19:29.725+0000] {docker.py:436} INFO - [0m21:19:29  Running with dbt=1.10.15
[2025-12-07T21:19:29.729+0000] {docker.py:436} INFO - [0m21:19:29  Encountered an error:
Parsing Error
  Env var required but not provided: 'POSTGRES_HOST'
[2025-12-07T21:19:30.312+0000] {docker.py:436} INFO - Exito dbt
Iniciando dbt run...
[2025-12-07T21:19:31.355+0000] {docker.py:436} INFO - [0m21:19:31  Running with dbt=1.10.15
[2025-12-07T21:19:31.359+0000] {docker.py:436} INFO - [0m21:19:31  Encountered an error:
Parsing Error
  Env var required but not provided: 'POSTGRES_HOST'
[2025-12-07T21:19:31.957+0000] {docker.py:436} INFO - Exito dbt
Iniciando dbt run...
[2025-12-07T21:19:33.172+0000] {docker.py:436} INFO - [0m21:19:33  Running with dbt=1.10.15
[2025-12-07T21:19:33.175+0000] {docker.py:436} INFO - [0m21:19:33  Encountered an error:
Parsing Error
  Env var required but not provided: 'POSTGRES_HOST'
[2025-12-07T21:19:33.752+0000] {docker.py:436} INFO - Exito dbt
Iniciando dbt run...
[2025-12-07T21:19:34.843+0000] {docker.py:436} INFO - [0m21:19:34  Running with dbt=1.10.15
[2025-12-07T21:19:34.847+0000] {docker.py:436} INFO - [0m21:19:34  Encountered an error:
Parsing Error
  Env var required but not provided: 'POSTGRES_HOST'
[2025-12-07T21:19:35.443+0000] {docker.py:436} INFO - Exito dbt
Iniciando dbt run...
[2025-12-07T21:19:36.592+0000] {docker.py:436} INFO - [0m21:19:36  Running with dbt=1.10.15
[2025-12-07T21:19:36.601+0000] {docker.py:436} INFO - [0m21:19:36  Encountered an error:
Parsing Error
  Env var required but not provided: 'POSTGRES_HOST'
[2025-12-07T21:19:37.275+0000] {docker.py:436} INFO - Exito dbt
Iniciando dbt run...
[2025-12-07T21:19:38.387+0000] {docker.py:436} INFO - [0m21:19:38  Running with dbt=1.10.15
[2025-12-07T21:19:38.391+0000] {docker.py:436} INFO - [0m21:19:38  Encountered an error:
Parsing Error
  Env var required but not provided: 'POSTGRES_HOST'
[2025-12-07T21:19:39.022+0000] {docker.py:436} INFO - Exito dbt
Iniciando dbt run...
[2025-12-07T21:19:40.166+0000] {docker.py:436} INFO - [0m21:19:40  Running with dbt=1.10.15
[2025-12-07T21:19:40.170+0000] {docker.py:436} INFO - [0m21:19:40  Encountered an error:
Parsing Error
  Env var required but not provided: 'POSTGRES_HOST'
[2025-12-07T21:19:40.753+0000] {docker.py:436} INFO - Exito dbt
Iniciando dbt run...
[2025-12-07T21:19:41.821+0000] {docker.py:436} INFO - [0m21:19:41  Running with dbt=1.10.15
[2025-12-07T21:19:41.824+0000] {docker.py:436} INFO - [0m21:19:41  Encountered an error:
Parsing Error
  Env var required but not provided: 'POSTGRES_HOST'
[2025-12-07T21:19:42.425+0000] {docker.py:436} INFO - Exito dbt
Iniciando dbt run...
[2025-12-07T21:19:43.482+0000] {docker.py:436} INFO - [0m21:19:43  Running with dbt=1.10.15
[2025-12-07T21:19:43.487+0000] {docker.py:436} INFO - [0m21:19:43  Encountered an error:
Parsing Error
  Env var required but not provided: 'POSTGRES_HOST'
[2025-12-07T21:19:44.092+0000] {docker.py:436} INFO - Exito dbt
Iniciando dbt run...
[2025-12-07T21:19:45.205+0000] {docker.py:436} INFO - [0m21:19:45  Running with dbt=1.10.15
[2025-12-07T21:19:45.209+0000] {docker.py:436} INFO - [0m21:19:45  Encountered an error:
Parsing Error
  Env var required but not provided: 'POSTGRES_HOST'
[2025-12-07T21:19:45.820+0000] {docker.py:436} INFO - Exito dbt
Iniciando dbt run...
[2025-12-07T21:19:47.003+0000] {docker.py:436} INFO - [0m21:19:46  Running with dbt=1.10.15
[2025-12-07T21:19:47.006+0000] {docker.py:436} INFO - [0m21:19:47  Encountered an error:
Parsing Error
  Env var required but not provided: 'POSTGRES_HOST'
[2025-12-07T21:19:47.732+0000] {docker.py:436} INFO - Exito dbt
Iniciando dbt run...
[2025-12-07T21:19:48.879+0000] {docker.py:436} INFO - [0m21:19:48  Running with dbt=1.10.15
[2025-12-07T21:19:48.883+0000] {docker.py:436} INFO - [0m21:19:48  Encountered an error:
Parsing Error
  Env var required but not provided: 'POSTGRES_HOST'
[2025-12-07T21:19:49.461+0000] {docker.py:436} INFO - Exito dbt
Iniciando dbt run...
[2025-12-07T21:19:50.583+0000] {docker.py:436} INFO - [0m21:19:50  Running with dbt=1.10.15
[2025-12-07T21:19:50.586+0000] {docker.py:436} INFO - [0m21:19:50  Encountered an error:
Parsing Error
  Env var required but not provided: 'POSTGRES_HOST'
[2025-12-07T21:19:51.189+0000] {docker.py:436} INFO - Exito dbt
Iniciando dbt run...
[2025-12-07T21:19:52.283+0000] {docker.py:436} INFO - [0m21:19:52  Running with dbt=1.10.15
[2025-12-07T21:19:52.287+0000] {docker.py:436} INFO - [0m21:19:52  Encountered an error:
Parsing Error
  Env var required but not provided: 'POSTGRES_HOST'
[2025-12-07T21:19:52.878+0000] {docker.py:436} INFO - Exito dbt
Iniciando dbt run...
[2025-12-07T21:19:53.916+0000] {docker.py:436} INFO - [0m21:19:53  Running with dbt=1.10.15
[2025-12-07T21:19:53.920+0000] {docker.py:436} INFO - [0m21:19:53  Encountered an error:
Parsing Error
  Env var required but not provided: 'POSTGRES_HOST'
[2025-12-07T21:19:54.519+0000] {docker.py:436} INFO - Exito dbt
Iniciando dbt run...
[2025-12-07T21:19:55.826+0000] {docker.py:436} INFO - [0m21:19:55  Running with dbt=1.10.15
[2025-12-07T21:19:55.831+0000] {docker.py:436} INFO - [0m21:19:55  Encountered an error:
Parsing Error
  Env var required but not provided: 'POSTGRES_HOST'
[2025-12-07T21:19:56.499+0000] {docker.py:436} INFO - Exito dbt
Iniciando dbt run...
[2025-12-07T21:19:57.831+0000] {docker.py:436} INFO - [0m21:19:57  Running with dbt=1.10.15
[2025-12-07T21:19:57.837+0000] {docker.py:436} INFO - [0m21:19:57  Encountered an error:
Parsing Error
  Env var required but not provided: 'POSTGRES_HOST'
[2025-12-07T21:19:58.493+0000] {docker.py:436} INFO - Exito dbt
Iniciando dbt run...
[2025-12-07T21:19:59.671+0000] {docker.py:436} INFO - [0m21:19:59  Running with dbt=1.10.15
[2025-12-07T21:19:59.674+0000] {docker.py:436} INFO - [0m21:19:59  Encountered an error:
Parsing Error
  Env var required but not provided: 'POSTGRES_HOST'
[2025-12-07T21:20:00.357+0000] {docker.py:436} INFO - Exito dbt
Iniciando dbt run...
[2025-12-07T21:20:01.534+0000] {docker.py:436} INFO - [0m21:20:01  Running with dbt=1.10.15
[2025-12-07T21:20:01.537+0000] {docker.py:436} INFO - [0m21:20:01  Encountered an error:
Parsing Error
  Env var required but not provided: 'POSTGRES_HOST'
[2025-12-07T21:20:02.138+0000] {docker.py:436} INFO - Exito dbt
Iniciando dbt run...
[2025-12-07T21:20:03.220+0000] {docker.py:436} INFO - [0m21:20:03  Running with dbt=1.10.15
[2025-12-07T21:20:03.225+0000] {docker.py:436} INFO - [0m21:20:03  Encountered an error:
Parsing Error
  Env var required but not provided: 'POSTGRES_HOST'
[2025-12-07T21:20:03.819+0000] {docker.py:436} INFO - Exito dbt
Iniciando dbt run...
[2025-12-07T21:20:04.919+0000] {docker.py:436} INFO - [0m21:20:04  Running with dbt=1.10.15
[2025-12-07T21:20:04.924+0000] {docker.py:436} INFO - [0m21:20:04  Encountered an error:
Parsing Error
  Env var required but not provided: 'POSTGRES_HOST'
[2025-12-07T21:20:05.551+0000] {docker.py:436} INFO - Exito dbt
Iniciando dbt run...
[2025-12-07T21:20:06.980+0000] {docker.py:436} INFO - [0m21:20:06  Running with dbt=1.10.15
[2025-12-07T21:20:06.987+0000] {docker.py:436} INFO - [0m21:20:06  Encountered an error:
Parsing Error
  Env var required but not provided: 'POSTGRES_HOST'
[2025-12-07T21:20:07.658+0000] {docker.py:436} INFO - Exito dbt
Iniciando dbt run...
[2025-12-07T21:20:08.751+0000] {docker.py:436} INFO - [0m21:20:08  Running with dbt=1.10.15
[2025-12-07T21:20:08.753+0000] {docker.py:436} INFO - [0m21:20:08  Encountered an error:
Parsing Error
  Env var required but not provided: 'POSTGRES_HOST'
[2025-12-07T21:20:09.349+0000] {docker.py:436} INFO - Exito dbt
Iniciando dbt run...
[2025-12-07T21:20:10.488+0000] {docker.py:436} INFO - [0m21:20:10  Running with dbt=1.10.15
[2025-12-07T21:20:10.491+0000] {docker.py:436} INFO - [0m21:20:10  Encountered an error:
Parsing Error
  Env var required but not provided: 'POSTGRES_HOST'
[2025-12-07T21:20:11.074+0000] {docker.py:436} INFO - Exito dbt
Iniciando dbt run...
[2025-12-07T21:20:12.116+0000] {docker.py:436} INFO - [0m21:20:12  Running with dbt=1.10.15
[2025-12-07T21:20:12.120+0000] {docker.py:436} INFO - [0m21:20:12  Encountered an error:
Parsing Error
  Env var required but not provided: 'POSTGRES_HOST'
[2025-12-07T21:20:12.722+0000] {docker.py:436} INFO - Exito dbt
Iniciando dbt run...
[2025-12-07T21:20:13.768+0000] {docker.py:436} INFO - [0m21:20:13  Running with dbt=1.10.15
[2025-12-07T21:20:13.771+0000] {docker.py:436} INFO - [0m21:20:13  Encountered an error:
Parsing Error
  Env var required but not provided: 'POSTGRES_HOST'
[2025-12-07T21:20:14.395+0000] {docker.py:436} INFO - Exito dbt
Iniciando dbt run...
[2025-12-07T21:20:15.497+0000] {docker.py:436} INFO - [0m21:20:15  Running with dbt=1.10.15
[2025-12-07T21:20:15.502+0000] {docker.py:436} INFO - [0m21:20:15  Encountered an error:
Parsing Error
  Env var required but not provided: 'POSTGRES_HOST'
[2025-12-07T21:20:16.173+0000] {docker.py:436} INFO - Exito dbt
Iniciando dbt run...
[2025-12-07T21:20:17.443+0000] {docker.py:436} INFO - [0m21:20:17  Running with dbt=1.10.15
[2025-12-07T21:20:17.449+0000] {docker.py:436} INFO - [0m21:20:17  Encountered an error:
Parsing Error
  Env var required but not provided: 'POSTGRES_HOST'
[2025-12-07T21:20:18.089+0000] {docker.py:436} INFO - Exito dbt
Iniciando dbt run...
[2025-12-07T21:20:19.330+0000] {docker.py:436} INFO - [0m21:20:19  Running with dbt=1.10.15
[2025-12-07T21:20:19.334+0000] {docker.py:436} INFO - [0m21:20:19  Encountered an error:
Parsing Error
  Env var required but not provided: 'POSTGRES_HOST'
[2025-12-07T21:20:20.002+0000] {docker.py:436} INFO - Exito dbt
Iniciando dbt run...
[2025-12-07T21:20:21.219+0000] {docker.py:436} INFO - [0m21:20:21  Running with dbt=1.10.15
[2025-12-07T21:20:21.224+0000] {docker.py:436} INFO - [0m21:20:21  Encountered an error:
Parsing Error
  Env var required but not provided: 'POSTGRES_HOST'
[2025-12-07T21:20:21.855+0000] {docker.py:436} INFO - Exito dbt
Iniciando dbt run...
[2025-12-07T21:20:23.008+0000] {docker.py:436} INFO - [0m21:20:23  Running with dbt=1.10.15
[2025-12-07T21:20:23.013+0000] {docker.py:436} INFO - [0m21:20:23  Encountered an error:
Parsing Error
  Env var required but not provided: 'POSTGRES_HOST'
[2025-12-07T21:20:23.586+0000] {docker.py:436} INFO - Exito dbt
Iniciando dbt run...
[2025-12-07T21:20:24.689+0000] {docker.py:436} INFO - [0m21:20:24  Running with dbt=1.10.15
[2025-12-07T21:20:24.692+0000] {docker.py:436} INFO - [0m21:20:24  Encountered an error:
Parsing Error
  Env var required but not provided: 'POSTGRES_HOST'
[2025-12-07T21:20:25.322+0000] {docker.py:436} INFO - Exito dbt
Iniciando dbt run...
[2025-12-07T21:20:26.444+0000] {docker.py:436} INFO - [0m21:20:26  Running with dbt=1.10.15
[2025-12-07T21:20:26.451+0000] {docker.py:436} INFO - [0m21:20:26  Encountered an error:
Parsing Error
  Env var required but not provided: 'POSTGRES_HOST'
[2025-12-07T21:20:27.149+0000] {docker.py:436} INFO - Exito dbt
Iniciando dbt run...
[2025-12-07T21:20:28.318+0000] {docker.py:436} INFO - [0m21:20:28  Running with dbt=1.10.15
[2025-12-07T21:20:28.321+0000] {docker.py:436} INFO - [0m21:20:28  Encountered an error:
Parsing Error
  Env var required but not provided: 'POSTGRES_HOST'
[2025-12-07T21:20:28.947+0000] {docker.py:436} INFO - Exito dbt
Iniciando dbt run...
[2025-12-07T21:20:30.287+0000] {docker.py:436} INFO - [0m21:20:30  Running with dbt=1.10.15
[2025-12-07T21:20:30.290+0000] {docker.py:436} INFO - [0m21:20:30  Encountered an error:
Parsing Error
  Env var required but not provided: 'POSTGRES_HOST'
[2025-12-07T21:20:30.865+0000] {docker.py:436} INFO - Exito dbt
Iniciando dbt run...
[2025-12-07T21:20:31.920+0000] {docker.py:436} INFO - [0m21:20:31  Running with dbt=1.10.15
[2025-12-07T21:20:31.923+0000] {docker.py:436} INFO - [0m21:20:31  Encountered an error:
Parsing Error
  Env var required but not provided: 'POSTGRES_HOST'
[2025-12-07T21:20:32.520+0000] {docker.py:436} INFO - Exito dbt
Iniciando dbt run...
[2025-12-07T21:20:33.589+0000] {docker.py:436} INFO - [0m21:20:33  Running with dbt=1.10.15
[2025-12-07T21:20:33.593+0000] {docker.py:436} INFO - [0m21:20:33  Encountered an error:
Parsing Error
  Env var required but not provided: 'POSTGRES_HOST'
[2025-12-07T21:20:34.242+0000] {docker.py:436} INFO - Exito dbt
Iniciando dbt run...
[2025-12-07T21:20:35.351+0000] {docker.py:436} INFO - [0m21:20:35  Running with dbt=1.10.15
[2025-12-07T21:20:35.358+0000] {docker.py:436} INFO - [0m21:20:35  Encountered an error:
Parsing Error
  Env var required but not provided: 'POSTGRES_HOST'
[2025-12-07T21:20:36.023+0000] {docker.py:436} INFO - Exito dbt
Iniciando dbt run...
[2025-12-07T21:20:37.137+0000] {docker.py:436} INFO - [0m21:20:37  Running with dbt=1.10.15
[2025-12-07T21:20:37.145+0000] {docker.py:436} INFO - [0m21:20:37  Encountered an error:
Parsing Error
  Env var required but not provided: 'POSTGRES_HOST'
[2025-12-07T21:20:37.724+0000] {docker.py:436} INFO - Exito dbt
Iniciando dbt run...
[2025-12-07T21:20:38.797+0000] {docker.py:436} INFO - [0m21:20:38  Running with dbt=1.10.15
[2025-12-07T21:20:38.800+0000] {docker.py:436} INFO - [0m21:20:38  Encountered an error:
Parsing Error
  Env var required but not provided: 'POSTGRES_HOST'
[2025-12-07T21:20:39.362+0000] {docker.py:436} INFO - Exito dbt
Iniciando dbt run...
[2025-12-07T21:20:40.528+0000] {docker.py:436} INFO - [0m21:20:40  Running with dbt=1.10.15
[2025-12-07T21:20:40.536+0000] {docker.py:436} INFO - [0m21:20:40  Encountered an error:
Parsing Error
  Env var required but not provided: 'POSTGRES_HOST'
[2025-12-07T21:20:41.169+0000] {docker.py:436} INFO - Exito dbt
Iniciando dbt run...
[2025-12-07T21:20:42.258+0000] {docker.py:436} INFO - [0m21:20:42  Running with dbt=1.10.15
[2025-12-07T21:20:42.261+0000] {docker.py:436} INFO - [0m21:20:42  Encountered an error:
Parsing Error
  Env var required but not provided: 'POSTGRES_HOST'
[2025-12-07T21:20:42.857+0000] {docker.py:436} INFO - Exito dbt
Iniciando dbt run...
[2025-12-07T21:20:43.912+0000] {docker.py:436} INFO - [0m21:20:43  Running with dbt=1.10.15
[2025-12-07T21:20:43.915+0000] {docker.py:436} INFO - [0m21:20:43  Encountered an error:
Parsing Error
  Env var required but not provided: 'POSTGRES_HOST'
[2025-12-07T21:20:44.517+0000] {docker.py:436} INFO - Exito dbt
Iniciando dbt run...
[2025-12-07T21:20:45.648+0000] {docker.py:436} INFO - [0m21:20:45  Running with dbt=1.10.15
[2025-12-07T21:20:45.658+0000] {docker.py:436} INFO - [0m21:20:45  Encountered an error:
Parsing Error
  Env var required but not provided: 'POSTGRES_HOST'
[2025-12-07T21:20:46.320+0000] {docker.py:436} INFO - Exito dbt
Iniciando dbt run...
[2025-12-07T21:20:47.570+0000] {docker.py:436} INFO - [0m21:20:47  Running with dbt=1.10.15
[2025-12-07T21:20:47.573+0000] {docker.py:436} INFO - [0m21:20:47  Encountered an error:
Parsing Error
  Env var required but not provided: 'POSTGRES_HOST'
[2025-12-07T21:20:48.161+0000] {docker.py:436} INFO - Exito dbt
Iniciando dbt run...
[2025-12-07T21:20:49.272+0000] {docker.py:436} INFO - [0m21:20:49  Running with dbt=1.10.15
[2025-12-07T21:20:49.276+0000] {docker.py:436} INFO - [0m21:20:49  Encountered an error:
Parsing Error
  Env var required but not provided: 'POSTGRES_HOST'
[2025-12-07T21:20:49.891+0000] {docker.py:436} INFO - Exito dbt
Iniciando dbt run...
[2025-12-07T21:20:51.017+0000] {docker.py:436} INFO - [0m21:20:51  Running with dbt=1.10.15
[2025-12-07T21:20:51.021+0000] {docker.py:436} INFO - [0m21:20:51  Encountered an error:
Parsing Error
  Env var required but not provided: 'POSTGRES_HOST'
[2025-12-07T21:20:51.610+0000] {docker.py:436} INFO - Exito dbt
Iniciando dbt run...
[2025-12-07T21:20:52.838+0000] {docker.py:436} INFO - [0m21:20:52  Running with dbt=1.10.15
[2025-12-07T21:20:52.842+0000] {docker.py:436} INFO - [0m21:20:52  Encountered an error:
Parsing Error
  Env var required but not provided: 'POSTGRES_HOST'
[2025-12-07T21:20:53.452+0000] {docker.py:436} INFO - Exito dbt
Iniciando dbt run...
[2025-12-07T21:20:54.509+0000] {docker.py:436} INFO - [0m21:20:54  Running with dbt=1.10.15
[2025-12-07T21:20:54.512+0000] {docker.py:436} INFO - [0m21:20:54  Encountered an error:
Parsing Error
  Env var required but not provided: 'POSTGRES_HOST'
[2025-12-07T21:20:55.101+0000] {docker.py:436} INFO - Exito dbt
Iniciando dbt run...
[2025-12-07T21:20:56.259+0000] {docker.py:436} INFO - [0m21:20:56  Running with dbt=1.10.15
[2025-12-07T21:20:56.260+0000] {docker.py:436} INFO - [0m21:20:56  Encountered an error:
Parsing Error
  Env var required but not provided: 'POSTGRES_HOST'
[2025-12-07T21:20:56.946+0000] {docker.py:436} INFO - Exito dbt
Iniciando dbt run...
[2025-12-07T21:20:58.116+0000] {docker.py:436} INFO - [0m21:20:58  Running with dbt=1.10.15
[2025-12-07T21:20:58.120+0000] {docker.py:436} INFO - [0m21:20:58  Encountered an error:
Parsing Error
  Env var required but not provided: 'POSTGRES_HOST'
[2025-12-07T21:20:58.722+0000] {docker.py:436} INFO - Exito dbt
Iniciando dbt run...
[2025-12-07T21:20:59.886+0000] {docker.py:436} INFO - [0m21:20:59  Running with dbt=1.10.15
[2025-12-07T21:20:59.890+0000] {docker.py:436} INFO - [0m21:20:59  Encountered an error:
Parsing Error
  Env var required but not provided: 'POSTGRES_HOST'
[2025-12-07T21:21:00.527+0000] {docker.py:436} INFO - Exito dbt
Iniciando dbt run...
[2025-12-07T21:21:01.592+0000] {docker.py:436} INFO - [0m21:21:01  Running with dbt=1.10.15
[2025-12-07T21:21:01.596+0000] {docker.py:436} INFO - [0m21:21:01  Encountered an error:
Parsing Error
  Env var required but not provided: 'POSTGRES_HOST'
[2025-12-07T21:21:02.203+0000] {docker.py:436} INFO - Exito dbt
Iniciando dbt run...
[2025-12-07T21:21:03.341+0000] {docker.py:436} INFO - [0m21:21:03  Running with dbt=1.10.15
[2025-12-07T21:21:03.345+0000] {docker.py:436} INFO - [0m21:21:03  Encountered an error:
Parsing Error
  Env var required but not provided: 'POSTGRES_HOST'
[2025-12-07T21:21:03.955+0000] {docker.py:436} INFO - Exito dbt
Iniciando dbt run...
[2025-12-07T21:21:05.127+0000] {docker.py:436} INFO - [0m21:21:05  Running with dbt=1.10.15
[2025-12-07T21:21:05.132+0000] {docker.py:436} INFO - [0m21:21:05  Encountered an error:
Parsing Error
  Env var required but not provided: 'POSTGRES_HOST'
[2025-12-07T21:21:05.841+0000] {docker.py:436} INFO - Exito dbt
Iniciando dbt run...
[2025-12-07T21:21:07.359+0000] {docker.py:436} INFO - [0m21:21:07  Running with dbt=1.10.15
[2025-12-07T21:21:07.364+0000] {docker.py:436} INFO - [0m21:21:07  Encountered an error:
Parsing Error
  Env var required but not provided: 'POSTGRES_HOST'
[2025-12-07T21:21:08.259+0000] {docker.py:436} INFO - Exito dbt
Iniciando dbt run...
[2025-12-07T21:21:09.840+0000] {docker.py:436} INFO - [0m21:21:09  Running with dbt=1.10.15
[2025-12-07T21:21:09.845+0000] {docker.py:436} INFO - [0m21:21:09  Encountered an error:
Parsing Error
  Env var required but not provided: 'POSTGRES_HOST'
[2025-12-07T21:21:10.549+0000] {docker.py:436} INFO - Exito dbt
Iniciando dbt run...
[2025-12-07T21:21:11.676+0000] {docker.py:436} INFO - [0m21:21:11  Running with dbt=1.10.15
[2025-12-07T21:21:11.680+0000] {docker.py:436} INFO - [0m21:21:11  Encountered an error:
Parsing Error
  Env var required but not provided: 'POSTGRES_HOST'
[2025-12-07T21:21:12.293+0000] {docker.py:436} INFO - Exito dbt
Iniciando dbt run...
[2025-12-07T21:21:13.352+0000] {docker.py:436} INFO - [0m21:21:13  Running with dbt=1.10.15
[2025-12-07T21:21:13.355+0000] {docker.py:436} INFO - [0m21:21:13  Encountered an error:
Parsing Error
  Env var required but not provided: 'POSTGRES_HOST'
[2025-12-07T21:21:13.943+0000] {docker.py:436} INFO - Exito dbt
Iniciando dbt run...
[2025-12-07T21:21:15.225+0000] {docker.py:436} INFO - [0m21:21:15  Running with dbt=1.10.15
[2025-12-07T21:21:15.229+0000] {docker.py:436} INFO - [0m21:21:15  Encountered an error:
Parsing Error
  Env var required but not provided: 'POSTGRES_HOST'
[2025-12-07T21:21:15.839+0000] {docker.py:436} INFO - Exito dbt
Iniciando dbt run...
[2025-12-07T21:21:16.961+0000] {docker.py:436} INFO - [0m21:21:16  Running with dbt=1.10.15
[2025-12-07T21:21:16.965+0000] {docker.py:436} INFO - [0m21:21:16  Encountered an error:
Parsing Error
  Env var required but not provided: 'POSTGRES_HOST'
[2025-12-07T21:21:17.578+0000] {docker.py:436} INFO - Exito dbt
Iniciando dbt run...
[2025-12-07T21:21:18.800+0000] {docker.py:436} INFO - [0m21:21:18  Running with dbt=1.10.15
[2025-12-07T21:21:18.805+0000] {docker.py:436} INFO - [0m21:21:18  Encountered an error:
Parsing Error
  Env var required but not provided: 'POSTGRES_HOST'
[2025-12-07T21:21:19.463+0000] {docker.py:436} INFO - Exito dbt
Iniciando dbt run...
[2025-12-07T21:21:20.606+0000] {docker.py:436} INFO - [0m21:21:20  Running with dbt=1.10.15
[2025-12-07T21:21:20.610+0000] {docker.py:436} INFO - [0m21:21:20  Encountered an error:
Parsing Error
  Env var required but not provided: 'POSTGRES_HOST'
[2025-12-07T21:21:21.245+0000] {docker.py:436} INFO - Exito dbt
Iniciando dbt run...
[2025-12-07T21:21:22.447+0000] {docker.py:436} INFO - [0m21:21:22  Running with dbt=1.10.15
[2025-12-07T21:21:22.451+0000] {docker.py:436} INFO - [0m21:21:22  Encountered an error:
Parsing Error
  Env var required but not provided: 'POSTGRES_HOST'
[2025-12-07T21:21:23.071+0000] {docker.py:436} INFO - Exito dbt
Iniciando dbt run...
[2025-12-07T21:21:24.156+0000] {docker.py:436} INFO - [0m21:21:24  Running with dbt=1.10.15
[2025-12-07T21:21:24.159+0000] {docker.py:436} INFO - [0m21:21:24  Encountered an error:
Parsing Error
  Env var required but not provided: 'POSTGRES_HOST'
[2025-12-07T21:21:24.770+0000] {docker.py:436} INFO - Exito dbt
Iniciando dbt run...
[2025-12-07T21:21:25.879+0000] {docker.py:436} INFO - [0m21:21:25  Running with dbt=1.10.15
[2025-12-07T21:21:25.883+0000] {docker.py:436} INFO - [0m21:21:25  Encountered an error:
Parsing Error
  Env var required but not provided: 'POSTGRES_HOST'
[2025-12-07T21:21:26.594+0000] {docker.py:436} INFO - Exito dbt
Iniciando dbt run...
[2025-12-07T21:21:27.752+0000] {docker.py:436} INFO - [0m21:21:27  Running with dbt=1.10.15
[2025-12-07T21:21:27.761+0000] {docker.py:436} INFO - [0m21:21:27  Encountered an error:
Parsing Error
  Env var required but not provided: 'POSTGRES_HOST'
[2025-12-07T21:21:28.458+0000] {docker.py:436} INFO - Exito dbt
Iniciando dbt run...
[2025-12-07T21:21:29.782+0000] {docker.py:436} INFO - [0m21:21:29  Running with dbt=1.10.15
[2025-12-07T21:21:29.786+0000] {docker.py:436} INFO - [0m21:21:29  Encountered an error:
Parsing Error
  Env var required but not provided: 'POSTGRES_HOST'
[2025-12-07T21:21:30.404+0000] {docker.py:436} INFO - Exito dbt
Iniciando dbt run...
[2025-12-07T21:21:31.529+0000] {docker.py:436} INFO - [0m21:21:31  Running with dbt=1.10.15
[2025-12-07T21:21:31.533+0000] {docker.py:436} INFO - [0m21:21:31  Encountered an error:
Parsing Error
  Env var required but not provided: 'POSTGRES_HOST'
[2025-12-07T21:21:32.145+0000] {docker.py:436} INFO - Exito dbt
Iniciando dbt run...
[2025-12-07T21:21:33.245+0000] {docker.py:436} INFO - [0m21:21:33  Running with dbt=1.10.15
[2025-12-07T21:21:33.249+0000] {docker.py:436} INFO - [0m21:21:33  Encountered an error:
Parsing Error
  Env var required but not provided: 'POSTGRES_HOST'
[2025-12-07T21:21:33.867+0000] {docker.py:436} INFO - Exito dbt
Iniciando dbt run...
[2025-12-07T21:21:35.021+0000] {docker.py:436} INFO - [0m21:21:35  Running with dbt=1.10.15
[2025-12-07T21:21:35.025+0000] {docker.py:436} INFO - [0m21:21:35  Encountered an error:
Parsing Error
  Env var required but not provided: 'POSTGRES_HOST'
[2025-12-07T21:21:35.602+0000] {docker.py:436} INFO - Exito dbt
Iniciando dbt run...
[2025-12-07T21:21:36.708+0000] {docker.py:436} INFO - [0m21:21:36  Running with dbt=1.10.15
[2025-12-07T21:21:36.712+0000] {docker.py:436} INFO - [0m21:21:36  Encountered an error:
Parsing Error
  Env var required but not provided: 'POSTGRES_HOST'
[2025-12-07T21:21:37.358+0000] {docker.py:436} INFO - Exito dbt
Iniciando dbt run...
[2025-12-07T21:21:38.699+0000] {docker.py:436} INFO - [0m21:21:38  Running with dbt=1.10.15
[2025-12-07T21:21:38.712+0000] {docker.py:436} INFO - [0m21:21:38  Encountered an error:
Parsing Error
  Env var required but not provided: 'POSTGRES_HOST'
[2025-12-07T21:21:39.382+0000] {docker.py:436} INFO - Exito dbt
Iniciando dbt run...
[2025-12-07T21:21:40.635+0000] {docker.py:436} INFO - [0m21:21:40  Running with dbt=1.10.15
[2025-12-07T21:21:40.639+0000] {docker.py:436} INFO - [0m21:21:40  Encountered an error:
Parsing Error
  Env var required but not provided: 'POSTGRES_HOST'
[2025-12-07T21:21:41.239+0000] {docker.py:436} INFO - Exito dbt
Iniciando dbt run...
[2025-12-07T21:21:42.378+0000] {docker.py:436} INFO - [0m21:21:42  Running with dbt=1.10.15
[2025-12-07T21:21:42.382+0000] {docker.py:436} INFO - [0m21:21:42  Encountered an error:
Parsing Error
  Env var required but not provided: 'POSTGRES_HOST'
[2025-12-07T21:21:42.972+0000] {docker.py:436} INFO - Exito dbt
Iniciando dbt run...
[2025-12-07T21:21:44.086+0000] {docker.py:436} INFO - [0m21:21:44  Running with dbt=1.10.15
[2025-12-07T21:21:44.090+0000] {docker.py:436} INFO - [0m21:21:44  Encountered an error:
Parsing Error
  Env var required but not provided: 'POSTGRES_HOST'
[2025-12-07T21:21:44.674+0000] {docker.py:436} INFO - Exito dbt
Iniciando dbt run...
[2025-12-07T21:21:45.846+0000] {docker.py:436} INFO - [0m21:21:45  Running with dbt=1.10.15
[2025-12-07T21:21:45.850+0000] {docker.py:436} INFO - [0m21:21:45  Encountered an error:
Parsing Error
  Env var required but not provided: 'POSTGRES_HOST'
[2025-12-07T21:21:46.461+0000] {docker.py:436} INFO - Exito dbt
Iniciando dbt run...
[2025-12-07T21:21:47.597+0000] {docker.py:436} INFO - [0m21:21:47  Running with dbt=1.10.15
[2025-12-07T21:21:47.606+0000] {docker.py:436} INFO - [0m21:21:47  Encountered an error:
Parsing Error
  Env var required but not provided: 'POSTGRES_HOST'
[2025-12-07T21:21:48.463+0000] {docker.py:436} INFO - Exito dbt
Iniciando dbt run...
[2025-12-07T21:21:50.192+0000] {docker.py:436} INFO - [0m21:21:50  Running with dbt=1.10.15
[2025-12-07T21:21:50.198+0000] {docker.py:436} INFO - [0m21:21:50  Encountered an error:
Parsing Error
  Env var required but not provided: 'POSTGRES_HOST'
[2025-12-07T21:21:50.852+0000] {docker.py:436} INFO - Exito dbt
Iniciando dbt run...
[2025-12-07T21:21:52.078+0000] {docker.py:436} INFO - [0m21:21:52  Running with dbt=1.10.15
[2025-12-07T21:21:52.082+0000] {docker.py:436} INFO - [0m21:21:52  Encountered an error:
Parsing Error
  Env var required but not provided: 'POSTGRES_HOST'
[2025-12-07T21:21:52.695+0000] {docker.py:436} INFO - Exito dbt
Iniciando dbt run...
[2025-12-07T21:21:53.799+0000] {docker.py:436} INFO - [0m21:21:53  Running with dbt=1.10.15
[2025-12-07T21:21:53.803+0000] {docker.py:436} INFO - [0m21:21:53  Encountered an error:
Parsing Error
  Env var required but not provided: 'POSTGRES_HOST'
[2025-12-07T21:21:54.539+0000] {docker.py:436} INFO - Exito dbt
Iniciando dbt run...
[2025-12-07T21:21:56.418+0000] {docker.py:436} INFO - [0m21:21:56  Running with dbt=1.10.15
[2025-12-07T21:21:56.423+0000] {docker.py:436} INFO - [0m21:21:56  Encountered an error:
Parsing Error
  Env var required but not provided: 'POSTGRES_HOST'
[2025-12-07T21:21:57.034+0000] {docker.py:436} INFO - Exito dbt
Iniciando dbt run...
[2025-12-07T21:21:58.295+0000] {docker.py:436} INFO - [0m21:21:58  Running with dbt=1.10.15
[2025-12-07T21:21:58.300+0000] {docker.py:436} INFO - [0m21:21:58  Encountered an error:
Parsing Error
  Env var required but not provided: 'POSTGRES_HOST'
[2025-12-07T21:21:58.894+0000] {docker.py:436} INFO - Exito dbt
Iniciando dbt run...
[2025-12-07T21:22:00.524+0000] {docker.py:436} INFO - [0m21:22:00  Running with dbt=1.10.15
[2025-12-07T21:22:00.533+0000] {docker.py:436} INFO - [0m21:22:00  Encountered an error:
Parsing Error
  Env var required but not provided: 'POSTGRES_HOST'
[2025-12-07T21:22:01.310+0000] {docker.py:436} INFO - Exito dbt
Iniciando dbt run...
[2025-12-07T21:22:02.678+0000] {docker.py:436} INFO - [0m21:22:02  Running with dbt=1.10.15
[2025-12-07T21:22:02.683+0000] {docker.py:436} INFO - [0m21:22:02  Encountered an error:
Parsing Error
  Env var required but not provided: 'POSTGRES_HOST'
[2025-12-07T21:22:03.356+0000] {docker.py:436} INFO - Exito dbt
Iniciando dbt run...
[2025-12-07T21:22:04.472+0000] {docker.py:436} INFO - [0m21:22:04  Running with dbt=1.10.15
[2025-12-07T21:22:04.476+0000] {docker.py:436} INFO - [0m21:22:04  Encountered an error:
Parsing Error
  Env var required but not provided: 'POSTGRES_HOST'
[2025-12-07T21:22:05.065+0000] {docker.py:436} INFO - Exito dbt
Iniciando dbt run...
[2025-12-07T21:22:06.138+0000] {docker.py:436} INFO - [0m21:22:06  Running with dbt=1.10.15
[2025-12-07T21:22:06.142+0000] {docker.py:436} INFO - [0m21:22:06  Encountered an error:
Parsing Error
  Env var required but not provided: 'POSTGRES_HOST'
[2025-12-07T21:22:06.765+0000] {docker.py:436} INFO - Exito dbt
Iniciando dbt run...
[2025-12-07T21:22:08.529+0000] {docker.py:436} INFO - [0m21:22:08  Running with dbt=1.10.15
[2025-12-07T21:22:08.534+0000] {docker.py:436} INFO - [0m21:22:08  Encountered an error:
Parsing Error
  Env var required but not provided: 'POSTGRES_HOST'
[2025-12-07T21:22:09.157+0000] {docker.py:436} INFO - Exito dbt
Iniciando dbt run...
[2025-12-07T21:22:10.362+0000] {docker.py:436} INFO - [0m21:22:10  Running with dbt=1.10.15
[2025-12-07T21:22:10.365+0000] {docker.py:436} INFO - [0m21:22:10  Encountered an error:
Parsing Error
  Env var required but not provided: 'POSTGRES_HOST'
[2025-12-07T21:22:10.965+0000] {docker.py:436} INFO - Exito dbt
Iniciando dbt run...
[2025-12-07T21:22:12.411+0000] {docker.py:436} INFO - [0m21:22:12  Running with dbt=1.10.15
[2025-12-07T21:22:12.424+0000] {docker.py:436} INFO - [0m21:22:12  Encountered an error:
Parsing Error
  Env var required but not provided: 'POSTGRES_HOST'
[2025-12-07T21:22:13.171+0000] {docker.py:436} INFO - Exito dbt
Iniciando dbt run...
[2025-12-07T21:22:14.536+0000] {docker.py:436} INFO - [0m21:22:14  Running with dbt=1.10.15
[2025-12-07T21:22:14.541+0000] {docker.py:436} INFO - [0m21:22:14  Encountered an error:
Parsing Error
  Env var required but not provided: 'POSTGRES_HOST'
[2025-12-07T21:22:15.225+0000] {docker.py:436} INFO - Exito dbt
Iniciando dbt run...
[2025-12-07T21:22:16.524+0000] {docker.py:436} INFO - [0m21:22:16  Running with dbt=1.10.15
[2025-12-07T21:22:16.527+0000] {docker.py:436} INFO - [0m21:22:16  Encountered an error:
Parsing Error
  Env var required but not provided: 'POSTGRES_HOST'
[2025-12-07T21:22:17.134+0000] {docker.py:436} INFO - Exito dbt
Iniciando dbt run...
[2025-12-07T21:22:18.265+0000] {docker.py:436} INFO - [0m21:22:18  Running with dbt=1.10.15
[2025-12-07T21:22:18.269+0000] {docker.py:436} INFO - [0m21:22:18  Encountered an error:
Parsing Error
  Env var required but not provided: 'POSTGRES_HOST'
[2025-12-07T21:22:18.879+0000] {docker.py:436} INFO - Exito dbt
Iniciando dbt run...
[2025-12-07T21:22:20.028+0000] {docker.py:436} INFO - [0m21:22:20  Running with dbt=1.10.15
[2025-12-07T21:22:20.032+0000] {docker.py:436} INFO - [0m21:22:20  Encountered an error:
Parsing Error
  Env var required but not provided: 'POSTGRES_HOST'
[2025-12-07T21:22:20.643+0000] {docker.py:436} INFO - Exito dbt
Iniciando dbt run...
[2025-12-07T21:22:21.794+0000] {docker.py:436} INFO - [0m21:22:21  Running with dbt=1.10.15
[2025-12-07T21:22:21.797+0000] {docker.py:436} INFO - [0m21:22:21  Encountered an error:
Parsing Error
  Env var required but not provided: 'POSTGRES_HOST'
[2025-12-07T21:22:22.414+0000] {docker.py:436} INFO - Exito dbt
Iniciando dbt run...
[2025-12-07T21:22:23.874+0000] {docker.py:436} INFO - [0m21:22:23  Running with dbt=1.10.15
[2025-12-07T21:22:23.880+0000] {docker.py:436} INFO - [0m21:22:23  Encountered an error:
Parsing Error
  Env var required but not provided: 'POSTGRES_HOST'
[2025-12-07T21:22:24.746+0000] {docker.py:436} INFO - Exito dbt
Iniciando dbt run...
[2025-12-07T21:22:26.010+0000] {docker.py:436} INFO - [0m21:22:26  Running with dbt=1.10.15
[2025-12-07T21:22:26.014+0000] {docker.py:436} INFO - [0m21:22:26  Encountered an error:
Parsing Error
  Env var required but not provided: 'POSTGRES_HOST'
[2025-12-07T21:22:26.681+0000] {docker.py:436} INFO - Exito dbt
Iniciando dbt run...
[2025-12-07T21:22:27.752+0000] {docker.py:436} INFO - [0m21:22:27  Running with dbt=1.10.15
[2025-12-07T21:22:27.754+0000] {docker.py:436} INFO - [0m21:22:27  Encountered an error:
Parsing Error
  Env var required but not provided: 'POSTGRES_HOST'
[2025-12-07T21:22:28.359+0000] {docker.py:436} INFO - Exito dbt
Iniciando dbt run...
[2025-12-07T21:22:29.592+0000] {docker.py:436} INFO - [0m21:22:29  Running with dbt=1.10.15
[2025-12-07T21:22:29.596+0000] {docker.py:436} INFO - [0m21:22:29  Encountered an error:
Parsing Error
  Env var required but not provided: 'POSTGRES_HOST'
[2025-12-07T21:22:30.265+0000] {docker.py:436} INFO - Exito dbt
Iniciando dbt run...
[2025-12-07T21:22:31.766+0000] {docker.py:436} INFO - [0m21:22:31  Running with dbt=1.10.15
[2025-12-07T21:22:31.770+0000] {docker.py:436} INFO - [0m21:22:31  Encountered an error:
Parsing Error
  Env var required but not provided: 'POSTGRES_HOST'
[2025-12-07T21:22:32.449+0000] {docker.py:436} INFO - Exito dbt
Iniciando dbt run...
[2025-12-07T21:22:33.994+0000] {docker.py:436} INFO - [0m21:22:33  Running with dbt=1.10.15
[2025-12-07T21:22:34.000+0000] {docker.py:436} INFO - [0m21:22:33  Encountered an error:
Parsing Error
  Env var required but not provided: 'POSTGRES_HOST'
[2025-12-07T21:22:34.711+0000] {docker.py:436} INFO - Exito dbt
Iniciando dbt run...
[2025-12-07T21:22:36.431+0000] {docker.py:436} INFO - [0m21:22:36  Running with dbt=1.10.15
[2025-12-07T21:22:36.444+0000] {docker.py:436} INFO - [0m21:22:36  Encountered an error:
Parsing Error
  Env var required but not provided: 'POSTGRES_HOST'
[2025-12-07T21:22:37.227+0000] {docker.py:436} INFO - Exito dbt
Iniciando dbt run...
[2025-12-07T21:22:38.709+0000] {docker.py:436} INFO - [0m21:22:38  Running with dbt=1.10.15
[2025-12-07T21:22:38.714+0000] {docker.py:436} INFO - [0m21:22:38  Encountered an error:
Parsing Error
  Env var required but not provided: 'POSTGRES_HOST'
[2025-12-07T21:22:39.421+0000] {docker.py:436} INFO - Exito dbt
Iniciando dbt run...
[2025-12-07T21:22:40.956+0000] {docker.py:436} INFO - [0m21:22:40  Running with dbt=1.10.15
[2025-12-07T21:22:40.961+0000] {docker.py:436} INFO - [0m21:22:40  Encountered an error:
Parsing Error
  Env var required but not provided: 'POSTGRES_HOST'
[2025-12-07T21:22:41.690+0000] {docker.py:436} INFO - Exito dbt
Iniciando dbt run...
[2025-12-07T21:22:43.340+0000] {docker.py:436} INFO - [0m21:22:43  Running with dbt=1.10.15
[2025-12-07T21:22:43.346+0000] {docker.py:436} INFO - [0m21:22:43  Encountered an error:
Parsing Error
  Env var required but not provided: 'POSTGRES_HOST'
[2025-12-07T21:22:44.032+0000] {docker.py:436} INFO - Exito dbt
Iniciando dbt run...
[2025-12-07T21:22:45.471+0000] {docker.py:436} INFO - [0m21:22:45  Running with dbt=1.10.15
[2025-12-07T21:22:45.475+0000] {docker.py:436} INFO - [0m21:22:45  Encountered an error:
Parsing Error
  Env var required but not provided: 'POSTGRES_HOST'
[2025-12-07T21:22:46.084+0000] {docker.py:436} INFO - Exito dbt
Iniciando dbt run...
[2025-12-07T21:22:47.519+0000] {docker.py:436} INFO - [0m21:22:47  Running with dbt=1.10.15
[2025-12-07T21:22:47.531+0000] {docker.py:436} INFO - [0m21:22:47  Encountered an error:
Parsing Error
  Env var required but not provided: 'POSTGRES_HOST'
[2025-12-07T21:22:48.282+0000] {docker.py:436} INFO - Exito dbt
Iniciando dbt run...
[2025-12-07T21:22:49.784+0000] {docker.py:436} INFO - [0m21:22:49  Running with dbt=1.10.15
[2025-12-07T21:22:49.789+0000] {docker.py:436} INFO - [0m21:22:49  Encountered an error:
Parsing Error
  Env var required but not provided: 'POSTGRES_HOST'
[2025-12-07T21:22:50.499+0000] {docker.py:436} INFO - Exito dbt
Iniciando dbt run...
[2025-12-07T21:22:52.162+0000] {docker.py:436} INFO - [0m21:22:52  Running with dbt=1.10.15
[2025-12-07T21:22:52.211+0000] {docker.py:436} INFO - [0m21:22:52  Encountered an error:
Parsing Error
  Env var required but not provided: 'POSTGRES_HOST'
[2025-12-07T21:22:52.913+0000] {docker.py:436} INFO - Exito dbt
Iniciando dbt run...
[2025-12-07T21:22:54.541+0000] {docker.py:436} INFO - [0m21:22:54  Running with dbt=1.10.15
[2025-12-07T21:22:54.546+0000] {docker.py:436} INFO - [0m21:22:54  Encountered an error:
Parsing Error
  Env var required but not provided: 'POSTGRES_HOST'
[2025-12-07T21:22:55.252+0000] {docker.py:436} INFO - Exito dbt
Iniciando dbt run...
[2025-12-07T21:22:56.718+0000] {docker.py:436} INFO - [0m21:22:56  Running with dbt=1.10.15
[2025-12-07T21:22:56.723+0000] {docker.py:436} INFO - [0m21:22:56  Encountered an error:
Parsing Error
  Env var required but not provided: 'POSTGRES_HOST'
[2025-12-07T21:22:57.398+0000] {docker.py:436} INFO - Exito dbt
Iniciando dbt run...
[2025-12-07T21:22:58.774+0000] {docker.py:436} INFO - [0m21:22:58  Running with dbt=1.10.15
[2025-12-07T21:22:58.780+0000] {docker.py:436} INFO - [0m21:22:58  Encountered an error:
Parsing Error
  Env var required but not provided: 'POSTGRES_HOST'
[2025-12-07T21:22:59.529+0000] {docker.py:436} INFO - Exito dbt
Iniciando dbt run...
[2025-12-07T21:23:01.360+0000] {docker.py:436} INFO - [0m21:23:01  Running with dbt=1.10.15
[2025-12-07T21:23:01.373+0000] {docker.py:436} INFO - [0m21:23:01  Encountered an error:
Parsing Error
  Env var required but not provided: 'POSTGRES_HOST'
[2025-12-07T21:23:02.370+0000] {docker.py:436} INFO - Exito dbt
Iniciando dbt run...
[2025-12-07T21:23:03.995+0000] {docker.py:436} INFO - [0m21:23:03  Running with dbt=1.10.15
[2025-12-07T21:23:04.000+0000] {docker.py:436} INFO - [0m21:23:03  Encountered an error:
Parsing Error
  Env var required but not provided: 'POSTGRES_HOST'
[2025-12-07T21:23:04.671+0000] {docker.py:436} INFO - Exito dbt
Iniciando dbt run...
[2025-12-07T21:23:06.005+0000] {docker.py:436} INFO - [0m21:23:06  Running with dbt=1.10.15
[2025-12-07T21:23:06.010+0000] {docker.py:436} INFO - [0m21:23:06  Encountered an error:
Parsing Error
  Env var required but not provided: 'POSTGRES_HOST'
[2025-12-07T21:23:06.629+0000] {docker.py:436} INFO - Exito dbt
Iniciando dbt run...
[2025-12-07T21:23:08.035+0000] {docker.py:436} INFO - [0m21:23:08  Running with dbt=1.10.15
[2025-12-07T21:23:08.041+0000] {docker.py:436} INFO - [0m21:23:08  Encountered an error:
Parsing Error
  Env var required but not provided: 'POSTGRES_HOST'
[2025-12-07T21:23:08.699+0000] {docker.py:436} INFO - Exito dbt
Iniciando dbt run...
[2025-12-07T21:23:10.123+0000] {docker.py:436} INFO - [0m21:23:10  Running with dbt=1.10.15
[2025-12-07T21:23:10.128+0000] {docker.py:436} INFO - [0m21:23:10  Encountered an error:
Parsing Error
  Env var required but not provided: 'POSTGRES_HOST'
[2025-12-07T21:23:10.868+0000] {docker.py:436} INFO - Exito dbt
Iniciando dbt run...
[2025-12-07T21:23:12.608+0000] {docker.py:436} INFO - [0m21:23:12  Running with dbt=1.10.15
[2025-12-07T21:23:12.617+0000] {docker.py:436} INFO - [0m21:23:12  Encountered an error:
Parsing Error
  Env var required but not provided: 'POSTGRES_HOST'
[2025-12-07T21:23:13.374+0000] {docker.py:436} INFO - Exito dbt
Iniciando dbt run...
[2025-12-07T21:23:14.787+0000] {docker.py:436} INFO - [0m21:23:14  Running with dbt=1.10.15
[2025-12-07T21:23:14.792+0000] {docker.py:436} INFO - [0m21:23:14  Encountered an error:
Parsing Error
  Env var required but not provided: 'POSTGRES_HOST'
[2025-12-07T21:23:15.482+0000] {docker.py:436} INFO - Exito dbt
Iniciando dbt run...
[2025-12-07T21:23:16.759+0000] {docker.py:436} INFO - [0m21:23:16  Running with dbt=1.10.15
[2025-12-07T21:23:16.763+0000] {docker.py:436} INFO - [0m21:23:16  Encountered an error:
Parsing Error
  Env var required but not provided: 'POSTGRES_HOST'
[2025-12-07T21:23:17.430+0000] {docker.py:436} INFO - Exito dbt
Iniciando dbt run...
[2025-12-07T21:23:18.681+0000] {docker.py:436} INFO - [0m21:23:18  Running with dbt=1.10.15
[2025-12-07T21:23:18.685+0000] {docker.py:436} INFO - [0m21:23:18  Encountered an error:
Parsing Error
  Env var required but not provided: 'POSTGRES_HOST'
[2025-12-07T21:23:19.324+0000] {docker.py:436} INFO - Exito dbt
Iniciando dbt run...
[2025-12-07T21:23:20.736+0000] {docker.py:436} INFO - [0m21:23:20  Running with dbt=1.10.15
[2025-12-07T21:23:20.741+0000] {docker.py:436} INFO - [0m21:23:20  Encountered an error:
Parsing Error
  Env var required but not provided: 'POSTGRES_HOST'
[2025-12-07T21:23:21.403+0000] {docker.py:436} INFO - Exito dbt
Iniciando dbt run...
[2025-12-07T21:23:23.141+0000] {docker.py:436} INFO - [0m21:23:23  Running with dbt=1.10.15
[2025-12-07T21:23:23.150+0000] {docker.py:436} INFO - [0m21:23:23  Encountered an error:
Parsing Error
  Env var required but not provided: 'POSTGRES_HOST'
[2025-12-07T21:23:23.949+0000] {docker.py:436} INFO - Exito dbt
Iniciando dbt run...
[2025-12-07T21:23:25.713+0000] {docker.py:436} INFO - [0m21:23:25  Running with dbt=1.10.15
[2025-12-07T21:23:25.718+0000] {docker.py:436} INFO - [0m21:23:25  Encountered an error:
Parsing Error
  Env var required but not provided: 'POSTGRES_HOST'
[2025-12-07T21:23:26.473+0000] {docker.py:436} INFO - Exito dbt
Iniciando dbt run...
[2025-12-07T21:23:28.335+0000] {docker.py:436} INFO - [0m21:23:28  Running with dbt=1.10.15
[2025-12-07T21:23:28.341+0000] {docker.py:436} INFO - [0m21:23:28  Encountered an error:
Parsing Error
  Env var required but not provided: 'POSTGRES_HOST'
[2025-12-07T21:23:29.103+0000] {docker.py:436} INFO - Exito dbt
Iniciando dbt run...
[2025-12-07T21:23:30.558+0000] {docker.py:436} INFO - [0m21:23:30  Running with dbt=1.10.15
[2025-12-07T21:23:30.562+0000] {docker.py:436} INFO - [0m21:23:30  Encountered an error:
Parsing Error
  Env var required but not provided: 'POSTGRES_HOST'
[2025-12-07T21:23:31.168+0000] {docker.py:436} INFO - Exito dbt
Iniciando dbt run...
[2025-12-07T21:23:32.473+0000] {docker.py:436} INFO - [0m21:23:32  Running with dbt=1.10.15
[2025-12-07T21:23:32.477+0000] {docker.py:436} INFO - [0m21:23:32  Encountered an error:
Parsing Error
  Env var required but not provided: 'POSTGRES_HOST'
[2025-12-07T21:23:33.132+0000] {docker.py:436} INFO - Exito dbt
Iniciando dbt run...
[2025-12-07T21:23:34.438+0000] {docker.py:436} INFO - [0m21:23:34  Running with dbt=1.10.15
[2025-12-07T21:23:34.445+0000] {docker.py:436} INFO - [0m21:23:34  Encountered an error:
Parsing Error
  Env var required but not provided: 'POSTGRES_HOST'
[2025-12-07T21:23:35.149+0000] {docker.py:436} INFO - Exito dbt
Iniciando dbt run...
[2025-12-07T21:23:36.612+0000] {docker.py:436} INFO - [0m21:23:36  Running with dbt=1.10.15
[2025-12-07T21:23:36.621+0000] {docker.py:436} INFO - [0m21:23:36  Encountered an error:
Parsing Error
  Env var required but not provided: 'POSTGRES_HOST'
[2025-12-07T21:23:37.404+0000] {docker.py:436} INFO - Exito dbt
Iniciando dbt run...
[2025-12-07T21:23:38.757+0000] {docker.py:436} INFO - [0m21:23:38  Running with dbt=1.10.15
[2025-12-07T21:23:38.762+0000] {docker.py:436} INFO - [0m21:23:38  Encountered an error:
Parsing Error
  Env var required but not provided: 'POSTGRES_HOST'
[2025-12-07T21:23:39.465+0000] {docker.py:436} INFO - Exito dbt
Iniciando dbt run...
[2025-12-07T21:23:40.709+0000] {docker.py:436} INFO - [0m21:23:40  Running with dbt=1.10.15
[2025-12-07T21:23:40.713+0000] {docker.py:436} INFO - [0m21:23:40  Encountered an error:
Parsing Error
  Env var required but not provided: 'POSTGRES_HOST'
[2025-12-07T21:23:41.352+0000] {docker.py:436} INFO - Exito dbt
Iniciando dbt run...
[2025-12-07T21:23:42.651+0000] {docker.py:436} INFO - [0m21:23:42  Running with dbt=1.10.15
[2025-12-07T21:23:42.656+0000] {docker.py:436} INFO - [0m21:23:42  Encountered an error:
Parsing Error
  Env var required but not provided: 'POSTGRES_HOST'
[2025-12-07T21:23:43.302+0000] {docker.py:436} INFO - Exito dbt
Iniciando dbt run...
[2025-12-07T21:23:44.522+0000] {docker.py:436} INFO - [0m21:23:44  Running with dbt=1.10.15
[2025-12-07T21:23:44.526+0000] {docker.py:436} INFO - [0m21:23:44  Encountered an error:
Parsing Error
  Env var required but not provided: 'POSTGRES_HOST'
[2025-12-07T21:23:45.139+0000] {docker.py:436} INFO - Exito dbt
Iniciando dbt run...
[2025-12-07T21:23:46.464+0000] {docker.py:436} INFO - [0m21:23:46  Running with dbt=1.10.15
[2025-12-07T21:23:46.470+0000] {docker.py:436} INFO - [0m21:23:46  Encountered an error:
Parsing Error
  Env var required but not provided: 'POSTGRES_HOST'
[2025-12-07T21:23:47.169+0000] {docker.py:436} INFO - Exito dbt
Iniciando dbt run...
[2025-12-07T21:23:48.568+0000] {docker.py:436} INFO - [0m21:23:48  Running with dbt=1.10.15
[2025-12-07T21:23:48.577+0000] {docker.py:436} INFO - [0m21:23:48  Encountered an error:
Parsing Error
  Env var required but not provided: 'POSTGRES_HOST'
[2025-12-07T21:23:49.325+0000] {docker.py:436} INFO - Exito dbt
Iniciando dbt run...
[2025-12-07T21:23:50.793+0000] {docker.py:436} INFO - [0m21:23:50  Running with dbt=1.10.15
[2025-12-07T21:23:50.800+0000] {docker.py:436} INFO - [0m21:23:50  Encountered an error:
Parsing Error
  Env var required but not provided: 'POSTGRES_HOST'
[2025-12-07T21:23:51.497+0000] {docker.py:436} INFO - Exito dbt
Iniciando dbt run...
[2025-12-07T21:23:52.745+0000] {docker.py:436} INFO - [0m21:23:52  Running with dbt=1.10.15
[2025-12-07T21:23:52.749+0000] {docker.py:436} INFO - [0m21:23:52  Encountered an error:
Parsing Error
  Env var required but not provided: 'POSTGRES_HOST'
[2025-12-07T21:23:53.432+0000] {docker.py:436} INFO - Exito dbt
Iniciando dbt run...
[2025-12-07T21:23:54.851+0000] {docker.py:436} INFO - [0m21:23:54  Running with dbt=1.10.15
[2025-12-07T21:23:54.856+0000] {docker.py:436} INFO - [0m21:23:54  Encountered an error:
Parsing Error
  Env var required but not provided: 'POSTGRES_HOST'
[2025-12-07T21:23:55.567+0000] {docker.py:436} INFO - Exito dbt
Iniciando dbt run...
[2025-12-07T21:23:56.980+0000] {docker.py:436} INFO - [0m21:23:56  Running with dbt=1.10.15
[2025-12-07T21:23:56.984+0000] {docker.py:436} INFO - [0m21:23:56  Encountered an error:
Parsing Error
  Env var required but not provided: 'POSTGRES_HOST'
[2025-12-07T21:23:57.663+0000] {docker.py:436} INFO - Exito dbt
Iniciando dbt run...
[2025-12-07T21:23:59.398+0000] {docker.py:436} INFO - [0m21:23:59  Running with dbt=1.10.15
[2025-12-07T21:23:59.405+0000] {docker.py:436} INFO - [0m21:23:59  Encountered an error:
Parsing Error
  Env var required but not provided: 'POSTGRES_HOST'
[2025-12-07T21:24:00.242+0000] {docker.py:436} INFO - Exito dbt
Iniciando dbt run...
[2025-12-07T21:24:01.919+0000] {docker.py:436} INFO - [0m21:24:01  Running with dbt=1.10.15
[2025-12-07T21:24:01.934+0000] {docker.py:436} INFO - [0m21:24:01  Encountered an error:
Parsing Error
  Env var required but not provided: 'POSTGRES_HOST'
[2025-12-07T21:24:02.577+0000] {docker.py:436} INFO - Exito dbt
Iniciando dbt run...
[2025-12-07T21:24:04.124+0000] {docker.py:436} INFO - [0m21:24:04  Running with dbt=1.10.15
[2025-12-07T21:24:04.129+0000] {docker.py:436} INFO - [0m21:24:04  Encountered an error:
Parsing Error
  Env var required but not provided: 'POSTGRES_HOST'
[2025-12-07T21:24:04.743+0000] {docker.py:436} INFO - Exito dbt
Iniciando dbt run...
[2025-12-07T21:24:05.836+0000] {local_task_job_runner.py:124} ERROR - Received SIGTERM. Terminating subprocesses
[2025-12-07T21:24:05.846+0000] {process_utils.py:132} INFO - Sending 15 to group 197. PIDs of all processes in the group: [197]
[2025-12-07T21:24:05.849+0000] {process_utils.py:87} INFO - Sending the signal 15 to group 197
[2025-12-07T21:24:05.852+0000] {taskinstance.py:2611} ERROR - Received SIGTERM. Terminating subprocesses.
[2025-12-07T21:24:05.855+0000] {docker.py:528} INFO - Stopping docker container
[2025-12-07T21:24:09.372+0000] {local_task_job_runner.py:124} ERROR - Received SIGTERM. Terminating subprocesses
