[2025-12-07T12:42:00.524+0000] {local_task_job_runner.py:120} INFO - ::group::Pre task execution logs
[2025-12-07T12:42:00.560+0000] {taskinstance.py:2076} INFO - Dependencies all met for dep_context=non-requeueable deps ti=<TaskInstance: flujo_etl_completo.ingestion_general scheduled__2025-12-07T11:00:00+00:00 [queued]>
[2025-12-07T12:42:00.569+0000] {taskinstance.py:2076} INFO - Dependencies all met for dep_context=requeueable deps ti=<TaskInstance: flujo_etl_completo.ingestion_general scheduled__2025-12-07T11:00:00+00:00 [queued]>
[2025-12-07T12:42:00.570+0000] {taskinstance.py:2306} INFO - Starting attempt 1 of 1
[2025-12-07T12:42:00.582+0000] {taskinstance.py:2330} INFO - Executing <Task(DockerOperator): ingestion_general> on 2025-12-07 11:00:00+00:00
[2025-12-07T12:42:00.590+0000] {logging_mixin.py:188} WARNING - /home/***/.local/lib/python3.12/site-packages/***/task/task_runner/standard_task_runner.py:61 DeprecationWarning: This process (pid=208) is multi-threaded, use of fork() may lead to deadlocks in the child.
[2025-12-07T12:42:00.589+0000] {standard_task_runner.py:90} INFO - Running: ['***', 'tasks', 'run', 'flujo_etl_completo', 'ingestion_general', 'scheduled__2025-12-07T11:00:00+00:00', '--job-id', '2', '--raw', '--subdir', 'DAGS_FOLDER/pipeline_completo.py', '--cfg-path', '/tmp/tmphikpy3ld']
[2025-12-07T12:42:00.592+0000] {standard_task_runner.py:63} INFO - Started process 210 to run task
[2025-12-07T12:42:00.592+0000] {standard_task_runner.py:91} INFO - Job 2: Subtask ingestion_general
[2025-12-07T12:42:00.658+0000] {task_command.py:426} INFO - Running <TaskInstance: flujo_etl_completo.ingestion_general scheduled__2025-12-07T11:00:00+00:00 [running]> on host bb647276117e
[2025-12-07T12:42:00.742+0000] {taskinstance.py:2648} INFO - Exporting env vars: AIRFLOW_CTX_DAG_OWNER='tu_nombre' AIRFLOW_CTX_DAG_ID='flujo_etl_completo' AIRFLOW_CTX_TASK_ID='ingestion_general' AIRFLOW_CTX_EXECUTION_DATE='2025-12-07T11:00:00+00:00' AIRFLOW_CTX_TRY_NUMBER='1' AIRFLOW_CTX_DAG_RUN_ID='scheduled__2025-12-07T11:00:00+00:00'
[2025-12-07T12:42:00.743+0000] {taskinstance.py:430} INFO - ::endgroup::
[2025-12-07T12:42:00.901+0000] {docker.py:366} INFO - Starting docker container from image ingestion:latest
[2025-12-07T12:42:01.508+0000] {taskinstance.py:441} INFO - ::group::Post task execution logs
[2025-12-07T12:42:01.512+0000] {taskinstance.py:2905} ERROR - Task failed with exception
Traceback (most recent call last):
  File "/home/airflow/.local/lib/python3.12/site-packages/docker/api/client.py", line 265, in _raise_for_status
    response.raise_for_status()
  File "/home/airflow/.local/lib/python3.12/site-packages/requests/models.py", line 1021, in raise_for_status
    raise HTTPError(http_error_msg, response=self)
requests.exceptions.HTTPError: 404 Client Error: Not Found for url: http+docker://localhost/v1.51/containers/d1a7c01d5fd0b9d1077bbcd512132865b0941eeba50db4fae4b88f69cb6a900a/start

The above exception was the direct cause of the following exception:

Traceback (most recent call last):
  File "/home/airflow/.local/lib/python3.12/site-packages/airflow/models/taskinstance.py", line 465, in _execute_task
    result = _execute_callable(context=context, **execute_callable_kwargs)
             ^^^^^^^^^^^^^^^^^^^^^^^^^^^^^^^^^^^^^^^^^^^^^^^^^^^^^^^^^^^^^
  File "/home/airflow/.local/lib/python3.12/site-packages/airflow/models/taskinstance.py", line 432, in _execute_callable
    return execute_callable(context=context, **execute_callable_kwargs)
           ^^^^^^^^^^^^^^^^^^^^^^^^^^^^^^^^^^^^^^^^^^^^^^^^^^^^^^^^^^^^
  File "/home/airflow/.local/lib/python3.12/site-packages/airflow/models/baseoperator.py", line 400, in wrapper
    return func(self, *args, **kwargs)
           ^^^^^^^^^^^^^^^^^^^^^^^^^^^
  File "/home/airflow/.local/lib/python3.12/site-packages/airflow/providers/docker/operators/docker.py", line 509, in execute
    return self._run_image()
           ^^^^^^^^^^^^^^^^^
  File "/home/airflow/.local/lib/python3.12/site-packages/airflow/providers/docker/operators/docker.py", line 383, in _run_image
    return self._run_image_with_mounts(self.mounts, add_tmp_variable=False)
           ^^^^^^^^^^^^^^^^^^^^^^^^^^^^^^^^^^^^^^^^^^^^^^^^^^^^^^^^^^^^^^^^
  File "/home/airflow/.local/lib/python3.12/site-packages/airflow/providers/docker/operators/docker.py", line 430, in _run_image_with_mounts
    self.cli.start(self.container["Id"])
  File "/home/airflow/.local/lib/python3.12/site-packages/docker/utils/decorators.py", line 19, in wrapped
    return f(self, resource_id, *args, **kwargs)
           ^^^^^^^^^^^^^^^^^^^^^^^^^^^^^^^^^^^^^
  File "/home/airflow/.local/lib/python3.12/site-packages/docker/api/container.py", line 1135, in start
    self._raise_for_status(res)
  File "/home/airflow/.local/lib/python3.12/site-packages/docker/api/client.py", line 267, in _raise_for_status
    raise create_api_error_from_http_exception(e) from e
          ^^^^^^^^^^^^^^^^^^^^^^^^^^^^^^^^^^^^^^^
  File "/home/airflow/.local/lib/python3.12/site-packages/docker/errors.py", line 39, in create_api_error_from_http_exception
    raise cls(e, response=response, explanation=explanation) from e
docker.errors.NotFound: 404 Client Error for http+docker://localhost/v1.51/containers/d1a7c01d5fd0b9d1077bbcd512132865b0941eeba50db4fae4b88f69cb6a900a/start: Not Found ("failed to set up container networking: network kafka-net not found")
[2025-12-07T12:42:01.530+0000] {taskinstance.py:1206} INFO - Marking task as FAILED. dag_id=flujo_etl_completo, task_id=ingestion_general, run_id=scheduled__2025-12-07T11:00:00+00:00, execution_date=20251207T110000, start_date=20251207T124200, end_date=20251207T124201
[2025-12-07T12:42:01.553+0000] {standard_task_runner.py:110} ERROR - Failed to execute job 2 for task ingestion_general (404 Client Error for http+docker://localhost/v1.51/containers/d1a7c01d5fd0b9d1077bbcd512132865b0941eeba50db4fae4b88f69cb6a900a/start: Not Found ("failed to set up container networking: network kafka-net not found"); 210)
[2025-12-07T12:42:01.571+0000] {local_task_job_runner.py:240} INFO - Task exited with return code 1
[2025-12-07T12:42:01.593+0000] {local_task_job_runner.py:222} INFO - ::endgroup::
[2025-12-07T12:55:27.845+0000] {local_task_job_runner.py:120} INFO - ::group::Pre task execution logs
[2025-12-07T12:55:27.931+0000] {taskinstance.py:2076} INFO - Dependencies all met for dep_context=non-requeueable deps ti=<TaskInstance: flujo_etl_completo.ingestion_general scheduled__2025-12-07T11:00:00+00:00 [queued]>
[2025-12-07T12:55:27.949+0000] {taskinstance.py:2076} INFO - Dependencies all met for dep_context=requeueable deps ti=<TaskInstance: flujo_etl_completo.ingestion_general scheduled__2025-12-07T11:00:00+00:00 [queued]>
[2025-12-07T12:55:27.950+0000] {taskinstance.py:2306} INFO - Starting attempt 1 of 1
[2025-12-07T12:55:27.968+0000] {taskinstance.py:2330} INFO - Executing <Task(DockerOperator): ingestion_general> on 2025-12-07 11:00:00+00:00
[2025-12-07T12:55:27.980+0000] {logging_mixin.py:188} WARNING - /home/***/.local/lib/python3.12/site-packages/***/task/task_runner/standard_task_runner.py:61 DeprecationWarning: This process (pid=179) is multi-threaded, use of fork() may lead to deadlocks in the child.
[2025-12-07T12:55:27.977+0000] {standard_task_runner.py:90} INFO - Running: ['***', 'tasks', 'run', 'flujo_etl_completo', 'ingestion_general', 'scheduled__2025-12-07T11:00:00+00:00', '--job-id', '3', '--raw', '--subdir', 'DAGS_FOLDER/pipeline_completo.py', '--cfg-path', '/tmp/tmpux2mr1k6']
[2025-12-07T12:55:27.982+0000] {standard_task_runner.py:63} INFO - Started process 180 to run task
[2025-12-07T12:55:27.982+0000] {standard_task_runner.py:91} INFO - Job 3: Subtask ingestion_general
[2025-12-07T12:55:28.125+0000] {task_command.py:426} INFO - Running <TaskInstance: flujo_etl_completo.ingestion_general scheduled__2025-12-07T11:00:00+00:00 [running]> on host 9186fd88fe44
[2025-12-07T12:55:28.244+0000] {taskinstance.py:2648} INFO - Exporting env vars: AIRFLOW_CTX_DAG_OWNER='tu_nombre' AIRFLOW_CTX_DAG_ID='flujo_etl_completo' AIRFLOW_CTX_TASK_ID='ingestion_general' AIRFLOW_CTX_EXECUTION_DATE='2025-12-07T11:00:00+00:00' AIRFLOW_CTX_TRY_NUMBER='1' AIRFLOW_CTX_DAG_RUN_ID='scheduled__2025-12-07T11:00:00+00:00'
[2025-12-07T12:55:28.245+0000] {taskinstance.py:430} INFO - ::endgroup::
[2025-12-07T12:55:28.431+0000] {docker.py:366} INFO - Starting docker container from image ingestion:latest
[2025-12-07T12:55:29.248+0000] {docker.py:436} INFO - Iniciando Script 1...
[2025-12-07T12:55:29.249+0000] {docker.py:436} INFO - Iniciando Script 2...
[2025-12-07T12:56:00.696+0000] {docker.py:436} INFO - Esperando inicio de servicios...Esperando inicio de servicios...

Descargando datos de Barcelona...
Descargando datos de Madrid...
[2025-12-07T12:56:01.057+0000] {docker.py:436} INFO - Transformando 99 registros.
[2025-12-07T12:56:01.077+0000] {docker.py:436} INFO - Enviando 128 filas procesadas a la API de Barcelona...
[2025-12-07T12:56:01.095+0000] {docker.py:436} INFO - Datos insertados correctamente de Barcelona.
[2025-12-07T12:56:01.164+0000] {docker.py:436} INFO - Transformando 122 registros (Wide -> Long)...
[2025-12-07T12:56:01.180+0000] {docker.py:436} INFO - Enviando 1586 filas procesadas a la API...
[2025-12-07T12:56:01.190+0000] {docker.py:436} INFO - Datos insertados correctamente.
[2025-12-07T12:58:08.655+0000] {taskinstance.py:441} INFO - ::group::Post task execution logs
[2025-12-07T12:58:08.657+0000] {taskinstance.py:2905} ERROR - Task failed with exception
Traceback (most recent call last):
  File "/home/airflow/.local/lib/python3.12/site-packages/airflow/providers/docker/operators/docker.py", line 444, in _run_image_with_mounts
    raise DockerContainerFailedException(f"Docker container failed: {result!r}", logs=log_lines)
airflow.providers.docker.exceptions.DockerContainerFailedException: Docker container failed: {'StatusCode': 137}

During handling of the above exception, another exception occurred:

Traceback (most recent call last):
  File "/home/airflow/.local/lib/python3.12/site-packages/docker/api/client.py", line 265, in _raise_for_status
    response.raise_for_status()
  File "/home/airflow/.local/lib/python3.12/site-packages/requests/models.py", line 1021, in raise_for_status
    raise HTTPError(http_error_msg, response=self)
requests.exceptions.HTTPError: 409 Client Error: Conflict for url: http+docker://localhost/v1.51/containers/a60bbf1156054386c5dcc240e281df25fb877f2ebb4cc4626d383b875ceb3b22?v=False&link=False&force=False

The above exception was the direct cause of the following exception:

Traceback (most recent call last):
  File "/home/airflow/.local/lib/python3.12/site-packages/airflow/models/taskinstance.py", line 465, in _execute_task
    result = _execute_callable(context=context, **execute_callable_kwargs)
             ^^^^^^^^^^^^^^^^^^^^^^^^^^^^^^^^^^^^^^^^^^^^^^^^^^^^^^^^^^^^^
  File "/home/airflow/.local/lib/python3.12/site-packages/airflow/models/taskinstance.py", line 432, in _execute_callable
    return execute_callable(context=context, **execute_callable_kwargs)
           ^^^^^^^^^^^^^^^^^^^^^^^^^^^^^^^^^^^^^^^^^^^^^^^^^^^^^^^^^^^^
  File "/home/airflow/.local/lib/python3.12/site-packages/airflow/models/baseoperator.py", line 400, in wrapper
    return func(self, *args, **kwargs)
           ^^^^^^^^^^^^^^^^^^^^^^^^^^^
  File "/home/airflow/.local/lib/python3.12/site-packages/airflow/providers/docker/operators/docker.py", line 509, in execute
    return self._run_image()
           ^^^^^^^^^^^^^^^^^
  File "/home/airflow/.local/lib/python3.12/site-packages/airflow/providers/docker/operators/docker.py", line 383, in _run_image
    return self._run_image_with_mounts(self.mounts, add_tmp_variable=False)
           ^^^^^^^^^^^^^^^^^^^^^^^^^^^^^^^^^^^^^^^^^^^^^^^^^^^^^^^^^^^^^^^^
  File "/home/airflow/.local/lib/python3.12/site-packages/airflow/providers/docker/operators/docker.py", line 462, in _run_image_with_mounts
    self.cli.remove_container(self.container["Id"])
  File "/home/airflow/.local/lib/python3.12/site-packages/docker/utils/decorators.py", line 19, in wrapped
    return f(self, resource_id, *args, **kwargs)
           ^^^^^^^^^^^^^^^^^^^^^^^^^^^^^^^^^^^^^
  File "/home/airflow/.local/lib/python3.12/site-packages/docker/api/container.py", line 1036, in remove_container
    self._raise_for_status(res)
  File "/home/airflow/.local/lib/python3.12/site-packages/docker/api/client.py", line 267, in _raise_for_status
    raise create_api_error_from_http_exception(e) from e
          ^^^^^^^^^^^^^^^^^^^^^^^^^^^^^^^^^^^^^^^
  File "/home/airflow/.local/lib/python3.12/site-packages/docker/errors.py", line 39, in create_api_error_from_http_exception
    raise cls(e, response=response, explanation=explanation) from e
docker.errors.APIError: 409 Client Error for http+docker://localhost/v1.51/containers/a60bbf1156054386c5dcc240e281df25fb877f2ebb4cc4626d383b875ceb3b22?v=False&link=False&force=False: Conflict ("removal of container a60bbf1156054386c5dcc240e281df25fb877f2ebb4cc4626d383b875ceb3b22 is already in progress")
[2025-12-07T12:58:08.677+0000] {taskinstance.py:1206} INFO - Marking task as FAILED. dag_id=flujo_etl_completo, task_id=ingestion_general, run_id=scheduled__2025-12-07T11:00:00+00:00, execution_date=20251207T110000, start_date=20251207T125527, end_date=20251207T125808
[2025-12-07T12:58:08.699+0000] {standard_task_runner.py:110} ERROR - Failed to execute job 3 for task ingestion_general (409 Client Error for http+docker://localhost/v1.51/containers/a60bbf1156054386c5dcc240e281df25fb877f2ebb4cc4626d383b875ceb3b22?v=False&link=False&force=False: Conflict ("removal of container a60bbf1156054386c5dcc240e281df25fb877f2ebb4cc4626d383b875ceb3b22 is already in progress"); 180)
[2025-12-07T12:58:08.748+0000] {local_task_job_runner.py:240} INFO - Task exited with return code 1
[2025-12-07T12:58:08.779+0000] {taskinstance.py:3498} INFO - 0 downstream tasks scheduled from follow-on schedule check
[2025-12-07T12:58:08.784+0000] {local_task_job_runner.py:222} INFO - ::endgroup::
