[2025-12-07T13:01:24.750+0000] {local_task_job_runner.py:120} INFO - ::group::Pre task execution logs
[2025-12-07T13:01:24.802+0000] {taskinstance.py:2076} INFO - Dependencies all met for dep_context=non-requeueable deps ti=<TaskInstance: flujo_etl_completo.ingestion_general scheduled__2025-12-07T12:00:00+00:00 [queued]>
[2025-12-07T13:01:24.815+0000] {taskinstance.py:2076} INFO - Dependencies all met for dep_context=requeueable deps ti=<TaskInstance: flujo_etl_completo.ingestion_general scheduled__2025-12-07T12:00:00+00:00 [queued]>
[2025-12-07T13:01:24.816+0000] {taskinstance.py:2306} INFO - Starting attempt 1 of 1
[2025-12-07T13:01:24.833+0000] {taskinstance.py:2330} INFO - Executing <Task(DockerOperator): ingestion_general> on 2025-12-07 12:00:00+00:00
[2025-12-07T13:01:24.842+0000] {standard_task_runner.py:90} INFO - Running: ['***', 'tasks', 'run', 'flujo_etl_completo', 'ingestion_general', 'scheduled__2025-12-07T12:00:00+00:00', '--job-id', '3', '--raw', '--subdir', 'DAGS_FOLDER/pipeline_completo.py', '--cfg-path', '/tmp/tmp_lt4vb34']
[2025-12-07T13:01:24.845+0000] {standard_task_runner.py:91} INFO - Job 3: Subtask ingestion_general
[2025-12-07T13:01:24.845+0000] {logging_mixin.py:188} WARNING - /home/***/.local/lib/python3.12/site-packages/***/task/task_runner/standard_task_runner.py:61 DeprecationWarning: This process (pid=179) is multi-threaded, use of fork() may lead to deadlocks in the child.
[2025-12-07T13:01:24.847+0000] {standard_task_runner.py:63} INFO - Started process 180 to run task
[2025-12-07T13:01:24.949+0000] {task_command.py:426} INFO - Running <TaskInstance: flujo_etl_completo.ingestion_general scheduled__2025-12-07T12:00:00+00:00 [running]> on host ccfd8b7177b1
[2025-12-07T13:01:25.073+0000] {taskinstance.py:2648} INFO - Exporting env vars: AIRFLOW_CTX_DAG_OWNER='tu_nombre' AIRFLOW_CTX_DAG_ID='flujo_etl_completo' AIRFLOW_CTX_TASK_ID='ingestion_general' AIRFLOW_CTX_EXECUTION_DATE='2025-12-07T12:00:00+00:00' AIRFLOW_CTX_TRY_NUMBER='1' AIRFLOW_CTX_DAG_RUN_ID='scheduled__2025-12-07T12:00:00+00:00'
[2025-12-07T13:01:25.075+0000] {taskinstance.py:430} INFO - ::endgroup::
[2025-12-07T13:01:25.289+0000] {docker.py:366} INFO - Starting docker container from image ingestion:latest
[2025-12-07T13:01:26.065+0000] {docker.py:436} INFO - Iniciando Script 1...
[2025-12-07T13:01:26.067+0000] {docker.py:436} INFO - Iniciando Script 2...
[2025-12-07T13:01:57.432+0000] {docker.py:436} INFO - Esperando inicio de servicios...
Descargando datos de Madrid...
Esperando inicio de servicios...
Descargando datos de Barcelona...
[2025-12-07T13:01:57.760+0000] {docker.py:436} INFO - Transformando 99 registros.
[2025-12-07T13:01:57.780+0000] {docker.py:436} INFO - Enviando 128 filas procesadas a la API de Barcelona...
[2025-12-07T13:01:57.801+0000] {docker.py:436} INFO - Datos insertados correctamente de Barcelona.
[2025-12-07T13:01:57.872+0000] {docker.py:436} INFO - Transformando 122 registros (Wide -> Long)...
[2025-12-07T13:01:57.900+0000] {docker.py:436} INFO - Enviando 1586 filas procesadas a la API...
[2025-12-07T13:01:57.910+0000] {docker.py:436} INFO - Datos insertados correctamente.
[2025-12-07T13:11:04.624+0000] {local_task_job_runner.py:124} ERROR - Received SIGTERM. Terminating subprocesses
[2025-12-07T13:11:04.635+0000] {process_utils.py:132} INFO - Sending 15 to group 180. PIDs of all processes in the group: [180]
[2025-12-07T13:11:04.641+0000] {process_utils.py:87} INFO - Sending the signal 15 to group 180
[2025-12-07T13:11:04.648+0000] {taskinstance.py:2611} ERROR - Received SIGTERM. Terminating subprocesses.
[2025-12-07T13:11:04.662+0000] {docker.py:528} INFO - Stopping docker container
[2025-12-07T13:11:07.373+0000] {local_task_job_runner.py:124} ERROR - Received SIGTERM. Terminating subprocesses
[2025-12-07T13:11:07.374+0000] {process_utils.py:132} INFO - Sending 15 to group 180. PIDs of all processes in the group: [180]
