[2025-12-07T21:04:35.101+0000] {local_task_job_runner.py:120} INFO - ::group::Pre task execution logs
[2025-12-07T21:04:35.177+0000] {taskinstance.py:2076} INFO - Dependencies all met for dep_context=non-requeueable deps ti=<TaskInstance: flujo_etl_completo.ingestion_general scheduled__2025-12-07T20:00:00+00:00 [queued]>
[2025-12-07T21:04:35.195+0000] {taskinstance.py:2076} INFO - Dependencies all met for dep_context=requeueable deps ti=<TaskInstance: flujo_etl_completo.ingestion_general scheduled__2025-12-07T20:00:00+00:00 [queued]>
[2025-12-07T21:04:35.196+0000] {taskinstance.py:2306} INFO - Starting attempt 1 of 1
[2025-12-07T21:04:35.225+0000] {taskinstance.py:2330} INFO - Executing <Task(DockerOperator): ingestion_general> on 2025-12-07 20:00:00+00:00
[2025-12-07T21:04:35.242+0000] {standard_task_runner.py:90} INFO - Running: ['***', 'tasks', 'run', 'flujo_etl_completo', 'ingestion_general', 'scheduled__2025-12-07T20:00:00+00:00', '--job-id', '2', '--raw', '--subdir', 'DAGS_FOLDER/pipeline_completo.py', '--cfg-path', '/tmp/tmpjx_c0739']
[2025-12-07T21:04:35.245+0000] {logging_mixin.py:188} WARNING - /home/***/.local/lib/python3.12/site-packages/***/task/task_runner/standard_task_runner.py:61 DeprecationWarning: This process (pid=174) is multi-threaded, use of fork() may lead to deadlocks in the child.
[2025-12-07T21:04:35.248+0000] {standard_task_runner.py:91} INFO - Job 2: Subtask ingestion_general
[2025-12-07T21:04:35.249+0000] {standard_task_runner.py:63} INFO - Started process 175 to run task
[2025-12-07T21:04:35.378+0000] {task_command.py:426} INFO - Running <TaskInstance: flujo_etl_completo.ingestion_general scheduled__2025-12-07T20:00:00+00:00 [running]> on host 8533d0c34ac4
[2025-12-07T21:04:35.501+0000] {taskinstance.py:2648} INFO - Exporting env vars: AIRFLOW_CTX_DAG_OWNER='tu_nombre' AIRFLOW_CTX_DAG_ID='flujo_etl_completo' AIRFLOW_CTX_TASK_ID='ingestion_general' AIRFLOW_CTX_EXECUTION_DATE='2025-12-07T20:00:00+00:00' AIRFLOW_CTX_TRY_NUMBER='1' AIRFLOW_CTX_DAG_RUN_ID='scheduled__2025-12-07T20:00:00+00:00'
[2025-12-07T21:04:35.503+0000] {taskinstance.py:430} INFO - ::endgroup::
[2025-12-07T21:04:35.680+0000] {docker.py:366} INFO - Starting docker container from image ingestion:latest
[2025-12-07T21:04:36.213+0000] {docker.py:436} INFO - Iniciando Script 1...
[2025-12-07T21:04:36.215+0000] {docker.py:436} INFO - Iniciando Script 2...
[2025-12-07T21:04:37.599+0000] {docker.py:436} INFO - --- Iniciando ejecución orquestada por Airflow ------ Iniciando ejecución orquestada por Airflow ---
Descargando datos de Barcelona...

Descargando datos de Madrid...
[2025-12-07T21:04:37.968+0000] {docker.py:436} INFO - Transformando 99 registros.
[2025-12-07T21:04:37.989+0000] {docker.py:436} INFO - Enviando 128 filas procesadas a la API de Barcelona...
[2025-12-07T21:04:37.999+0000] {docker.py:436} INFO - Datos insertados correctamente de Barcelona.
[2025-12-07T21:04:38.000+0000] {docker.py:436} INFO - Procesamiento finalizado con éxito.
--- Fin del script ---
[2025-12-07T21:04:38.243+0000] {docker.py:436} INFO - Transformando 122 registros (Wide -> Long)...
[2025-12-07T21:04:38.267+0000] {docker.py:436} INFO - Enviando 2562 filas procesadas a la API...
[2025-12-07T21:04:38.284+0000] {docker.py:436} INFO - Datos insertados correctamente.
[2025-12-07T21:04:38.291+0000] {docker.py:436} INFO - Procesamiento finalizado con éxito.
--- Fin del script ---
[2025-12-07T21:04:38.639+0000] {taskinstance.py:441} INFO - ::group::Post task execution logs
[2025-12-07T21:04:38.681+0000] {taskinstance.py:1206} INFO - Marking task as SUCCESS. dag_id=flujo_etl_completo, task_id=ingestion_general, run_id=scheduled__2025-12-07T20:00:00+00:00, execution_date=20251207T200000, start_date=20251207T210435, end_date=20251207T210438
[2025-12-07T21:04:38.729+0000] {local_task_job_runner.py:240} INFO - Task exited with return code 0
[2025-12-07T21:04:38.771+0000] {taskinstance.py:3498} INFO - 0 downstream tasks scheduled from follow-on schedule check
[2025-12-07T21:04:38.774+0000] {local_task_job_runner.py:222} INFO - ::endgroup::
[2025-12-07T21:15:16.805+0000] {local_task_job_runner.py:120} INFO - ::group::Pre task execution logs
[2025-12-07T21:15:16.838+0000] {taskinstance.py:2076} INFO - Dependencies all met for dep_context=non-requeueable deps ti=<TaskInstance: flujo_etl_completo.ingestion_general scheduled__2025-12-07T20:00:00+00:00 [queued]>
[2025-12-07T21:15:16.847+0000] {taskinstance.py:2076} INFO - Dependencies all met for dep_context=requeueable deps ti=<TaskInstance: flujo_etl_completo.ingestion_general scheduled__2025-12-07T20:00:00+00:00 [queued]>
[2025-12-07T21:15:16.847+0000] {taskinstance.py:2306} INFO - Starting attempt 1 of 2
[2025-12-07T21:15:16.862+0000] {taskinstance.py:2330} INFO - Executing <Task(DockerOperator): ingestion_general> on 2025-12-07 20:00:00+00:00
[2025-12-07T21:15:16.872+0000] {logging_mixin.py:188} WARNING - /home/***/.local/lib/python3.12/site-packages/***/task/task_runner/standard_task_runner.py:61 DeprecationWarning: This process (pid=174) is multi-threaded, use of fork() may lead to deadlocks in the child.
[2025-12-07T21:15:16.870+0000] {standard_task_runner.py:90} INFO - Running: ['***', 'tasks', 'run', 'flujo_etl_completo', 'ingestion_general', 'scheduled__2025-12-07T20:00:00+00:00', '--job-id', '2', '--raw', '--subdir', 'DAGS_FOLDER/pipeline_completo.py', '--cfg-path', '/tmp/tmpu34yq25_']
[2025-12-07T21:15:16.873+0000] {standard_task_runner.py:63} INFO - Started process 176 to run task
[2025-12-07T21:15:16.873+0000] {standard_task_runner.py:91} INFO - Job 2: Subtask ingestion_general
[2025-12-07T21:15:16.952+0000] {task_command.py:426} INFO - Running <TaskInstance: flujo_etl_completo.ingestion_general scheduled__2025-12-07T20:00:00+00:00 [running]> on host b39cb6c969b2
[2025-12-07T21:15:17.080+0000] {taskinstance.py:2648} INFO - Exporting env vars: AIRFLOW_CTX_DAG_OWNER='tu_nombre' AIRFLOW_CTX_DAG_ID='flujo_etl_completo' AIRFLOW_CTX_TASK_ID='ingestion_general' AIRFLOW_CTX_EXECUTION_DATE='2025-12-07T20:00:00+00:00' AIRFLOW_CTX_TRY_NUMBER='1' AIRFLOW_CTX_DAG_RUN_ID='scheduled__2025-12-07T20:00:00+00:00'
[2025-12-07T21:15:17.082+0000] {taskinstance.py:430} INFO - ::endgroup::
[2025-12-07T21:15:17.252+0000] {docker.py:366} INFO - Starting docker container from image ingestion:latest
[2025-12-07T21:15:17.698+0000] {docker.py:436} INFO - Iniciando Script 1...
[2025-12-07T21:15:17.699+0000] {docker.py:436} INFO - Iniciando Script 2...
[2025-12-07T21:15:19.019+0000] {docker.py:436} INFO - --- Iniciando ejecución orquestada por Airflow ------ Iniciando ejecución orquestada por Airflow ---

Descargando datos de Madrid...Descargando datos de Barcelona...
[2025-12-07T21:15:19.513+0000] {docker.py:436} INFO - Transformando 99 registros.
[2025-12-07T21:15:19.542+0000] {docker.py:436} INFO - Enviando 128 filas procesadas a la API de Barcelona...
[2025-12-07T21:15:19.555+0000] {docker.py:436} INFO - Datos insertados correctamente de Barcelona.
[2025-12-07T21:15:19.561+0000] {docker.py:436} INFO - Procesamiento finalizado con éxito.
--- Fin del script ---
[2025-12-07T21:15:21.745+0000] {docker.py:436} INFO - Transformando 122 registros (Wide -> Long)...
[2025-12-07T21:15:21.787+0000] {docker.py:436} INFO - Enviando 2562 filas procesadas a la API...
[2025-12-07T21:15:21.832+0000] {docker.py:436} INFO - Datos insertados correctamente.
[2025-12-07T21:15:21.837+0000] {docker.py:436} INFO - Procesamiento finalizado con éxito.
--- Fin del script ---
[2025-12-07T21:15:22.334+0000] {taskinstance.py:441} INFO - ::group::Post task execution logs
[2025-12-07T21:15:22.372+0000] {taskinstance.py:1206} INFO - Marking task as SUCCESS. dag_id=flujo_etl_completo, task_id=ingestion_general, run_id=scheduled__2025-12-07T20:00:00+00:00, execution_date=20251207T200000, start_date=20251207T211516, end_date=20251207T211522
[2025-12-07T21:15:22.424+0000] {local_task_job_runner.py:240} INFO - Task exited with return code 0
[2025-12-07T21:15:22.458+0000] {taskinstance.py:3498} INFO - 0 downstream tasks scheduled from follow-on schedule check
[2025-12-07T21:15:22.462+0000] {local_task_job_runner.py:222} INFO - ::endgroup::
[2025-12-07T21:28:19.155+0000] {local_task_job_runner.py:120} INFO - ::group::Pre task execution logs
[2025-12-07T21:28:19.213+0000] {taskinstance.py:2076} INFO - Dependencies all met for dep_context=non-requeueable deps ti=<TaskInstance: flujo_etl_completo.ingestion_general scheduled__2025-12-07T20:00:00+00:00 [queued]>
[2025-12-07T21:28:19.232+0000] {taskinstance.py:2076} INFO - Dependencies all met for dep_context=requeueable deps ti=<TaskInstance: flujo_etl_completo.ingestion_general scheduled__2025-12-07T20:00:00+00:00 [queued]>
[2025-12-07T21:28:19.242+0000] {taskinstance.py:2306} INFO - Starting attempt 1 of 2
[2025-12-07T21:28:19.269+0000] {taskinstance.py:2330} INFO - Executing <Task(DockerOperator): ingestion_general> on 2025-12-07 20:00:00+00:00
[2025-12-07T21:28:19.292+0000] {logging_mixin.py:188} WARNING - /home/***/.local/lib/python3.12/site-packages/***/task/task_runner/standard_task_runner.py:61 DeprecationWarning: This process (pid=173) is multi-threaded, use of fork() may lead to deadlocks in the child.
[2025-12-07T21:28:19.290+0000] {standard_task_runner.py:90} INFO - Running: ['***', 'tasks', 'run', 'flujo_etl_completo', 'ingestion_general', 'scheduled__2025-12-07T20:00:00+00:00', '--job-id', '3', '--raw', '--subdir', 'DAGS_FOLDER/pipeline_completo.py', '--cfg-path', '/tmp/tmpqqnrs8ve']
[2025-12-07T21:28:19.298+0000] {standard_task_runner.py:63} INFO - Started process 176 to run task
[2025-12-07T21:28:19.302+0000] {standard_task_runner.py:91} INFO - Job 3: Subtask ingestion_general
[2025-12-07T21:28:19.494+0000] {task_command.py:426} INFO - Running <TaskInstance: flujo_etl_completo.ingestion_general scheduled__2025-12-07T20:00:00+00:00 [running]> on host f4b394c2d673
[2025-12-07T21:28:19.627+0000] {taskinstance.py:2648} INFO - Exporting env vars: AIRFLOW_CTX_DAG_OWNER='tu_nombre' AIRFLOW_CTX_DAG_ID='flujo_etl_completo' AIRFLOW_CTX_TASK_ID='ingestion_general' AIRFLOW_CTX_EXECUTION_DATE='2025-12-07T20:00:00+00:00' AIRFLOW_CTX_TRY_NUMBER='1' AIRFLOW_CTX_DAG_RUN_ID='scheduled__2025-12-07T20:00:00+00:00'
[2025-12-07T21:28:19.634+0000] {taskinstance.py:430} INFO - ::endgroup::
[2025-12-07T21:28:19.821+0000] {docker.py:493} INFO - Pulling docker image ingestion:latest
[2025-12-07T21:28:20.849+0000] {taskinstance.py:441} INFO - ::group::Post task execution logs
[2025-12-07T21:28:20.854+0000] {taskinstance.py:2905} ERROR - Task failed with exception
Traceback (most recent call last):
  File "/home/airflow/.local/lib/python3.12/site-packages/docker/api/client.py", line 265, in _raise_for_status
    response.raise_for_status()
  File "/home/airflow/.local/lib/python3.12/site-packages/requests/models.py", line 1021, in raise_for_status
    raise HTTPError(http_error_msg, response=self)
requests.exceptions.HTTPError: 404 Client Error: Not Found for url: http+docker://localhost/v1.51/images/create?tag=latest&fromImage=ingestion

The above exception was the direct cause of the following exception:

Traceback (most recent call last):
  File "/home/airflow/.local/lib/python3.12/site-packages/airflow/models/taskinstance.py", line 465, in _execute_task
    result = _execute_callable(context=context, **execute_callable_kwargs)
             ^^^^^^^^^^^^^^^^^^^^^^^^^^^^^^^^^^^^^^^^^^^^^^^^^^^^^^^^^^^^^
  File "/home/airflow/.local/lib/python3.12/site-packages/airflow/models/taskinstance.py", line 432, in _execute_callable
    return execute_callable(context=context, **execute_callable_kwargs)
           ^^^^^^^^^^^^^^^^^^^^^^^^^^^^^^^^^^^^^^^^^^^^^^^^^^^^^^^^^^^^
  File "/home/airflow/.local/lib/python3.12/site-packages/airflow/models/baseoperator.py", line 400, in wrapper
    return func(self, *args, **kwargs)
           ^^^^^^^^^^^^^^^^^^^^^^^^^^^
  File "/home/airflow/.local/lib/python3.12/site-packages/airflow/providers/docker/operators/docker.py", line 495, in execute
    for output in self.cli.pull(self.image, stream=True, decode=True):
                  ^^^^^^^^^^^^^^^^^^^^^^^^^^^^^^^^^^^^^^^^^^^^^^^^^^^
  File "/home/airflow/.local/lib/python3.12/site-packages/docker/api/image.py", line 429, in pull
    self._raise_for_status(response)
  File "/home/airflow/.local/lib/python3.12/site-packages/docker/api/client.py", line 267, in _raise_for_status
    raise create_api_error_from_http_exception(e) from e
          ^^^^^^^^^^^^^^^^^^^^^^^^^^^^^^^^^^^^^^^
  File "/home/airflow/.local/lib/python3.12/site-packages/docker/errors.py", line 39, in create_api_error_from_http_exception
    raise cls(e, response=response, explanation=explanation) from e
docker.errors.ImageNotFound: 404 Client Error for http+docker://localhost/v1.51/images/create?tag=latest&fromImage=ingestion: Not Found ("pull access denied for ingestion, repository does not exist or may require 'docker login'")
[2025-12-07T21:28:20.869+0000] {taskinstance.py:1206} INFO - Marking task as UP_FOR_RETRY. dag_id=flujo_etl_completo, task_id=ingestion_general, run_id=scheduled__2025-12-07T20:00:00+00:00, execution_date=20251207T200000, start_date=20251207T212819, end_date=20251207T212820
[2025-12-07T21:28:20.888+0000] {standard_task_runner.py:110} ERROR - Failed to execute job 3 for task ingestion_general (404 Client Error for http+docker://localhost/v1.51/images/create?tag=latest&fromImage=ingestion: Not Found ("pull access denied for ingestion, repository does not exist or may require 'docker login'"); 176)
[2025-12-07T21:28:20.930+0000] {local_task_job_runner.py:240} INFO - Task exited with return code 1
[2025-12-07T21:28:20.960+0000] {taskinstance.py:3498} INFO - 0 downstream tasks scheduled from follow-on schedule check
[2025-12-07T21:28:20.965+0000] {local_task_job_runner.py:222} INFO - ::endgroup::
[2025-12-07T21:51:10.846+0000] {local_task_job_runner.py:120} INFO - ::group::Pre task execution logs
[2025-12-07T21:51:10.892+0000] {taskinstance.py:2076} INFO - Dependencies all met for dep_context=non-requeueable deps ti=<TaskInstance: flujo_etl_completo.ingestion_general scheduled__2025-12-07T20:00:00+00:00 [queued]>
[2025-12-07T21:51:10.904+0000] {taskinstance.py:2076} INFO - Dependencies all met for dep_context=requeueable deps ti=<TaskInstance: flujo_etl_completo.ingestion_general scheduled__2025-12-07T20:00:00+00:00 [queued]>
[2025-12-07T21:51:10.906+0000] {taskinstance.py:2306} INFO - Starting attempt 1 of 1
[2025-12-07T21:51:10.923+0000] {taskinstance.py:2330} INFO - Executing <Task(DockerOperator): ingestion_general> on 2025-12-07 20:00:00+00:00
[2025-12-07T21:51:10.932+0000] {standard_task_runner.py:90} INFO - Running: ['***', 'tasks', 'run', 'flujo_etl_completo', 'ingestion_general', 'scheduled__2025-12-07T20:00:00+00:00', '--job-id', '2', '--raw', '--subdir', 'DAGS_FOLDER/pipeline_completo.py', '--cfg-path', '/tmp/tmp9qjhj4tl']
[2025-12-07T21:51:10.936+0000] {logging_mixin.py:188} WARNING - /home/***/.local/lib/python3.12/site-packages/***/task/task_runner/standard_task_runner.py:61 DeprecationWarning: This process (pid=213) is multi-threaded, use of fork() may lead to deadlocks in the child.
[2025-12-07T21:51:10.937+0000] {standard_task_runner.py:91} INFO - Job 2: Subtask ingestion_general
[2025-12-07T21:51:10.938+0000] {standard_task_runner.py:63} INFO - Started process 214 to run task
[2025-12-07T21:51:11.045+0000] {task_command.py:426} INFO - Running <TaskInstance: flujo_etl_completo.ingestion_general scheduled__2025-12-07T20:00:00+00:00 [running]> on host 96f2ac458b77
[2025-12-07T21:51:11.161+0000] {taskinstance.py:2648} INFO - Exporting env vars: AIRFLOW_CTX_DAG_OWNER='tu_nombre' AIRFLOW_CTX_DAG_ID='flujo_etl_completo' AIRFLOW_CTX_TASK_ID='ingestion_general' AIRFLOW_CTX_EXECUTION_DATE='2025-12-07T20:00:00+00:00' AIRFLOW_CTX_TRY_NUMBER='1' AIRFLOW_CTX_DAG_RUN_ID='scheduled__2025-12-07T20:00:00+00:00'
[2025-12-07T21:51:11.163+0000] {taskinstance.py:430} INFO - ::endgroup::
[2025-12-07T21:51:11.514+0000] {docker.py:493} INFO - Pulling docker image ingestion:latest
[2025-12-07T21:51:12.577+0000] {taskinstance.py:441} INFO - ::group::Post task execution logs
[2025-12-07T21:51:12.589+0000] {taskinstance.py:2905} ERROR - Task failed with exception
Traceback (most recent call last):
  File "/home/airflow/.local/lib/python3.12/site-packages/docker/api/client.py", line 265, in _raise_for_status
    response.raise_for_status()
  File "/home/airflow/.local/lib/python3.12/site-packages/requests/models.py", line 1021, in raise_for_status
    raise HTTPError(http_error_msg, response=self)
requests.exceptions.HTTPError: 404 Client Error: Not Found for url: http+docker://localhost/v1.51/images/create?tag=latest&fromImage=ingestion

The above exception was the direct cause of the following exception:

Traceback (most recent call last):
  File "/home/airflow/.local/lib/python3.12/site-packages/airflow/models/taskinstance.py", line 465, in _execute_task
    result = _execute_callable(context=context, **execute_callable_kwargs)
             ^^^^^^^^^^^^^^^^^^^^^^^^^^^^^^^^^^^^^^^^^^^^^^^^^^^^^^^^^^^^^
  File "/home/airflow/.local/lib/python3.12/site-packages/airflow/models/taskinstance.py", line 432, in _execute_callable
    return execute_callable(context=context, **execute_callable_kwargs)
           ^^^^^^^^^^^^^^^^^^^^^^^^^^^^^^^^^^^^^^^^^^^^^^^^^^^^^^^^^^^^
  File "/home/airflow/.local/lib/python3.12/site-packages/airflow/models/baseoperator.py", line 400, in wrapper
    return func(self, *args, **kwargs)
           ^^^^^^^^^^^^^^^^^^^^^^^^^^^
  File "/home/airflow/.local/lib/python3.12/site-packages/airflow/providers/docker/operators/docker.py", line 495, in execute
    for output in self.cli.pull(self.image, stream=True, decode=True):
                  ^^^^^^^^^^^^^^^^^^^^^^^^^^^^^^^^^^^^^^^^^^^^^^^^^^^
  File "/home/airflow/.local/lib/python3.12/site-packages/docker/api/image.py", line 429, in pull
    self._raise_for_status(response)
  File "/home/airflow/.local/lib/python3.12/site-packages/docker/api/client.py", line 267, in _raise_for_status
    raise create_api_error_from_http_exception(e) from e
          ^^^^^^^^^^^^^^^^^^^^^^^^^^^^^^^^^^^^^^^
  File "/home/airflow/.local/lib/python3.12/site-packages/docker/errors.py", line 39, in create_api_error_from_http_exception
    raise cls(e, response=response, explanation=explanation) from e
docker.errors.ImageNotFound: 404 Client Error for http+docker://localhost/v1.51/images/create?tag=latest&fromImage=ingestion: Not Found ("pull access denied for ingestion, repository does not exist or may require 'docker login'")
[2025-12-07T21:51:12.609+0000] {taskinstance.py:1206} INFO - Marking task as FAILED. dag_id=flujo_etl_completo, task_id=ingestion_general, run_id=scheduled__2025-12-07T20:00:00+00:00, execution_date=20251207T200000, start_date=20251207T215110, end_date=20251207T215112
[2025-12-07T21:51:12.647+0000] {standard_task_runner.py:110} ERROR - Failed to execute job 2 for task ingestion_general (404 Client Error for http+docker://localhost/v1.51/images/create?tag=latest&fromImage=ingestion: Not Found ("pull access denied for ingestion, repository does not exist or may require 'docker login'"); 214)
[2025-12-07T21:51:12.679+0000] {local_task_job_runner.py:240} INFO - Task exited with return code 1
[2025-12-07T21:51:12.703+0000] {taskinstance.py:3498} INFO - 0 downstream tasks scheduled from follow-on schedule check
[2025-12-07T21:51:12.717+0000] {local_task_job_runner.py:222} INFO - ::endgroup::
[2025-12-07T21:54:19.505+0000] {local_task_job_runner.py:120} INFO - ::group::Pre task execution logs
[2025-12-07T21:54:19.543+0000] {taskinstance.py:2076} INFO - Dependencies all met for dep_context=non-requeueable deps ti=<TaskInstance: flujo_etl_completo.ingestion_general scheduled__2025-12-07T20:00:00+00:00 [queued]>
[2025-12-07T21:54:19.554+0000] {taskinstance.py:2076} INFO - Dependencies all met for dep_context=requeueable deps ti=<TaskInstance: flujo_etl_completo.ingestion_general scheduled__2025-12-07T20:00:00+00:00 [queued]>
[2025-12-07T21:54:19.558+0000] {taskinstance.py:2306} INFO - Starting attempt 1 of 1
[2025-12-07T21:54:19.572+0000] {taskinstance.py:2330} INFO - Executing <Task(DockerOperator): ingestion_general> on 2025-12-07 20:00:00+00:00
[2025-12-07T21:54:19.581+0000] {standard_task_runner.py:90} INFO - Running: ['***', 'tasks', 'run', 'flujo_etl_completo', 'ingestion_general', 'scheduled__2025-12-07T20:00:00+00:00', '--job-id', '3', '--raw', '--subdir', 'DAGS_FOLDER/pipeline_completo.py', '--cfg-path', '/tmp/tmpj2d8mf0m']
[2025-12-07T21:54:19.584+0000] {logging_mixin.py:188} WARNING - /home/***/.local/lib/python3.12/site-packages/***/task/task_runner/standard_task_runner.py:61 DeprecationWarning: This process (pid=174) is multi-threaded, use of fork() may lead to deadlocks in the child.
[2025-12-07T21:54:19.585+0000] {standard_task_runner.py:91} INFO - Job 3: Subtask ingestion_general
[2025-12-07T21:54:19.586+0000] {standard_task_runner.py:63} INFO - Started process 176 to run task
[2025-12-07T21:54:19.682+0000] {task_command.py:426} INFO - Running <TaskInstance: flujo_etl_completo.ingestion_general scheduled__2025-12-07T20:00:00+00:00 [running]> on host c5e45831a30d
[2025-12-07T21:54:19.776+0000] {taskinstance.py:2648} INFO - Exporting env vars: AIRFLOW_CTX_DAG_OWNER='tu_nombre' AIRFLOW_CTX_DAG_ID='flujo_etl_completo' AIRFLOW_CTX_TASK_ID='ingestion_general' AIRFLOW_CTX_EXECUTION_DATE='2025-12-07T20:00:00+00:00' AIRFLOW_CTX_TRY_NUMBER='1' AIRFLOW_CTX_DAG_RUN_ID='scheduled__2025-12-07T20:00:00+00:00'
[2025-12-07T21:54:19.777+0000] {taskinstance.py:430} INFO - ::endgroup::
[2025-12-07T21:54:19.868+0000] {docker.py:493} INFO - Pulling docker image ingestion:latest
[2025-12-07T21:54:20.768+0000] {taskinstance.py:441} INFO - ::group::Post task execution logs
[2025-12-07T21:54:20.770+0000] {taskinstance.py:2905} ERROR - Task failed with exception
Traceback (most recent call last):
  File "/home/airflow/.local/lib/python3.12/site-packages/docker/api/client.py", line 265, in _raise_for_status
    response.raise_for_status()
  File "/home/airflow/.local/lib/python3.12/site-packages/requests/models.py", line 1021, in raise_for_status
    raise HTTPError(http_error_msg, response=self)
requests.exceptions.HTTPError: 404 Client Error: Not Found for url: http+docker://localhost/v1.51/images/create?tag=latest&fromImage=ingestion

The above exception was the direct cause of the following exception:

Traceback (most recent call last):
  File "/home/airflow/.local/lib/python3.12/site-packages/airflow/models/taskinstance.py", line 465, in _execute_task
    result = _execute_callable(context=context, **execute_callable_kwargs)
             ^^^^^^^^^^^^^^^^^^^^^^^^^^^^^^^^^^^^^^^^^^^^^^^^^^^^^^^^^^^^^
  File "/home/airflow/.local/lib/python3.12/site-packages/airflow/models/taskinstance.py", line 432, in _execute_callable
    return execute_callable(context=context, **execute_callable_kwargs)
           ^^^^^^^^^^^^^^^^^^^^^^^^^^^^^^^^^^^^^^^^^^^^^^^^^^^^^^^^^^^^
  File "/home/airflow/.local/lib/python3.12/site-packages/airflow/models/baseoperator.py", line 400, in wrapper
    return func(self, *args, **kwargs)
           ^^^^^^^^^^^^^^^^^^^^^^^^^^^
  File "/home/airflow/.local/lib/python3.12/site-packages/airflow/providers/docker/operators/docker.py", line 495, in execute
    for output in self.cli.pull(self.image, stream=True, decode=True):
                  ^^^^^^^^^^^^^^^^^^^^^^^^^^^^^^^^^^^^^^^^^^^^^^^^^^^
  File "/home/airflow/.local/lib/python3.12/site-packages/docker/api/image.py", line 429, in pull
    self._raise_for_status(response)
  File "/home/airflow/.local/lib/python3.12/site-packages/docker/api/client.py", line 267, in _raise_for_status
    raise create_api_error_from_http_exception(e) from e
          ^^^^^^^^^^^^^^^^^^^^^^^^^^^^^^^^^^^^^^^
  File "/home/airflow/.local/lib/python3.12/site-packages/docker/errors.py", line 39, in create_api_error_from_http_exception
    raise cls(e, response=response, explanation=explanation) from e
docker.errors.ImageNotFound: 404 Client Error for http+docker://localhost/v1.51/images/create?tag=latest&fromImage=ingestion: Not Found ("pull access denied for ingestion, repository does not exist or may require 'docker login'")
[2025-12-07T21:54:20.780+0000] {taskinstance.py:1206} INFO - Marking task as FAILED. dag_id=flujo_etl_completo, task_id=ingestion_general, run_id=scheduled__2025-12-07T20:00:00+00:00, execution_date=20251207T200000, start_date=20251207T215419, end_date=20251207T215420
[2025-12-07T21:54:20.792+0000] {standard_task_runner.py:110} ERROR - Failed to execute job 3 for task ingestion_general (404 Client Error for http+docker://localhost/v1.51/images/create?tag=latest&fromImage=ingestion: Not Found ("pull access denied for ingestion, repository does not exist or may require 'docker login'"); 176)
[2025-12-07T21:54:20.807+0000] {local_task_job_runner.py:240} INFO - Task exited with return code 1
[2025-12-07T21:54:20.828+0000] {taskinstance.py:3498} INFO - 0 downstream tasks scheduled from follow-on schedule check
[2025-12-07T21:54:20.834+0000] {local_task_job_runner.py:222} INFO - ::endgroup::
