[2025-12-07T19:21:26.405+0000] {local_task_job_runner.py:120} INFO - ::group::Pre task execution logs
[2025-12-07T19:21:26.437+0000] {taskinstance.py:2076} INFO - Dependencies all met for dep_context=non-requeueable deps ti=<TaskInstance: flujo_etl_completo.ingestion_madrid manual__2025-12-07T19:21:24+00:00 [queued]>
[2025-12-07T19:21:26.445+0000] {taskinstance.py:2076} INFO - Dependencies all met for dep_context=requeueable deps ti=<TaskInstance: flujo_etl_completo.ingestion_madrid manual__2025-12-07T19:21:24+00:00 [queued]>
[2025-12-07T19:21:26.448+0000] {taskinstance.py:2306} INFO - Starting attempt 1 of 1
[2025-12-07T19:21:26.464+0000] {taskinstance.py:2330} INFO - Executing <Task(DockerOperator): ingestion_madrid> on 2025-12-07 19:21:24+00:00
[2025-12-07T19:21:26.475+0000] {standard_task_runner.py:90} INFO - Running: ['***', 'tasks', 'run', 'flujo_etl_completo', 'ingestion_madrid', 'manual__2025-12-07T19:21:24+00:00', '--job-id', '5', '--raw', '--subdir', 'DAGS_FOLDER/pipeline_completo.py', '--cfg-path', '/tmp/tmp39w2jk9_']
[2025-12-07T19:21:26.477+0000] {logging_mixin.py:188} WARNING - /home/***/.local/lib/python3.12/site-packages/***/task/task_runner/standard_task_runner.py:61 DeprecationWarning: This process (pid=177) is multi-threaded, use of fork() may lead to deadlocks in the child.
[2025-12-07T19:21:26.478+0000] {standard_task_runner.py:91} INFO - Job 5: Subtask ingestion_madrid
[2025-12-07T19:21:26.478+0000] {standard_task_runner.py:63} INFO - Started process 179 to run task
[2025-12-07T19:21:26.554+0000] {task_command.py:426} INFO - Running <TaskInstance: flujo_etl_completo.ingestion_madrid manual__2025-12-07T19:21:24+00:00 [running]> on host 8cf28b355173
[2025-12-07T19:21:26.638+0000] {taskinstance.py:2648} INFO - Exporting env vars: AIRFLOW_CTX_DAG_OWNER='tu_nombre' AIRFLOW_CTX_DAG_ID='flujo_etl_completo' AIRFLOW_CTX_TASK_ID='ingestion_madrid' AIRFLOW_CTX_EXECUTION_DATE='2025-12-07T19:21:24+00:00' AIRFLOW_CTX_TRY_NUMBER='1' AIRFLOW_CTX_DAG_RUN_ID='manual__2025-12-07T19:21:24+00:00'
[2025-12-07T19:21:26.640+0000] {taskinstance.py:430} INFO - ::endgroup::
[2025-12-07T19:21:26.693+0000] {docker.py:493} INFO - Pulling docker image ingestion_datosmad:latest
[2025-12-07T19:21:27.264+0000] {taskinstance.py:441} INFO - ::group::Post task execution logs
[2025-12-07T19:21:27.272+0000] {taskinstance.py:2905} ERROR - Task failed with exception
Traceback (most recent call last):
  File "/home/airflow/.local/lib/python3.12/site-packages/docker/api/client.py", line 265, in _raise_for_status
    response.raise_for_status()
  File "/home/airflow/.local/lib/python3.12/site-packages/requests/models.py", line 1021, in raise_for_status
    raise HTTPError(http_error_msg, response=self)
requests.exceptions.HTTPError: 404 Client Error: Not Found for url: http+docker://localhost/v1.51/images/create?tag=latest&fromImage=ingestion_datosmad

The above exception was the direct cause of the following exception:

Traceback (most recent call last):
  File "/home/airflow/.local/lib/python3.12/site-packages/airflow/models/taskinstance.py", line 465, in _execute_task
    result = _execute_callable(context=context, **execute_callable_kwargs)
             ^^^^^^^^^^^^^^^^^^^^^^^^^^^^^^^^^^^^^^^^^^^^^^^^^^^^^^^^^^^^^
  File "/home/airflow/.local/lib/python3.12/site-packages/airflow/models/taskinstance.py", line 432, in _execute_callable
    return execute_callable(context=context, **execute_callable_kwargs)
           ^^^^^^^^^^^^^^^^^^^^^^^^^^^^^^^^^^^^^^^^^^^^^^^^^^^^^^^^^^^^
  File "/home/airflow/.local/lib/python3.12/site-packages/airflow/models/baseoperator.py", line 400, in wrapper
    return func(self, *args, **kwargs)
           ^^^^^^^^^^^^^^^^^^^^^^^^^^^
  File "/home/airflow/.local/lib/python3.12/site-packages/airflow/providers/docker/operators/docker.py", line 495, in execute
    for output in self.cli.pull(self.image, stream=True, decode=True):
                  ^^^^^^^^^^^^^^^^^^^^^^^^^^^^^^^^^^^^^^^^^^^^^^^^^^^
  File "/home/airflow/.local/lib/python3.12/site-packages/docker/api/image.py", line 429, in pull
    self._raise_for_status(response)
  File "/home/airflow/.local/lib/python3.12/site-packages/docker/api/client.py", line 267, in _raise_for_status
    raise create_api_error_from_http_exception(e) from e
          ^^^^^^^^^^^^^^^^^^^^^^^^^^^^^^^^^^^^^^^
  File "/home/airflow/.local/lib/python3.12/site-packages/docker/errors.py", line 39, in create_api_error_from_http_exception
    raise cls(e, response=response, explanation=explanation) from e
docker.errors.ImageNotFound: 404 Client Error for http+docker://localhost/v1.51/images/create?tag=latest&fromImage=ingestion_datosmad: Not Found ("pull access denied for ingestion_datosmad, repository does not exist or may require 'docker login'")
[2025-12-07T19:21:27.293+0000] {taskinstance.py:1206} INFO - Marking task as FAILED. dag_id=flujo_etl_completo, task_id=ingestion_madrid, run_id=manual__2025-12-07T19:21:24+00:00, execution_date=20251207T192124, start_date=20251207T192126, end_date=20251207T192127
[2025-12-07T19:21:27.313+0000] {standard_task_runner.py:110} ERROR - Failed to execute job 5 for task ingestion_madrid (404 Client Error for http+docker://localhost/v1.51/images/create?tag=latest&fromImage=ingestion_datosmad: Not Found ("pull access denied for ingestion_datosmad, repository does not exist or may require 'docker login'"); 179)
[2025-12-07T19:21:27.336+0000] {local_task_job_runner.py:240} INFO - Task exited with return code 1
[2025-12-07T19:21:27.368+0000] {taskinstance.py:3498} INFO - 0 downstream tasks scheduled from follow-on schedule check
[2025-12-07T19:21:27.386+0000] {local_task_job_runner.py:222} INFO - ::endgroup::
