[2025-12-07T18:16:45.296+0000] {local_task_job_runner.py:120} INFO - ::group::Pre task execution logs
[2025-12-07T18:16:45.346+0000] {taskinstance.py:2076} INFO - Dependencies all met for dep_context=non-requeueable deps ti=<TaskInstance: flujo_etl_completo.ingestion_general scheduled__2025-12-07T17:00:00+00:00 [queued]>
[2025-12-07T18:16:45.358+0000] {taskinstance.py:2076} INFO - Dependencies all met for dep_context=requeueable deps ti=<TaskInstance: flujo_etl_completo.ingestion_general scheduled__2025-12-07T17:00:00+00:00 [queued]>
[2025-12-07T18:16:45.359+0000] {taskinstance.py:2306} INFO - Starting attempt 1 of 1
[2025-12-07T18:16:45.381+0000] {taskinstance.py:2330} INFO - Executing <Task(DockerOperator): ingestion_general> on 2025-12-07 17:00:00+00:00
[2025-12-07T18:16:45.390+0000] {standard_task_runner.py:90} INFO - Running: ['***', 'tasks', 'run', 'flujo_etl_completo', 'ingestion_general', 'scheduled__2025-12-07T17:00:00+00:00', '--job-id', '2', '--raw', '--subdir', 'DAGS_FOLDER/pipeline_completo.py', '--cfg-path', '/tmp/tmp9j8oklva']
[2025-12-07T18:16:45.394+0000] {standard_task_runner.py:91} INFO - Job 2: Subtask ingestion_general
[2025-12-07T18:16:45.395+0000] {logging_mixin.py:188} WARNING - /home/***/.local/lib/python3.12/site-packages/***/task/task_runner/standard_task_runner.py:61 DeprecationWarning: This process (pid=204) is multi-threaded, use of fork() may lead to deadlocks in the child.
[2025-12-07T18:16:45.396+0000] {standard_task_runner.py:63} INFO - Started process 205 to run task
[2025-12-07T18:16:45.487+0000] {task_command.py:426} INFO - Running <TaskInstance: flujo_etl_completo.ingestion_general scheduled__2025-12-07T17:00:00+00:00 [running]> on host ec492881777a
[2025-12-07T18:16:45.621+0000] {taskinstance.py:2648} INFO - Exporting env vars: AIRFLOW_CTX_DAG_OWNER='tu_nombre' AIRFLOW_CTX_DAG_ID='flujo_etl_completo' AIRFLOW_CTX_TASK_ID='ingestion_general' AIRFLOW_CTX_EXECUTION_DATE='2025-12-07T17:00:00+00:00' AIRFLOW_CTX_TRY_NUMBER='1' AIRFLOW_CTX_DAG_RUN_ID='scheduled__2025-12-07T17:00:00+00:00'
[2025-12-07T18:16:45.622+0000] {taskinstance.py:430} INFO - ::endgroup::
[2025-12-07T18:16:45.860+0000] {docker.py:366} INFO - Starting docker container from image ingestion:latest
[2025-12-07T18:16:46.784+0000] {docker.py:436} INFO - Iniciando Script 1...
[2025-12-07T18:16:46.786+0000] {docker.py:436} INFO - Iniciando Script 2...
[2025-12-07T18:16:48.250+0000] {docker.py:436} INFO - --- Iniciando ejecución orquestada por Airflow ------ Iniciando ejecución orquestada por Airflow ---

Descargando datos de Barcelona...
Descargando datos de Madrid...
[2025-12-07T18:16:48.812+0000] {docker.py:436} INFO - Transformando 99 registros.
[2025-12-07T18:16:48.813+0000] {docker.py:436} INFO - Transformando 122 registros (Wide -> Long)...
[2025-12-07T18:16:48.844+0000] {docker.py:436} INFO - Enviando 128 filas procesadas a la API de Barcelona...
[2025-12-07T18:16:48.853+0000] {docker.py:436} INFO - Enviando 2196 filas procesadas a la API...
[2025-12-07T18:16:48.997+0000] {docker.py:436} INFO - Error API: {
  "error": "sending query failed: another command is already in progress"
}
[2025-12-07T18:16:48.999+0000] {docker.py:436} INFO - Procesamiento finalizado con éxito.
--- Fin del script ---
[2025-12-07T18:16:49.020+0000] {docker.py:436} INFO - Datos insertados correctamente.
[2025-12-07T18:16:49.023+0000] {docker.py:436} INFO - Procesamiento finalizado con éxito.
--- Fin del script ---
[2025-12-07T18:16:49.517+0000] {taskinstance.py:441} INFO - ::group::Post task execution logs
[2025-12-07T18:16:49.562+0000] {taskinstance.py:1206} INFO - Marking task as SUCCESS. dag_id=flujo_etl_completo, task_id=ingestion_general, run_id=scheduled__2025-12-07T17:00:00+00:00, execution_date=20251207T170000, start_date=20251207T181645, end_date=20251207T181649
[2025-12-07T18:16:49.631+0000] {local_task_job_runner.py:240} INFO - Task exited with return code 0
[2025-12-07T18:16:49.677+0000] {taskinstance.py:3498} INFO - 0 downstream tasks scheduled from follow-on schedule check
[2025-12-07T18:16:49.682+0000] {local_task_job_runner.py:222} INFO - ::endgroup::
[2025-12-07T18:39:30.858+0000] {local_task_job_runner.py:120} INFO - ::group::Pre task execution logs
[2025-12-07T18:39:30.882+0000] {taskinstance.py:2076} INFO - Dependencies all met for dep_context=non-requeueable deps ti=<TaskInstance: flujo_etl_completo.ingestion_general scheduled__2025-12-07T17:00:00+00:00 [queued]>
[2025-12-07T18:39:30.889+0000] {taskinstance.py:2076} INFO - Dependencies all met for dep_context=requeueable deps ti=<TaskInstance: flujo_etl_completo.ingestion_general scheduled__2025-12-07T17:00:00+00:00 [queued]>
[2025-12-07T18:39:30.890+0000] {taskinstance.py:2306} INFO - Starting attempt 1 of 1
[2025-12-07T18:39:30.902+0000] {taskinstance.py:2330} INFO - Executing <Task(DockerOperator): ingestion_general> on 2025-12-07 17:00:00+00:00
[2025-12-07T18:39:30.909+0000] {standard_task_runner.py:90} INFO - Running: ['***', 'tasks', 'run', 'flujo_etl_completo', 'ingestion_general', 'scheduled__2025-12-07T17:00:00+00:00', '--job-id', '2', '--raw', '--subdir', 'DAGS_FOLDER/pipeline_completo.py', '--cfg-path', '/tmp/tmpdk3zswxc']
[2025-12-07T18:39:30.912+0000] {logging_mixin.py:188} WARNING - /home/***/.local/lib/python3.12/site-packages/***/task/task_runner/standard_task_runner.py:61 DeprecationWarning: This process (pid=181) is multi-threaded, use of fork() may lead to deadlocks in the child.
[2025-12-07T18:39:30.913+0000] {standard_task_runner.py:91} INFO - Job 2: Subtask ingestion_general
[2025-12-07T18:39:30.913+0000] {standard_task_runner.py:63} INFO - Started process 182 to run task
[2025-12-07T18:39:31.004+0000] {task_command.py:426} INFO - Running <TaskInstance: flujo_etl_completo.ingestion_general scheduled__2025-12-07T17:00:00+00:00 [running]> on host 879c956131a7
[2025-12-07T18:39:31.074+0000] {taskinstance.py:2648} INFO - Exporting env vars: AIRFLOW_CTX_DAG_OWNER='tu_nombre' AIRFLOW_CTX_DAG_ID='flujo_etl_completo' AIRFLOW_CTX_TASK_ID='ingestion_general' AIRFLOW_CTX_EXECUTION_DATE='2025-12-07T17:00:00+00:00' AIRFLOW_CTX_TRY_NUMBER='1' AIRFLOW_CTX_DAG_RUN_ID='scheduled__2025-12-07T17:00:00+00:00'
[2025-12-07T18:39:31.075+0000] {taskinstance.py:430} INFO - ::endgroup::
[2025-12-07T18:39:31.217+0000] {docker.py:366} INFO - Starting docker container from image ingestion:latest
[2025-12-07T18:39:31.637+0000] {docker.py:436} INFO - Iniciando Script 1...
[2025-12-07T18:39:31.640+0000] {docker.py:436} INFO - Iniciando Script 2...
[2025-12-07T18:39:32.899+0000] {docker.py:436} INFO - --- Iniciando ejecución orquestada por Airflow ---
Descargando datos de Madrid...
--- Iniciando ejecución orquestada por Airflow ---
Descargando datos de Barcelona...
[2025-12-07T18:39:33.326+0000] {docker.py:436} INFO - Transformando 122 registros (Wide -> Long)...
[2025-12-07T18:39:33.342+0000] {docker.py:436} INFO - Enviando 2318 filas procesadas a la API...
[2025-12-07T18:39:33.354+0000] {docker.py:436} INFO - Datos insertados correctamente.
[2025-12-07T18:39:33.355+0000] {docker.py:436} INFO - Procesamiento finalizado con éxito.
--- Fin del script ---
[2025-12-07T18:39:33.808+0000] {docker.py:436} INFO - Transformando 99 registros.
[2025-12-07T18:39:33.823+0000] {docker.py:436} INFO - Enviando 128 filas procesadas a la API de Barcelona...
[2025-12-07T18:39:33.832+0000] {docker.py:436} INFO - Datos insertados correctamente de Barcelona.
[2025-12-07T18:39:33.834+0000] {docker.py:436} INFO - Procesamiento finalizado con éxito.
--- Fin del script ---
[2025-12-07T18:39:34.139+0000] {taskinstance.py:441} INFO - ::group::Post task execution logs
[2025-12-07T18:39:34.171+0000] {taskinstance.py:1206} INFO - Marking task as SUCCESS. dag_id=flujo_etl_completo, task_id=ingestion_general, run_id=scheduled__2025-12-07T17:00:00+00:00, execution_date=20251207T170000, start_date=20251207T183930, end_date=20251207T183934
[2025-12-07T18:39:34.213+0000] {local_task_job_runner.py:240} INFO - Task exited with return code 0
[2025-12-07T18:39:34.232+0000] {taskinstance.py:3498} INFO - 0 downstream tasks scheduled from follow-on schedule check
[2025-12-07T18:39:34.236+0000] {local_task_job_runner.py:222} INFO - ::endgroup::
[2025-12-07T18:52:17.915+0000] {local_task_job_runner.py:120} INFO - ::group::Pre task execution logs
[2025-12-07T18:52:17.940+0000] {taskinstance.py:2076} INFO - Dependencies all met for dep_context=non-requeueable deps ti=<TaskInstance: flujo_etl_completo.ingestion_general scheduled__2025-12-07T17:00:00+00:00 [queued]>
[2025-12-07T18:52:17.947+0000] {taskinstance.py:2076} INFO - Dependencies all met for dep_context=requeueable deps ti=<TaskInstance: flujo_etl_completo.ingestion_general scheduled__2025-12-07T17:00:00+00:00 [queued]>
[2025-12-07T18:52:17.948+0000] {taskinstance.py:2306} INFO - Starting attempt 1 of 1
[2025-12-07T18:52:17.959+0000] {taskinstance.py:2330} INFO - Executing <Task(DockerOperator): ingestion_general> on 2025-12-07 17:00:00+00:00
[2025-12-07T18:52:17.971+0000] {standard_task_runner.py:90} INFO - Running: ['***', 'tasks', 'run', 'flujo_etl_completo', 'ingestion_general', 'scheduled__2025-12-07T17:00:00+00:00', '--job-id', '2', '--raw', '--subdir', 'DAGS_FOLDER/pipeline_completo.py', '--cfg-path', '/tmp/tmpgc4j0omg']
[2025-12-07T18:52:17.974+0000] {standard_task_runner.py:91} INFO - Job 2: Subtask ingestion_general
[2025-12-07T18:52:17.974+0000] {logging_mixin.py:188} WARNING - /home/***/.local/lib/python3.12/site-packages/***/task/task_runner/standard_task_runner.py:61 DeprecationWarning: This process (pid=188) is multi-threaded, use of fork() may lead to deadlocks in the child.
[2025-12-07T18:52:17.975+0000] {standard_task_runner.py:63} INFO - Started process 193 to run task
[2025-12-07T18:52:18.054+0000] {task_command.py:426} INFO - Running <TaskInstance: flujo_etl_completo.ingestion_general scheduled__2025-12-07T17:00:00+00:00 [running]> on host 708dcd85c9de
[2025-12-07T18:52:18.122+0000] {taskinstance.py:2648} INFO - Exporting env vars: AIRFLOW_CTX_DAG_OWNER='tu_nombre' AIRFLOW_CTX_DAG_ID='flujo_etl_completo' AIRFLOW_CTX_TASK_ID='ingestion_general' AIRFLOW_CTX_EXECUTION_DATE='2025-12-07T17:00:00+00:00' AIRFLOW_CTX_TRY_NUMBER='1' AIRFLOW_CTX_DAG_RUN_ID='scheduled__2025-12-07T17:00:00+00:00'
[2025-12-07T18:52:18.123+0000] {taskinstance.py:430} INFO - ::endgroup::
[2025-12-07T18:52:18.241+0000] {docker.py:366} INFO - Starting docker container from image ingestion:latest
[2025-12-07T18:52:18.634+0000] {docker.py:436} INFO - Iniciando Script 1...
[2025-12-07T18:52:18.635+0000] {docker.py:436} INFO - Iniciando Script 2...
[2025-12-07T18:52:19.491+0000] {docker.py:436} INFO - --- Iniciando ejecución orquestada por Airflow ---
Descargando datos de Madrid...
--- Iniciando ejecución orquestada por Airflow ---
Descargando datos de Barcelona...
[2025-12-07T18:52:20.062+0000] {docker.py:436} INFO - Transformando 122 registros (Wide -> Long)...
[2025-12-07T18:52:20.077+0000] {docker.py:436} INFO - Enviando 2318 filas procesadas a la API...
[2025-12-07T18:52:20.089+0000] {docker.py:436} INFO - Datos insertados correctamente.
[2025-12-07T18:52:20.090+0000] {docker.py:436} INFO - Procesamiento finalizado con éxito.
--- Fin del script ---
[2025-12-07T18:52:20.265+0000] {docker.py:436} INFO - Transformando 99 registros.
[2025-12-07T18:52:20.273+0000] {docker.py:436} INFO - Enviando 128 filas procesadas a la API de Barcelona...
[2025-12-07T18:52:20.278+0000] {docker.py:436} INFO - Datos insertados correctamente de Barcelona.
[2025-12-07T18:52:20.279+0000] {docker.py:436} INFO - Procesamiento finalizado con éxito.
--- Fin del script ---
[2025-12-07T18:52:20.556+0000] {taskinstance.py:441} INFO - ::group::Post task execution logs
[2025-12-07T18:52:20.581+0000] {taskinstance.py:1206} INFO - Marking task as SUCCESS. dag_id=flujo_etl_completo, task_id=ingestion_general, run_id=scheduled__2025-12-07T17:00:00+00:00, execution_date=20251207T170000, start_date=20251207T185217, end_date=20251207T185220
[2025-12-07T18:52:20.608+0000] {local_task_job_runner.py:240} INFO - Task exited with return code 0
[2025-12-07T18:52:20.624+0000] {taskinstance.py:3498} INFO - 0 downstream tasks scheduled from follow-on schedule check
[2025-12-07T18:52:20.627+0000] {local_task_job_runner.py:222} INFO - ::endgroup::
