[2025-12-07T23:01:33.669+0000] {local_task_job_runner.py:120} INFO - ::group::Pre task execution logs
[2025-12-07T23:01:33.714+0000] {taskinstance.py:2076} INFO - Dependencies all met for dep_context=non-requeueable deps ti=<TaskInstance: flujo_etl_completo.dbt_transformacion scheduled__2025-12-07T22:00:00+00:00 [queued]>
[2025-12-07T23:01:33.726+0000] {taskinstance.py:2076} INFO - Dependencies all met for dep_context=requeueable deps ti=<TaskInstance: flujo_etl_completo.dbt_transformacion scheduled__2025-12-07T22:00:00+00:00 [queued]>
[2025-12-07T23:01:33.728+0000] {taskinstance.py:2306} INFO - Starting attempt 1 of 1
[2025-12-07T23:01:33.745+0000] {taskinstance.py:2330} INFO - Executing <Task(DockerOperator): dbt_transformacion> on 2025-12-07 22:00:00+00:00
[2025-12-07T23:01:33.754+0000] {standard_task_runner.py:90} INFO - Running: ['***', 'tasks', 'run', 'flujo_etl_completo', 'dbt_transformacion', 'scheduled__2025-12-07T22:00:00+00:00', '--job-id', '7', '--raw', '--subdir', 'DAGS_FOLDER/pipeline_completo.py', '--cfg-path', '/tmp/tmpu440cxhw']
[2025-12-07T23:01:33.758+0000] {logging_mixin.py:188} WARNING - /home/***/.local/lib/python3.12/site-packages/***/task/task_runner/standard_task_runner.py:61 DeprecationWarning: This process (pid=278) is multi-threaded, use of fork() may lead to deadlocks in the child.
[2025-12-07T23:01:33.758+0000] {standard_task_runner.py:91} INFO - Job 7: Subtask dbt_transformacion
[2025-12-07T23:01:33.759+0000] {standard_task_runner.py:63} INFO - Started process 279 to run task
[2025-12-07T23:01:33.852+0000] {task_command.py:426} INFO - Running <TaskInstance: flujo_etl_completo.dbt_transformacion scheduled__2025-12-07T22:00:00+00:00 [running]> on host f09fbdd5ee50
[2025-12-07T23:01:33.952+0000] {taskinstance.py:2648} INFO - Exporting env vars: AIRFLOW_CTX_DAG_OWNER='tu_nombre' AIRFLOW_CTX_DAG_ID='flujo_etl_completo' AIRFLOW_CTX_TASK_ID='dbt_transformacion' AIRFLOW_CTX_EXECUTION_DATE='2025-12-07T22:00:00+00:00' AIRFLOW_CTX_TRY_NUMBER='1' AIRFLOW_CTX_DAG_RUN_ID='scheduled__2025-12-07T22:00:00+00:00'
[2025-12-07T23:01:33.953+0000] {taskinstance.py:430} INFO - ::endgroup::
[2025-12-07T23:01:34.081+0000] {docker.py:366} INFO - Starting docker container from image dbt:latest
[2025-12-07T23:01:34.435+0000] {docker.py:436} INFO - Iniciando dbt run...
[2025-12-07T23:01:36.946+0000] {docker.py:436} INFO - [0m23:01:36  Running with dbt=1.10.15
[2025-12-07T23:01:37.217+0000] {docker.py:436} INFO - [0m23:01:37  Registered adapter: postgres=1.9.1
[2025-12-07T23:01:37.283+0000] {docker.py:436} INFO - [0m23:01:37  Unable to do partial parsing because saved manifest not found. Starting full parse.
[2025-12-07T23:01:38.151+0000] {docker.py:436} INFO - [0m23:01:38  [[33mWARNING[0m]: Did not find matching node for patch with name 'mart_CalidadAire' in the 'models' section of file 'models/schema.yml'
[2025-12-07T23:01:38.260+0000] {docker.py:436} INFO - [0m23:01:38  [[33mWARNING[0m]: Test 'test.calidad_aire_dbt.unique_mart_CalidadAire_id.d759024d1a' (models/schema.yml) depends on a node named 'mart_CalidadAire' in package '' which was not found
[2025-12-07T23:01:38.261+0000] {docker.py:436} INFO - [0m23:01:38  [[33mWARNING[0m]: Test 'test.calidad_aire_dbt.not_null_mart_CalidadAire_id.b4db4a398a' (models/schema.yml) depends on a node named 'mart_CalidadAire' in package '' which was not found
[2025-12-07T23:01:38.262+0000] {docker.py:436} INFO - [0m23:01:38  [[33mWARNING[0m]: Test 'test.calidad_aire_dbt.not_null_mart_CalidadAire_fecha_hora.848ab90308' (models/schema.yml) depends on a node named 'mart_CalidadAire' in package '' which was not found
[2025-12-07T23:01:38.444+0000] {docker.py:436} INFO - [0m23:01:38  Found 5 models, 3 data tests, 1 source, 459 macros
[2025-12-07T23:01:38.445+0000] {docker.py:436} INFO - [0m23:01:38
[2025-12-07T23:01:38.446+0000] {docker.py:436} INFO - [0m23:01:38  Concurrency: 4 threads (target='dev')
[2025-12-07T23:01:38.446+0000] {docker.py:436} INFO - [0m23:01:38
[2025-12-07T23:01:38.585+0000] {docker.py:436} INFO - [0m23:01:38  1 of 5 START sql view model public.stg_CalidadAire ............................. [RUN]
[2025-12-07T23:01:38.681+0000] {docker.py:436} INFO - [0m23:01:38  1 of 5 OK created sql view model public.stg_CalidadAire ........................ [[32mCREATE VIEW[0m in 0.09s]
[2025-12-07T23:01:38.682+0000] {docker.py:436} INFO - [0m23:01:38  2 of 5 START sql view model public.int_CalidadAire ............................. [RUN]
[2025-12-07T23:01:38.724+0000] {docker.py:436} INFO - [0m23:01:38  2 of 5 OK created sql view model public.int_CalidadAire ........................ [[32mCREATE VIEW[0m in 0.04s]
[2025-12-07T23:01:38.725+0000] {docker.py:436} INFO - [0m23:01:38  3 of 5 START sql table model public.marts_CalidadAire .......................... [RUN]
[2025-12-07T23:01:38.727+0000] {docker.py:436} INFO - [0m23:01:38  4 of 5 START sql table model public.marts_CalidadAire_general .................. [RUN]
[2025-12-07T23:01:38.730+0000] {docker.py:436} INFO - [0m23:01:38  5 of 5 START sql table model public.marts_CalidadAire_riesgo ................... [RUN]
[2025-12-07T23:01:38.835+0000] {docker.py:436} INFO - [0m23:01:38  5 of 5 OK created sql table model public.marts_CalidadAire_riesgo .............. [[32mSELECT 0[0m in 0.10s]
[2025-12-07T23:01:38.842+0000] {docker.py:436} INFO - [0m23:01:38  3 of 5 OK created sql table model public.marts_CalidadAire ..................... [[32mSELECT 5864[0m in 0.11s]
[2025-12-07T23:01:38.844+0000] {docker.py:436} INFO - [0m23:01:38  4 of 5 OK created sql table model public.marts_CalidadAire_general ............. [[32mSELECT 16[0m in 0.11s]
[2025-12-07T23:01:38.861+0000] {docker.py:436} INFO - [0m23:01:38
[2025-12-07T23:01:38.862+0000] {docker.py:436} INFO - [0m23:01:38  Finished running 3 table models, 2 view models in 0 hours 0 minutes and 0.41 seconds (0.41s).
[2025-12-07T23:01:38.890+0000] {docker.py:436} INFO - [0m23:01:38  
[0m23:01:38  [32mCompleted successfully[0m
[2025-12-07T23:01:38.891+0000] {docker.py:436} INFO - [0m23:01:38
[2025-12-07T23:01:38.892+0000] {docker.py:436} INFO - [0m23:01:38  Done. PASS=5 WARN=0 ERROR=0 SKIP=0 NO-OP=0 TOTAL=5
[2025-12-07T23:01:39.834+0000] {docker.py:436} INFO - Exito dbt
Iniciando dbt run...
[2025-12-07T23:01:41.160+0000] {docker.py:436} INFO - [0m23:01:41  Running with dbt=1.10.15
[2025-12-07T23:01:41.337+0000] {docker.py:436} INFO - [0m23:01:41  Registered adapter: postgres=1.9.1
[2025-12-07T23:01:41.582+0000] {docker.py:436} INFO - [0m23:01:41  Found 5 models, 3 data tests, 1 source, 459 macros
[2025-12-07T23:01:41.583+0000] {docker.py:436} INFO - [0m23:01:41
[2025-12-07T23:01:41.584+0000] {docker.py:436} INFO - [0m23:01:41  Concurrency: 4 threads (target='dev')
[2025-12-07T23:01:41.584+0000] {docker.py:436} INFO - [0m23:01:41
[2025-12-07T23:01:41.671+0000] {docker.py:436} INFO - [0m23:01:41  1 of 5 START sql view model public.stg_CalidadAire ............................. [RUN]
[2025-12-07T23:01:41.770+0000] {docker.py:436} INFO - [0m23:01:41  1 of 5 OK created sql view model public.stg_CalidadAire ........................ [[32mCREATE VIEW[0m in 0.10s]
[2025-12-07T23:01:41.771+0000] {docker.py:436} INFO - [0m23:01:41  2 of 5 START sql view model public.int_CalidadAire ............................. [RUN]
[2025-12-07T23:01:41.808+0000] {docker.py:436} INFO - [0m23:01:41  2 of 5 OK created sql view model public.int_CalidadAire ........................ [[32mCREATE VIEW[0m in 0.04s]
[2025-12-07T23:01:41.809+0000] {docker.py:436} INFO - [0m23:01:41  3 of 5 START sql table model public.marts_CalidadAire .......................... [RUN]
[2025-12-07T23:01:41.810+0000] {docker.py:436} INFO - [0m23:01:41  4 of 5 START sql table model public.marts_CalidadAire_general .................. [RUN]
[2025-12-07T23:01:41.811+0000] {docker.py:436} INFO - [0m23:01:41  5 of 5 START sql table model public.marts_CalidadAire_riesgo ................... [RUN]
[2025-12-07T23:01:41.944+0000] {docker.py:436} INFO - [0m23:01:41  4 of 5 OK created sql table model public.marts_CalidadAire_general ............. [[32mSELECT 16[0m in 0.13s]
[2025-12-07T23:01:41.950+0000] {docker.py:436} INFO - [0m23:01:41  3 of 5 OK created sql table model public.marts_CalidadAire ..................... [[32mSELECT 5864[0m in 0.14s]
[2025-12-07T23:01:41.951+0000] {docker.py:436} INFO - [0m23:01:41  5 of 5 OK created sql table model public.marts_CalidadAire_riesgo .............. [[32mSELECT 0[0m in 0.14s]
[2025-12-07T23:01:41.965+0000] {docker.py:436} INFO - [0m23:01:41  
[0m23:01:41  Finished running 3 table models, 2 view models in 0 hours 0 minutes and 0.38 seconds (0.38s).
[2025-12-07T23:01:42.039+0000] {docker.py:436} INFO - [0m23:01:42
[2025-12-07T23:01:42.040+0000] {docker.py:436} INFO - [0m23:01:42  [32mCompleted successfully[0m
[0m23:01:42
[2025-12-07T23:01:42.040+0000] {docker.py:436} INFO - [0m23:01:42  Done. PASS=5 WARN=0 ERROR=0 SKIP=0 NO-OP=0 TOTAL=5
[2025-12-07T23:01:42.707+0000] {docker.py:436} INFO - Exito dbt
Iniciando dbt run...
[2025-12-07T23:01:44.107+0000] {docker.py:436} INFO - [0m23:01:44  Running with dbt=1.10.15
[2025-12-07T23:01:44.301+0000] {docker.py:436} INFO - [0m23:01:44  Registered adapter: postgres=1.9.1
[2025-12-07T23:01:44.561+0000] {docker.py:436} INFO - [0m23:01:44  Found 5 models, 3 data tests, 1 source, 459 macros
[2025-12-07T23:01:44.563+0000] {docker.py:436} INFO - [0m23:01:44
[2025-12-07T23:01:44.563+0000] {docker.py:436} INFO - [0m23:01:44  Concurrency: 4 threads (target='dev')
[2025-12-07T23:01:44.564+0000] {docker.py:436} INFO - [0m23:01:44
[2025-12-07T23:01:44.666+0000] {docker.py:436} INFO - [0m23:01:44  1 of 5 START sql view model public.stg_CalidadAire ............................. [RUN]
[2025-12-07T23:01:44.773+0000] {docker.py:436} INFO - [0m23:01:44  1 of 5 OK created sql view model public.stg_CalidadAire ........................ [[32mCREATE VIEW[0m in 0.10s]
[2025-12-07T23:01:44.777+0000] {docker.py:436} INFO - [0m23:01:44  2 of 5 START sql view model public.int_CalidadAire ............................. [RUN]
[2025-12-07T23:01:44.831+0000] {docker.py:436} INFO - [0m23:01:44  2 of 5 OK created sql view model public.int_CalidadAire ........................ [[32mCREATE VIEW[0m in 0.06s]
[2025-12-07T23:01:44.834+0000] {docker.py:436} INFO - [0m23:01:44  3 of 5 START sql table model public.marts_CalidadAire .......................... [RUN]
[2025-12-07T23:01:44.836+0000] {docker.py:436} INFO - [0m23:01:44  4 of 5 START sql table model public.marts_CalidadAire_general .................. [RUN]
[2025-12-07T23:01:44.837+0000] {docker.py:436} INFO - [0m23:01:44  5 of 5 START sql table model public.marts_CalidadAire_riesgo ................... [RUN]
[2025-12-07T23:01:44.989+0000] {docker.py:436} INFO - [0m23:01:44  3 of 5 OK created sql table model public.marts_CalidadAire ..................... [[32mSELECT 5864[0m in 0.15s]
[2025-12-07T23:01:44.990+0000] {docker.py:436} INFO - [0m23:01:44  5 of 5 OK created sql table model public.marts_CalidadAire_riesgo .............. [[32mSELECT 0[0m in 0.15s]
[2025-12-07T23:01:44.990+0000] {docker.py:436} INFO - [0m23:01:44  4 of 5 OK created sql table model public.marts_CalidadAire_general ............. [[32mSELECT 16[0m in 0.15s]
[2025-12-07T23:01:45.016+0000] {docker.py:436} INFO - [0m23:01:45
[2025-12-07T23:01:45.017+0000] {docker.py:436} INFO - [0m23:01:45  Finished running 3 table models, 2 view models in 0 hours 0 minutes and 0.45 seconds (0.45s).
[2025-12-07T23:01:45.107+0000] {docker.py:436} INFO - [0m23:01:45
[2025-12-07T23:01:45.108+0000] {docker.py:436} INFO - [0m23:01:45  [32mCompleted successfully[0m
[2025-12-07T23:01:45.108+0000] {docker.py:436} INFO - [0m23:01:45
[2025-12-07T23:01:45.109+0000] {docker.py:436} INFO - [0m23:01:45  Done. PASS=5 WARN=0 ERROR=0 SKIP=0 NO-OP=0 TOTAL=5
[2025-12-07T23:01:45.801+0000] {docker.py:436} INFO - Exito dbt
Iniciando dbt run...
[2025-12-07T23:01:46.965+0000] {docker.py:436} INFO - [0m23:01:46  Running with dbt=1.10.15
[2025-12-07T23:01:47.136+0000] {docker.py:436} INFO - [0m23:01:47  Registered adapter: postgres=1.9.1
[2025-12-07T23:01:47.366+0000] {docker.py:436} INFO - [0m23:01:47  Found 5 models, 3 data tests, 1 source, 459 macros
[2025-12-07T23:01:47.367+0000] {docker.py:436} INFO - [0m23:01:47  
[0m23:01:47  Concurrency: 4 threads (target='dev')
[2025-12-07T23:01:47.368+0000] {docker.py:436} INFO - [0m23:01:47
[2025-12-07T23:01:47.454+0000] {docker.py:436} INFO - [0m23:01:47  1 of 5 START sql view model public.stg_CalidadAire ............................. [RUN]
[2025-12-07T23:01:47.551+0000] {docker.py:436} INFO - [0m23:01:47  1 of 5 OK created sql view model public.stg_CalidadAire ........................ [[32mCREATE VIEW[0m in 0.09s]
[2025-12-07T23:01:47.554+0000] {docker.py:436} INFO - [0m23:01:47  2 of 5 START sql view model public.int_CalidadAire ............................. [RUN]
[2025-12-07T23:01:47.594+0000] {docker.py:436} INFO - [0m23:01:47  2 of 5 OK created sql view model public.int_CalidadAire ........................ [[32mCREATE VIEW[0m in 0.04s]
[2025-12-07T23:01:47.596+0000] {docker.py:436} INFO - [0m23:01:47  3 of 5 START sql table model public.marts_CalidadAire .......................... [RUN]
[2025-12-07T23:01:47.598+0000] {docker.py:436} INFO - [0m23:01:47  4 of 5 START sql table model public.marts_CalidadAire_general .................. [RUN]
[2025-12-07T23:01:47.598+0000] {docker.py:436} INFO - [0m23:01:47  5 of 5 START sql table model public.marts_CalidadAire_riesgo ................... [RUN]
[2025-12-07T23:01:47.707+0000] {docker.py:436} INFO - [0m23:01:47  4 of 5 OK created sql table model public.marts_CalidadAire_general ............. [[32mSELECT 16[0m in 0.11s]
[2025-12-07T23:01:47.712+0000] {docker.py:436} INFO - [0m23:01:47  5 of 5 OK created sql table model public.marts_CalidadAire_riesgo .............. [[32mSELECT 0[0m in 0.11s]
[2025-12-07T23:01:47.717+0000] {docker.py:436} INFO - [0m23:01:47  3 of 5 OK created sql table model public.marts_CalidadAire ..................... [[32mSELECT 5864[0m in 0.12s]
[2025-12-07T23:01:47.733+0000] {docker.py:436} INFO - [0m23:01:47
[2025-12-07T23:01:47.734+0000] {docker.py:436} INFO - [0m23:01:47  Finished running 3 table models, 2 view models in 0 hours 0 minutes and 0.37 seconds (0.37s).
[2025-12-07T23:01:47.834+0000] {docker.py:436} INFO - [0m23:01:47
[2025-12-07T23:01:47.835+0000] {docker.py:436} INFO - [0m23:01:47  [32mCompleted successfully[0m
[2025-12-07T23:01:47.836+0000] {docker.py:436} INFO - [0m23:01:47
[2025-12-07T23:01:47.836+0000] {docker.py:436} INFO - [0m23:01:47  Done. PASS=5 WARN=0 ERROR=0 SKIP=0 NO-OP=0 TOTAL=5
[2025-12-07T23:01:48.547+0000] {docker.py:436} INFO - Exito dbt
Iniciando dbt run...
[2025-12-07T23:01:49.885+0000] {docker.py:436} INFO - [0m23:01:49  Running with dbt=1.10.15
[2025-12-07T23:01:50.089+0000] {docker.py:436} INFO - [0m23:01:50  Registered adapter: postgres=1.9.1
[2025-12-07T23:01:50.382+0000] {docker.py:436} INFO - [0m23:01:50  Found 5 models, 3 data tests, 1 source, 459 macros
[2025-12-07T23:01:50.384+0000] {docker.py:436} INFO - [0m23:01:50
[2025-12-07T23:01:50.385+0000] {docker.py:436} INFO - [0m23:01:50  Concurrency: 4 threads (target='dev')
[2025-12-07T23:01:50.386+0000] {docker.py:436} INFO - [0m23:01:50
[2025-12-07T23:01:50.498+0000] {docker.py:436} INFO - [0m23:01:50  1 of 5 START sql view model public.stg_CalidadAire ............................. [RUN]
[2025-12-07T23:01:50.625+0000] {docker.py:436} INFO - [0m23:01:50  1 of 5 OK created sql view model public.stg_CalidadAire ........................ [[32mCREATE VIEW[0m in 0.12s]
[2025-12-07T23:01:50.627+0000] {docker.py:436} INFO - [0m23:01:50  2 of 5 START sql view model public.int_CalidadAire ............................. [RUN]
[2025-12-07T23:01:50.675+0000] {docker.py:436} INFO - [0m23:01:50  2 of 5 OK created sql view model public.int_CalidadAire ........................ [[32mCREATE VIEW[0m in 0.05s]
[2025-12-07T23:01:50.676+0000] {docker.py:436} INFO - [0m23:01:50  3 of 5 START sql table model public.marts_CalidadAire .......................... [RUN]
[2025-12-07T23:01:50.679+0000] {docker.py:436} INFO - [0m23:01:50  4 of 5 START sql table model public.marts_CalidadAire_general .................. [RUN]
[2025-12-07T23:01:50.680+0000] {docker.py:436} INFO - [0m23:01:50  5 of 5 START sql table model public.marts_CalidadAire_riesgo ................... [RUN]
[2025-12-07T23:01:50.828+0000] {docker.py:436} INFO - [0m23:01:50  3 of 5 OK created sql table model public.marts_CalidadAire ..................... [[32mSELECT 5864[0m in 0.15s]
[2025-12-07T23:01:50.836+0000] {docker.py:436} INFO - [0m23:01:50  5 of 5 OK created sql table model public.marts_CalidadAire_riesgo .............. [[32mSELECT 0[0m in 0.15s]
[2025-12-07T23:01:50.840+0000] {docker.py:436} INFO - [0m23:01:50  4 of 5 OK created sql table model public.marts_CalidadAire_general ............. [[32mSELECT 16[0m in 0.16s]
[2025-12-07T23:01:50.854+0000] {docker.py:436} INFO - [0m23:01:50
[2025-12-07T23:01:50.855+0000] {docker.py:436} INFO - [0m23:01:50  Finished running 3 table models, 2 view models in 0 hours 0 minutes and 0.47 seconds (0.47s).
[2025-12-07T23:01:50.951+0000] {docker.py:436} INFO - [0m23:01:50
[2025-12-07T23:01:50.952+0000] {docker.py:436} INFO - [0m23:01:50  [32mCompleted successfully[0m
[2025-12-07T23:01:50.953+0000] {docker.py:436} INFO - [0m23:01:50
[2025-12-07T23:01:50.954+0000] {docker.py:436} INFO - [0m23:01:50  Done. PASS=5 WARN=0 ERROR=0 SKIP=0 NO-OP=0 TOTAL=5
[2025-12-07T23:01:51.702+0000] {docker.py:436} INFO - Exito dbt
Iniciando dbt run...
[2025-12-07T23:01:53.008+0000] {docker.py:436} INFO - [0m23:01:53  Running with dbt=1.10.15
[2025-12-07T23:01:53.179+0000] {docker.py:436} INFO - [0m23:01:53  Registered adapter: postgres=1.9.1
[2025-12-07T23:01:53.412+0000] {docker.py:436} INFO - [0m23:01:53  Found 5 models, 3 data tests, 1 source, 459 macros
[2025-12-07T23:01:53.413+0000] {docker.py:436} INFO - [0m23:01:53
[2025-12-07T23:01:53.414+0000] {docker.py:436} INFO - [0m23:01:53  Concurrency: 4 threads (target='dev')
[2025-12-07T23:01:53.414+0000] {docker.py:436} INFO - [0m23:01:53
[2025-12-07T23:01:53.499+0000] {docker.py:436} INFO - [0m23:01:53  1 of 5 START sql view model public.stg_CalidadAire ............................. [RUN]
[2025-12-07T23:01:53.592+0000] {docker.py:436} INFO - [0m23:01:53  1 of 5 OK created sql view model public.stg_CalidadAire ........................ [[32mCREATE VIEW[0m in 0.09s]
[2025-12-07T23:01:53.594+0000] {docker.py:436} INFO - [0m23:01:53  2 of 5 START sql view model public.int_CalidadAire ............................. [RUN]
[2025-12-07T23:01:53.629+0000] {docker.py:436} INFO - [0m23:01:53  2 of 5 OK created sql view model public.int_CalidadAire ........................ [[32mCREATE VIEW[0m in 0.03s]
[2025-12-07T23:01:53.630+0000] {docker.py:436} INFO - [0m23:01:53  3 of 5 START sql table model public.marts_CalidadAire .......................... [RUN]
[2025-12-07T23:01:53.632+0000] {docker.py:436} INFO - [0m23:01:53  4 of 5 START sql table model public.marts_CalidadAire_general .................. [RUN]
[2025-12-07T23:01:53.635+0000] {docker.py:436} INFO - [0m23:01:53  5 of 5 START sql table model public.marts_CalidadAire_riesgo ................... [RUN]
[2025-12-07T23:01:53.732+0000] {docker.py:436} INFO - [0m23:01:53  3 of 5 OK created sql table model public.marts_CalidadAire ..................... [[32mSELECT 5864[0m in 0.10s]
[2025-12-07T23:01:53.734+0000] {docker.py:436} INFO - [0m23:01:53  4 of 5 OK created sql table model public.marts_CalidadAire_general ............. [[32mSELECT 16[0m in 0.10s]
[2025-12-07T23:01:53.741+0000] {docker.py:436} INFO - [0m23:01:53  5 of 5 OK created sql table model public.marts_CalidadAire_riesgo .............. [[32mSELECT 0[0m in 0.10s]
[2025-12-07T23:01:53.753+0000] {docker.py:436} INFO - [0m23:01:53
[2025-12-07T23:01:53.754+0000] {docker.py:436} INFO - [0m23:01:53  Finished running 3 table models, 2 view models in 0 hours 0 minutes and 0.34 seconds (0.34s).
[2025-12-07T23:01:53.827+0000] {docker.py:436} INFO - [0m23:01:53
[2025-12-07T23:01:53.828+0000] {docker.py:436} INFO - [0m23:01:53  [32mCompleted successfully[0m
[2025-12-07T23:01:53.829+0000] {docker.py:436} INFO - [0m23:01:53
[2025-12-07T23:01:53.830+0000] {docker.py:436} INFO - [0m23:01:53  Done. PASS=5 WARN=0 ERROR=0 SKIP=0 NO-OP=0 TOTAL=5
[2025-12-07T23:01:54.521+0000] {docker.py:436} INFO - Exito dbt
Iniciando dbt run...
[2025-12-07T23:01:55.873+0000] {docker.py:436} INFO - [0m23:01:55  Running with dbt=1.10.15
[2025-12-07T23:01:56.101+0000] {docker.py:436} INFO - [0m23:01:56  Registered adapter: postgres=1.9.1
[2025-12-07T23:01:56.413+0000] {docker.py:436} INFO - [0m23:01:56  Found 5 models, 3 data tests, 1 source, 459 macros
[2025-12-07T23:01:56.422+0000] {docker.py:436} INFO - [0m23:01:56
[2025-12-07T23:01:56.431+0000] {docker.py:436} INFO - [0m23:01:56  Concurrency: 4 threads (target='dev')
[2025-12-07T23:01:56.440+0000] {docker.py:436} INFO - [0m23:01:56
[2025-12-07T23:01:56.534+0000] {docker.py:436} INFO - [0m23:01:56  1 of 5 START sql view model public.stg_CalidadAire ............................. [RUN]
[2025-12-07T23:01:56.647+0000] {docker.py:436} INFO - [0m23:01:56  1 of 5 OK created sql view model public.stg_CalidadAire ........................ [[32mCREATE VIEW[0m in 0.12s]
[2025-12-07T23:01:56.650+0000] {docker.py:436} INFO - [0m23:01:56  2 of 5 START sql view model public.int_CalidadAire ............................. [RUN]
[2025-12-07T23:01:56.699+0000] {docker.py:436} INFO - [0m23:01:56  2 of 5 OK created sql view model public.int_CalidadAire ........................ [[32mCREATE VIEW[0m in 0.05s]
[2025-12-07T23:01:56.700+0000] {docker.py:436} INFO - [0m23:01:56  3 of 5 START sql table model public.marts_CalidadAire .......................... [RUN]
[2025-12-07T23:01:56.702+0000] {docker.py:436} INFO - [0m23:01:56  4 of 5 START sql table model public.marts_CalidadAire_general .................. [RUN]
[2025-12-07T23:01:56.708+0000] {docker.py:436} INFO - [0m23:01:56  5 of 5 START sql table model public.marts_CalidadAire_riesgo ................... [RUN]
[2025-12-07T23:01:56.849+0000] {docker.py:436} INFO - [0m23:01:56  3 of 5 OK created sql table model public.marts_CalidadAire ..................... [[32mSELECT 5864[0m in 0.14s]
[2025-12-07T23:01:56.857+0000] {docker.py:436} INFO - [0m23:01:56  5 of 5 OK created sql table model public.marts_CalidadAire_riesgo .............. [[32mSELECT 0[0m in 0.14s]
[2025-12-07T23:01:56.859+0000] {docker.py:436} INFO - [0m23:01:56  4 of 5 OK created sql table model public.marts_CalidadAire_general ............. [[32mSELECT 16[0m in 0.14s]
[2025-12-07T23:01:56.874+0000] {docker.py:436} INFO - [0m23:01:56
[2025-12-07T23:01:56.876+0000] {docker.py:436} INFO - [0m23:01:56  Finished running 3 table models, 2 view models in 0 hours 0 minutes and 0.46 seconds (0.46s).
[2025-12-07T23:01:56.973+0000] {docker.py:436} INFO - [0m23:01:56
[2025-12-07T23:01:56.974+0000] {docker.py:436} INFO - [0m23:01:56  [32mCompleted successfully[0m
[2025-12-07T23:01:56.976+0000] {docker.py:436} INFO - [0m23:01:56
[2025-12-07T23:01:56.977+0000] {docker.py:436} INFO - [0m23:01:56  Done. PASS=5 WARN=0 ERROR=0 SKIP=0 NO-OP=0 TOTAL=5
[2025-12-07T23:01:57.682+0000] {docker.py:436} INFO - Exito dbt
Iniciando dbt run...
[2025-12-07T23:01:58.979+0000] {docker.py:436} INFO - [0m23:01:58  Running with dbt=1.10.15
[2025-12-07T23:01:59.168+0000] {docker.py:436} INFO - [0m23:01:59  Registered adapter: postgres=1.9.1
[2025-12-07T23:01:59.415+0000] {docker.py:436} INFO - [0m23:01:59  Found 5 models, 3 data tests, 1 source, 459 macros
[2025-12-07T23:01:59.418+0000] {docker.py:436} INFO - [0m23:01:59
[2025-12-07T23:01:59.419+0000] {docker.py:436} INFO - [0m23:01:59  Concurrency: 4 threads (target='dev')
[2025-12-07T23:01:59.420+0000] {docker.py:436} INFO - [0m23:01:59
[2025-12-07T23:01:59.504+0000] {docker.py:436} INFO - [0m23:01:59  1 of 5 START sql view model public.stg_CalidadAire ............................. [RUN]
[2025-12-07T23:01:59.599+0000] {docker.py:436} INFO - [0m23:01:59  1 of 5 OK created sql view model public.stg_CalidadAire ........................ [[32mCREATE VIEW[0m in 0.09s]
[2025-12-07T23:01:59.601+0000] {docker.py:436} INFO - [0m23:01:59  2 of 5 START sql view model public.int_CalidadAire ............................. [RUN]
[2025-12-07T23:01:59.641+0000] {docker.py:436} INFO - [0m23:01:59  2 of 5 OK created sql view model public.int_CalidadAire ........................ [[32mCREATE VIEW[0m in 0.04s]
[2025-12-07T23:01:59.645+0000] {docker.py:436} INFO - [0m23:01:59  3 of 5 START sql table model public.marts_CalidadAire .......................... [RUN]
[2025-12-07T23:01:59.645+0000] {docker.py:436} INFO - [0m23:01:59  4 of 5 START sql table model public.marts_CalidadAire_general .................. [RUN]
[2025-12-07T23:01:59.647+0000] {docker.py:436} INFO - [0m23:01:59  5 of 5 START sql table model public.marts_CalidadAire_riesgo ................... [RUN]
[2025-12-07T23:01:59.815+0000] {docker.py:436} INFO - [0m23:01:59  5 of 5 OK created sql table model public.marts_CalidadAire_riesgo .............. [[32mSELECT 0[0m in 0.16s]
[2025-12-07T23:01:59.818+0000] {docker.py:436} INFO - [0m23:01:59  4 of 5 OK created sql table model public.marts_CalidadAire_general ............. [[32mSELECT 16[0m in 0.17s]
[2025-12-07T23:01:59.819+0000] {docker.py:436} INFO - [0m23:01:59  3 of 5 OK created sql table model public.marts_CalidadAire ..................... [[32mSELECT 5864[0m in 0.17s]
[2025-12-07T23:01:59.832+0000] {docker.py:436} INFO - [0m23:01:59
[2025-12-07T23:01:59.833+0000] {docker.py:436} INFO - [0m23:01:59  Finished running 3 table models, 2 view models in 0 hours 0 minutes and 0.41 seconds (0.41s).
[2025-12-07T23:01:59.908+0000] {docker.py:436} INFO - [0m23:01:59
[2025-12-07T23:01:59.909+0000] {docker.py:436} INFO - [0m23:01:59  [32mCompleted successfully[0m
[2025-12-07T23:01:59.910+0000] {docker.py:436} INFO - [0m23:01:59
[2025-12-07T23:01:59.911+0000] {docker.py:436} INFO - [0m23:01:59  Done. PASS=5 WARN=0 ERROR=0 SKIP=0 NO-OP=0 TOTAL=5
[2025-12-07T23:02:00.585+0000] {docker.py:436} INFO - Exito dbt
Iniciando dbt run...
[2025-12-07T23:02:01.903+0000] {docker.py:436} INFO - [0m23:02:01  Running with dbt=1.10.15
[2025-12-07T23:02:02.097+0000] {docker.py:436} INFO - [0m23:02:02  Registered adapter: postgres=1.9.1
[2025-12-07T23:02:02.440+0000] {docker.py:436} INFO - [0m23:02:02  Found 5 models, 3 data tests, 1 source, 459 macros
[2025-12-07T23:02:02.443+0000] {docker.py:436} INFO - [0m23:02:02
[2025-12-07T23:02:02.444+0000] {docker.py:436} INFO - [0m23:02:02  Concurrency: 4 threads (target='dev')
[2025-12-07T23:02:02.445+0000] {docker.py:436} INFO - [0m23:02:02
[2025-12-07T23:02:02.575+0000] {docker.py:436} INFO - [0m23:02:02  1 of 5 START sql view model public.stg_CalidadAire ............................. [RUN]
[2025-12-07T23:02:02.711+0000] {docker.py:436} INFO - [0m23:02:02  1 of 5 OK created sql view model public.stg_CalidadAire ........................ [[32mCREATE VIEW[0m in 0.13s]
[2025-12-07T23:02:02.714+0000] {docker.py:436} INFO - [0m23:02:02  2 of 5 START sql view model public.int_CalidadAire ............................. [RUN]
[2025-12-07T23:02:02.765+0000] {docker.py:436} INFO - [0m23:02:02  2 of 5 OK created sql view model public.int_CalidadAire ........................ [[32mCREATE VIEW[0m in 0.05s]
[2025-12-07T23:02:02.767+0000] {docker.py:436} INFO - [0m23:02:02  3 of 5 START sql table model public.marts_CalidadAire .......................... [RUN]
[2025-12-07T23:02:02.769+0000] {docker.py:436} INFO - [0m23:02:02  4 of 5 START sql table model public.marts_CalidadAire_general .................. [RUN]
[2025-12-07T23:02:02.770+0000] {docker.py:436} INFO - [0m23:02:02  5 of 5 START sql table model public.marts_CalidadAire_riesgo ................... [RUN]
[2025-12-07T23:02:02.942+0000] {docker.py:436} INFO - [0m23:02:02  4 of 5 OK created sql table model public.marts_CalidadAire_general ............. [[32mSELECT 16[0m in 0.17s]
[2025-12-07T23:02:02.945+0000] {docker.py:436} INFO - [0m23:02:02  3 of 5 OK created sql table model public.marts_CalidadAire ..................... [[32mSELECT 5864[0m in 0.17s]
[2025-12-07T23:02:02.953+0000] {docker.py:436} INFO - [0m23:02:02  5 of 5 OK created sql table model public.marts_CalidadAire_riesgo .............. [[32mSELECT 0[0m in 0.18s]
[2025-12-07T23:02:02.971+0000] {docker.py:436} INFO - [0m23:02:02
[2025-12-07T23:02:02.972+0000] {docker.py:436} INFO - [0m23:02:02  Finished running 3 table models, 2 view models in 0 hours 0 minutes and 0.53 seconds (0.53s).
[2025-12-07T23:02:03.064+0000] {docker.py:436} INFO - [0m23:02:03
[2025-12-07T23:02:03.065+0000] {docker.py:436} INFO - [0m23:02:03  [32mCompleted successfully[0m
[2025-12-07T23:02:03.066+0000] {docker.py:436} INFO - [0m23:02:03
[2025-12-07T23:02:03.067+0000] {docker.py:436} INFO - [0m23:02:03  Done. PASS=5 WARN=0 ERROR=0 SKIP=0 NO-OP=0 TOTAL=5
[2025-12-07T23:02:03.749+0000] {docker.py:436} INFO - Exito dbt
Iniciando dbt run...
[2025-12-07T23:02:05.029+0000] {docker.py:436} INFO - [0m23:02:05  Running with dbt=1.10.15
[2025-12-07T23:02:05.231+0000] {docker.py:436} INFO - [0m23:02:05  Registered adapter: postgres=1.9.1
[2025-12-07T23:02:05.484+0000] {docker.py:436} INFO - [0m23:02:05  Found 5 models, 3 data tests, 1 source, 459 macros
[2025-12-07T23:02:05.485+0000] {docker.py:436} INFO - [0m23:02:05  
[0m23:02:05  Concurrency: 4 threads (target='dev')
[2025-12-07T23:02:05.485+0000] {docker.py:436} INFO - [0m23:02:05
[2025-12-07T23:02:05.576+0000] {docker.py:436} INFO - [0m23:02:05  1 of 5 START sql view model public.stg_CalidadAire ............................. [RUN]
[2025-12-07T23:02:05.671+0000] {docker.py:436} INFO - [0m23:02:05  1 of 5 OK created sql view model public.stg_CalidadAire ........................ [[32mCREATE VIEW[0m in 0.09s]
[2025-12-07T23:02:05.672+0000] {docker.py:436} INFO - [0m23:02:05  2 of 5 START sql view model public.int_CalidadAire ............................. [RUN]
[2025-12-07T23:02:05.714+0000] {docker.py:436} INFO - [0m23:02:05  2 of 5 OK created sql view model public.int_CalidadAire ........................ [[32mCREATE VIEW[0m in 0.04s]
[2025-12-07T23:02:05.714+0000] {docker.py:436} INFO - [0m23:02:05  3 of 5 START sql table model public.marts_CalidadAire .......................... [RUN]
[2025-12-07T23:02:05.717+0000] {docker.py:436} INFO - [0m23:02:05  4 of 5 START sql table model public.marts_CalidadAire_general .................. [RUN]
[2025-12-07T23:02:05.718+0000] {docker.py:436} INFO - [0m23:02:05  5 of 5 START sql table model public.marts_CalidadAire_riesgo ................... [RUN]
[2025-12-07T23:02:05.835+0000] {docker.py:436} INFO - [0m23:02:05  4 of 5 OK created sql table model public.marts_CalidadAire_general ............. [[32mSELECT 16[0m in 0.12s]
[2025-12-07T23:02:05.841+0000] {docker.py:436} INFO - [0m23:02:05  3 of 5 OK created sql table model public.marts_CalidadAire ..................... [[32mSELECT 5864[0m in 0.12s]
[2025-12-07T23:02:05.845+0000] {docker.py:436} INFO - [0m23:02:05  5 of 5 OK created sql table model public.marts_CalidadAire_riesgo .............. [[32mSELECT 0[0m in 0.12s]
[2025-12-07T23:02:05.860+0000] {docker.py:436} INFO - [0m23:02:05
[2025-12-07T23:02:05.861+0000] {docker.py:436} INFO - [0m23:02:05  Finished running 3 table models, 2 view models in 0 hours 0 minutes and 0.37 seconds (0.37s).
[2025-12-07T23:02:05.939+0000] {docker.py:436} INFO - [0m23:02:05
[2025-12-07T23:02:05.940+0000] {docker.py:436} INFO - [0m23:02:05  [32mCompleted successfully[0m
[2025-12-07T23:02:05.941+0000] {docker.py:436} INFO - [0m23:02:05
[2025-12-07T23:02:05.941+0000] {docker.py:436} INFO - [0m23:02:05  Done. PASS=5 WARN=0 ERROR=0 SKIP=0 NO-OP=0 TOTAL=5
[2025-12-07T23:02:06.619+0000] {docker.py:436} INFO - Exito dbt
Iniciando dbt run...
[2025-12-07T23:02:07.971+0000] {docker.py:436} INFO - [0m23:02:07  Running with dbt=1.10.15
[2025-12-07T23:02:08.188+0000] {docker.py:436} INFO - [0m23:02:08  Registered adapter: postgres=1.9.1
[2025-12-07T23:02:08.480+0000] {docker.py:436} INFO - [0m23:02:08  Found 5 models, 3 data tests, 1 source, 459 macros
[2025-12-07T23:02:08.482+0000] {docker.py:436} INFO - [0m23:02:08
[2025-12-07T23:02:08.484+0000] {docker.py:436} INFO - [0m23:02:08  Concurrency: 4 threads (target='dev')
[2025-12-07T23:02:08.488+0000] {docker.py:436} INFO - [0m23:02:08
[2025-12-07T23:02:08.618+0000] {docker.py:436} INFO - [0m23:02:08  1 of 5 START sql view model public.stg_CalidadAire ............................. [RUN]
[2025-12-07T23:02:08.771+0000] {docker.py:436} INFO - [0m23:02:08  1 of 5 OK created sql view model public.stg_CalidadAire ........................ [[32mCREATE VIEW[0m in 0.15s]
[2025-12-07T23:02:08.776+0000] {docker.py:436} INFO - [0m23:02:08  2 of 5 START sql view model public.int_CalidadAire ............................. [RUN]
[2025-12-07T23:02:08.824+0000] {docker.py:436} INFO - [0m23:02:08  2 of 5 OK created sql view model public.int_CalidadAire ........................ [[32mCREATE VIEW[0m in 0.05s]
[2025-12-07T23:02:08.825+0000] {docker.py:436} INFO - [0m23:02:08  3 of 5 START sql table model public.marts_CalidadAire .......................... [RUN]
[2025-12-07T23:02:08.826+0000] {docker.py:436} INFO - [0m23:02:08  4 of 5 START sql table model public.marts_CalidadAire_general .................. [RUN]
[2025-12-07T23:02:08.828+0000] {docker.py:436} INFO - [0m23:02:08  5 of 5 START sql table model public.marts_CalidadAire_riesgo ................... [RUN]
[2025-12-07T23:02:09.000+0000] {docker.py:436} INFO - [0m23:02:08  4 of 5 OK created sql table model public.marts_CalidadAire_general ............. [[32mSELECT 16[0m in 0.17s]
[2025-12-07T23:02:09.004+0000] {docker.py:436} INFO - [0m23:02:09  5 of 5 OK created sql table model public.marts_CalidadAire_riesgo .............. [[32mSELECT 0[0m in 0.17s]
[2025-12-07T23:02:09.007+0000] {docker.py:436} INFO - [0m23:02:09  3 of 5 OK created sql table model public.marts_CalidadAire ..................... [[32mSELECT 5864[0m in 0.18s]
[2025-12-07T23:02:09.024+0000] {docker.py:436} INFO - [0m23:02:09
[2025-12-07T23:02:09.025+0000] {docker.py:436} INFO - [0m23:02:09  Finished running 3 table models, 2 view models in 0 hours 0 minutes and 0.54 seconds (0.54s).
[2025-12-07T23:02:09.110+0000] {docker.py:436} INFO - [0m23:02:09
[2025-12-07T23:02:09.111+0000] {docker.py:436} INFO - [0m23:02:09  [32mCompleted successfully[0m
[2025-12-07T23:02:09.112+0000] {docker.py:436} INFO - [0m23:02:09  
[0m23:02:09  Done. PASS=5 WARN=0 ERROR=0 SKIP=0 NO-OP=0 TOTAL=5
[2025-12-07T23:02:09.807+0000] {docker.py:436} INFO - Exito dbt
Iniciando dbt run...
[2025-12-07T23:02:11.009+0000] {docker.py:436} INFO - [0m23:02:11  Running with dbt=1.10.15
[2025-12-07T23:02:11.180+0000] {docker.py:436} INFO - [0m23:02:11  Registered adapter: postgres=1.9.1
[2025-12-07T23:02:11.433+0000] {docker.py:436} INFO - [0m23:02:11  Found 5 models, 3 data tests, 1 source, 459 macros
[2025-12-07T23:02:11.435+0000] {docker.py:436} INFO - [0m23:02:11
[2025-12-07T23:02:11.435+0000] {docker.py:436} INFO - [0m23:02:11  Concurrency: 4 threads (target='dev')
[2025-12-07T23:02:11.436+0000] {docker.py:436} INFO - [0m23:02:11
[2025-12-07T23:02:11.524+0000] {docker.py:436} INFO - [0m23:02:11  1 of 5 START sql view model public.stg_CalidadAire ............................. [RUN]
[2025-12-07T23:02:11.623+0000] {docker.py:436} INFO - [0m23:02:11  1 of 5 OK created sql view model public.stg_CalidadAire ........................ [[32mCREATE VIEW[0m in 0.10s]
[2025-12-07T23:02:11.625+0000] {docker.py:436} INFO - [0m23:02:11  2 of 5 START sql view model public.int_CalidadAire ............................. [RUN]
[2025-12-07T23:02:11.662+0000] {docker.py:436} INFO - [0m23:02:11  2 of 5 OK created sql view model public.int_CalidadAire ........................ [[32mCREATE VIEW[0m in 0.04s]
[2025-12-07T23:02:11.663+0000] {docker.py:436} INFO - [0m23:02:11  3 of 5 START sql table model public.marts_CalidadAire .......................... [RUN]
[2025-12-07T23:02:11.664+0000] {docker.py:436} INFO - [0m23:02:11  4 of 5 START sql table model public.marts_CalidadAire_general .................. [RUN]
[2025-12-07T23:02:11.665+0000] {docker.py:436} INFO - [0m23:02:11  5 of 5 START sql table model public.marts_CalidadAire_riesgo ................... [RUN]
[2025-12-07T23:02:11.773+0000] {docker.py:436} INFO - [0m23:02:11  5 of 5 OK created sql table model public.marts_CalidadAire_riesgo .............. [[32mSELECT 0[0m in 0.10s]
[2025-12-07T23:02:11.778+0000] {docker.py:436} INFO - [0m23:02:11  3 of 5 OK created sql table model public.marts_CalidadAire ..................... [[32mSELECT 5864[0m in 0.11s]
[2025-12-07T23:02:11.780+0000] {docker.py:436} INFO - [0m23:02:11  4 of 5 OK created sql table model public.marts_CalidadAire_general ............. [[32mSELECT 16[0m in 0.11s]
[2025-12-07T23:02:11.792+0000] {docker.py:436} INFO - [0m23:02:11
[2025-12-07T23:02:11.793+0000] {docker.py:436} INFO - [0m23:02:11  Finished running 3 table models, 2 view models in 0 hours 0 minutes and 0.36 seconds (0.36s).
[2025-12-07T23:02:11.865+0000] {docker.py:436} INFO - [0m23:02:11
[2025-12-07T23:02:11.866+0000] {docker.py:436} INFO - [0m23:02:11  [32mCompleted successfully[0m
[2025-12-07T23:02:11.867+0000] {docker.py:436} INFO - [0m23:02:11
[2025-12-07T23:02:11.867+0000] {docker.py:436} INFO - [0m23:02:11  Done. PASS=5 WARN=0 ERROR=0 SKIP=0 NO-OP=0 TOTAL=5
[2025-12-07T23:02:12.507+0000] {docker.py:436} INFO - Exito dbt
Iniciando dbt run...
[2025-12-07T23:02:13.678+0000] {docker.py:436} INFO - [0m23:02:13  Running with dbt=1.10.15
[2025-12-07T23:02:13.854+0000] {docker.py:436} INFO - [0m23:02:13  Registered adapter: postgres=1.9.1
[2025-12-07T23:02:14.136+0000] {docker.py:436} INFO - [0m23:02:14  Found 5 models, 3 data tests, 1 source, 459 macros
[2025-12-07T23:02:14.139+0000] {docker.py:436} INFO - [0m23:02:14
[2025-12-07T23:02:14.140+0000] {docker.py:436} INFO - [0m23:02:14  Concurrency: 4 threads (target='dev')
[2025-12-07T23:02:14.140+0000] {docker.py:436} INFO - [0m23:02:14
[2025-12-07T23:02:14.264+0000] {docker.py:436} INFO - [0m23:02:14  1 of 5 START sql view model public.stg_CalidadAire ............................. [RUN]
[2025-12-07T23:02:14.396+0000] {docker.py:436} INFO - [0m23:02:14  1 of 5 OK created sql view model public.stg_CalidadAire ........................ [[32mCREATE VIEW[0m in 0.13s]
[2025-12-07T23:02:14.399+0000] {docker.py:436} INFO - [0m23:02:14  2 of 5 START sql view model public.int_CalidadAire ............................. [RUN]
[2025-12-07T23:02:14.459+0000] {docker.py:436} INFO - [0m23:02:14  2 of 5 OK created sql view model public.int_CalidadAire ........................ [[32mCREATE VIEW[0m in 0.06s]
[2025-12-07T23:02:14.464+0000] {docker.py:436} INFO - [0m23:02:14  3 of 5 START sql table model public.marts_CalidadAire .......................... [RUN]
[2025-12-07T23:02:14.466+0000] {docker.py:436} INFO - [0m23:02:14  4 of 5 START sql table model public.marts_CalidadAire_general .................. [RUN]
[2025-12-07T23:02:14.467+0000] {docker.py:436} INFO - [0m23:02:14  5 of 5 START sql table model public.marts_CalidadAire_riesgo ................... [RUN]
[2025-12-07T23:02:14.658+0000] {docker.py:436} INFO - [0m23:02:14  3 of 5 OK created sql table model public.marts_CalidadAire ..................... [[32mSELECT 5864[0m in 0.19s]
[2025-12-07T23:02:14.663+0000] {docker.py:436} INFO - [0m23:02:14  5 of 5 OK created sql table model public.marts_CalidadAire_riesgo .............. [[32mSELECT 0[0m in 0.19s]
[2025-12-07T23:02:14.666+0000] {docker.py:436} INFO - [0m23:02:14  4 of 5 OK created sql table model public.marts_CalidadAire_general ............. [[32mSELECT 16[0m in 0.19s]
[2025-12-07T23:02:14.685+0000] {docker.py:436} INFO - [0m23:02:14
[2025-12-07T23:02:14.686+0000] {docker.py:436} INFO - [0m23:02:14  Finished running 3 table models, 2 view models in 0 hours 0 minutes and 0.54 seconds (0.54s).
[2025-12-07T23:02:14.794+0000] {docker.py:436} INFO - [0m23:02:14
[2025-12-07T23:02:14.795+0000] {docker.py:436} INFO - [0m23:02:14  [32mCompleted successfully[0m
[2025-12-07T23:02:14.795+0000] {docker.py:436} INFO - [0m23:02:14
[2025-12-07T23:02:14.796+0000] {docker.py:436} INFO - [0m23:02:14  Done. PASS=5 WARN=0 ERROR=0 SKIP=0 NO-OP=0 TOTAL=5
[2025-12-07T23:02:15.421+0000] {docker.py:436} INFO - Exito dbt
Iniciando dbt run...
[2025-12-07T23:02:16.615+0000] {docker.py:436} INFO - [0m23:02:16  Running with dbt=1.10.15
[2025-12-07T23:02:16.786+0000] {docker.py:436} INFO - [0m23:02:16  Registered adapter: postgres=1.9.1
[2025-12-07T23:02:17.049+0000] {docker.py:436} INFO - [0m23:02:17  Found 5 models, 3 data tests, 1 source, 459 macros
[2025-12-07T23:02:17.050+0000] {docker.py:436} INFO - [0m23:02:17
[2025-12-07T23:02:17.052+0000] {docker.py:436} INFO - [0m23:02:17  Concurrency: 4 threads (target='dev')
[2025-12-07T23:02:17.054+0000] {docker.py:436} INFO - [0m23:02:17
[2025-12-07T23:02:17.148+0000] {docker.py:436} INFO - [0m23:02:17  1 of 5 START sql view model public.stg_CalidadAire ............................. [RUN]
[2025-12-07T23:02:17.244+0000] {docker.py:436} INFO - [0m23:02:17  1 of 5 OK created sql view model public.stg_CalidadAire ........................ [[32mCREATE VIEW[0m in 0.09s]
[2025-12-07T23:02:17.245+0000] {docker.py:436} INFO - [0m23:02:17  2 of 5 START sql view model public.int_CalidadAire ............................. [RUN]
[2025-12-07T23:02:17.280+0000] {docker.py:436} INFO - [0m23:02:17  2 of 5 OK created sql view model public.int_CalidadAire ........................ [[32mCREATE VIEW[0m in 0.03s]
[2025-12-07T23:02:17.282+0000] {docker.py:436} INFO - [0m23:02:17  3 of 5 START sql table model public.marts_CalidadAire .......................... [RUN]
[2025-12-07T23:02:17.284+0000] {docker.py:436} INFO - [0m23:02:17  4 of 5 START sql table model public.marts_CalidadAire_general .................. [RUN]
[2025-12-07T23:02:17.284+0000] {docker.py:436} INFO - [0m23:02:17  5 of 5 START sql table model public.marts_CalidadAire_riesgo ................... [RUN]
[2025-12-07T23:02:17.402+0000] {docker.py:436} INFO - [0m23:02:17  5 of 5 OK created sql table model public.marts_CalidadAire_riesgo .............. [[32mSELECT 0[0m in 0.11s]
[2025-12-07T23:02:17.403+0000] {docker.py:436} INFO - [0m23:02:17  4 of 5 OK created sql table model public.marts_CalidadAire_general ............. [[32mSELECT 16[0m in 0.12s]
[2025-12-07T23:02:17.404+0000] {docker.py:436} INFO - [0m23:02:17  3 of 5 OK created sql table model public.marts_CalidadAire ..................... [[32mSELECT 5864[0m in 0.12s]
[2025-12-07T23:02:17.418+0000] {docker.py:436} INFO - [0m23:02:17
[2025-12-07T23:02:17.419+0000] {docker.py:436} INFO - [0m23:02:17  Finished running 3 table models, 2 view models in 0 hours 0 minutes and 0.37 seconds (0.37s).
[2025-12-07T23:02:17.496+0000] {docker.py:436} INFO - [0m23:02:17
[2025-12-07T23:02:17.497+0000] {docker.py:436} INFO - [0m23:02:17  [32mCompleted successfully[0m
[2025-12-07T23:02:17.498+0000] {docker.py:436} INFO - [0m23:02:17
[2025-12-07T23:02:17.498+0000] {docker.py:436} INFO - [0m23:02:17  Done. PASS=5 WARN=0 ERROR=0 SKIP=0 NO-OP=0 TOTAL=5
[2025-12-07T23:02:18.155+0000] {docker.py:436} INFO - Exito dbt
Iniciando dbt run...
[2025-12-07T23:02:19.731+0000] {docker.py:436} INFO - [0m23:02:19  Running with dbt=1.10.15
[2025-12-07T23:02:19.962+0000] {docker.py:436} INFO - [0m23:02:19  Registered adapter: postgres=1.9.1
[2025-12-07T23:02:20.319+0000] {docker.py:436} INFO - [0m23:02:20  Found 5 models, 3 data tests, 1 source, 459 macros
[2025-12-07T23:02:20.330+0000] {docker.py:436} INFO - [0m23:02:20
[2025-12-07T23:02:20.345+0000] {docker.py:436} INFO - [0m23:02:20  Concurrency: 4 threads (target='dev')
[2025-12-07T23:02:20.354+0000] {docker.py:436} INFO - [0m23:02:20
[2025-12-07T23:02:20.435+0000] {docker.py:436} INFO - [0m23:02:20  1 of 5 START sql view model public.stg_CalidadAire ............................. [RUN]
[2025-12-07T23:02:20.577+0000] {docker.py:436} INFO - [0m23:02:20  1 of 5 OK created sql view model public.stg_CalidadAire ........................ [[32mCREATE VIEW[0m in 0.14s]
[2025-12-07T23:02:20.584+0000] {docker.py:436} INFO - [0m23:02:20  2 of 5 START sql view model public.int_CalidadAire ............................. [RUN]
[2025-12-07T23:02:20.644+0000] {docker.py:436} INFO - [0m23:02:20  2 of 5 OK created sql view model public.int_CalidadAire ........................ [[32mCREATE VIEW[0m in 0.06s]
[2025-12-07T23:02:20.652+0000] {docker.py:436} INFO - [0m23:02:20  3 of 5 START sql table model public.marts_CalidadAire .......................... [RUN]
[2025-12-07T23:02:20.662+0000] {docker.py:436} INFO - [0m23:02:20  4 of 5 START sql table model public.marts_CalidadAire_general .................. [RUN]
[2025-12-07T23:02:20.672+0000] {docker.py:436} INFO - [0m23:02:20  5 of 5 START sql table model public.marts_CalidadAire_riesgo ................... [RUN]
[2025-12-07T23:02:20.869+0000] {docker.py:436} INFO - [0m23:02:20  3 of 5 OK created sql table model public.marts_CalidadAire ..................... [[32mSELECT 5864[0m in 0.23s]
[2025-12-07T23:02:20.884+0000] {docker.py:436} INFO - [0m23:02:20  5 of 5 OK created sql table model public.marts_CalidadAire_riesgo .............. [[32mSELECT 0[0m in 0.24s]
[2025-12-07T23:02:20.890+0000] {docker.py:436} INFO - [0m23:02:20  4 of 5 OK created sql table model public.marts_CalidadAire_general ............. [[32mSELECT 16[0m in 0.25s]
[2025-12-07T23:02:20.918+0000] {docker.py:436} INFO - [0m23:02:20
[2025-12-07T23:02:20.920+0000] {docker.py:436} INFO - [0m23:02:20  Finished running 3 table models, 2 view models in 0 hours 0 minutes and 0.62 seconds (0.62s).
[2025-12-07T23:02:21.068+0000] {docker.py:436} INFO - [0m23:02:21
[2025-12-07T23:02:21.072+0000] {docker.py:436} INFO - [0m23:02:21  [32mCompleted successfully[0m
[2025-12-07T23:02:21.073+0000] {docker.py:436} INFO - [0m23:02:21
[2025-12-07T23:02:21.074+0000] {docker.py:436} INFO - [0m23:02:21  Done. PASS=5 WARN=0 ERROR=0 SKIP=0 NO-OP=0 TOTAL=5
[2025-12-07T23:02:21.846+0000] {docker.py:436} INFO - Exito dbt
Iniciando dbt run...
[2025-12-07T23:02:23.147+0000] {docker.py:436} INFO - [0m23:02:23  Running with dbt=1.10.15
[2025-12-07T23:02:23.326+0000] {docker.py:436} INFO - [0m23:02:23  Registered adapter: postgres=1.9.1
[2025-12-07T23:02:23.563+0000] {docker.py:436} INFO - [0m23:02:23  Found 5 models, 3 data tests, 1 source, 459 macros
[2025-12-07T23:02:23.564+0000] {docker.py:436} INFO - [0m23:02:23
[2025-12-07T23:02:23.565+0000] {docker.py:436} INFO - [0m23:02:23  Concurrency: 4 threads (target='dev')
[0m23:02:23
[2025-12-07T23:02:23.649+0000] {docker.py:436} INFO - [0m23:02:23  1 of 5 START sql view model public.stg_CalidadAire ............................. [RUN]
[2025-12-07T23:02:23.739+0000] {docker.py:436} INFO - [0m23:02:23  1 of 5 OK created sql view model public.stg_CalidadAire ........................ [[32mCREATE VIEW[0m in 0.09s]
[2025-12-07T23:02:23.740+0000] {docker.py:436} INFO - [0m23:02:23  2 of 5 START sql view model public.int_CalidadAire ............................. [RUN]
[2025-12-07T23:02:23.778+0000] {docker.py:436} INFO - [0m23:02:23  2 of 5 OK created sql view model public.int_CalidadAire ........................ [[32mCREATE VIEW[0m in 0.04s]
[2025-12-07T23:02:23.779+0000] {docker.py:436} INFO - [0m23:02:23  3 of 5 START sql table model public.marts_CalidadAire .......................... [RUN]
[2025-12-07T23:02:23.780+0000] {docker.py:436} INFO - [0m23:02:23  4 of 5 START sql table model public.marts_CalidadAire_general .................. [RUN]
[2025-12-07T23:02:23.781+0000] {docker.py:436} INFO - [0m23:02:23  5 of 5 START sql table model public.marts_CalidadAire_riesgo ................... [RUN]
[2025-12-07T23:02:23.897+0000] {docker.py:436} INFO - [0m23:02:23  5 of 5 OK created sql table model public.marts_CalidadAire_riesgo .............. [[32mSELECT 0[0m in 0.11s]
[2025-12-07T23:02:23.903+0000] {docker.py:436} INFO - [0m23:02:23  4 of 5 OK created sql table model public.marts_CalidadAire_general ............. [[32mSELECT 16[0m in 0.12s]
[2025-12-07T23:02:23.903+0000] {docker.py:436} INFO - [0m23:02:23  3 of 5 OK created sql table model public.marts_CalidadAire ..................... [[32mSELECT 5864[0m in 0.12s]
[2025-12-07T23:02:23.917+0000] {docker.py:436} INFO - [0m23:02:23  
[0m23:02:23  Finished running 3 table models, 2 view models in 0 hours 0 minutes and 0.35 seconds (0.35s).
[2025-12-07T23:02:23.986+0000] {docker.py:436} INFO - [0m23:02:23
[2025-12-07T23:02:23.986+0000] {docker.py:436} INFO - [0m23:02:23  [32mCompleted successfully[0m
[2025-12-07T23:02:23.987+0000] {docker.py:436} INFO - [0m23:02:23
[2025-12-07T23:02:23.988+0000] {docker.py:436} INFO - [0m23:02:23  Done. PASS=5 WARN=0 ERROR=0 SKIP=0 NO-OP=0 TOTAL=5
[2025-12-07T23:02:24.674+0000] {docker.py:436} INFO - Exito dbt
Iniciando dbt run...
[2025-12-07T23:02:26.097+0000] {local_task_job_runner.py:124} ERROR - Received SIGTERM. Terminating subprocesses
[2025-12-07T23:02:26.114+0000] {process_utils.py:132} INFO - Sending 15 to group 279. PIDs of all processes in the group: [279]
[2025-12-07T23:02:26.116+0000] {process_utils.py:87} INFO - Sending the signal 15 to group 279
[2025-12-07T23:02:26.118+0000] {taskinstance.py:2611} ERROR - Received SIGTERM. Terminating subprocesses.
[2025-12-07T23:02:26.121+0000] {docker.py:528} INFO - Stopping docker container
[2025-12-07T23:02:32.187+0000] {local_task_job_runner.py:124} ERROR - Received SIGTERM. Terminating subprocesses
[2025-12-07T23:08:26.831+0000] {local_task_job_runner.py:120} INFO - ::group::Pre task execution logs
[2025-12-07T23:08:26.884+0000] {taskinstance.py:2076} INFO - Dependencies all met for dep_context=non-requeueable deps ti=<TaskInstance: flujo_etl_completo.dbt_transformacion scheduled__2025-12-07T22:00:00+00:00 [queued]>
[2025-12-07T23:08:26.897+0000] {taskinstance.py:2076} INFO - Dependencies all met for dep_context=requeueable deps ti=<TaskInstance: flujo_etl_completo.dbt_transformacion scheduled__2025-12-07T22:00:00+00:00 [queued]>
[2025-12-07T23:08:26.898+0000] {taskinstance.py:2306} INFO - Starting attempt 1 of 1
[2025-12-07T23:08:26.924+0000] {taskinstance.py:2330} INFO - Executing <Task(DockerOperator): dbt_transformacion> on 2025-12-07 22:00:00+00:00
[2025-12-07T23:08:26.932+0000] {standard_task_runner.py:90} INFO - Running: ['***', 'tasks', 'run', 'flujo_etl_completo', 'dbt_transformacion', 'scheduled__2025-12-07T22:00:00+00:00', '--job-id', '4', '--raw', '--subdir', 'DAGS_FOLDER/pipeline_completo.py', '--cfg-path', '/tmp/tmpadqft339']
[2025-12-07T23:08:26.935+0000] {logging_mixin.py:188} WARNING - /home/***/.local/lib/python3.12/site-packages/***/task/task_runner/standard_task_runner.py:61 DeprecationWarning: This process (pid=188) is multi-threaded, use of fork() may lead to deadlocks in the child.
[2025-12-07T23:08:26.935+0000] {standard_task_runner.py:91} INFO - Job 4: Subtask dbt_transformacion
[2025-12-07T23:08:26.936+0000] {standard_task_runner.py:63} INFO - Started process 189 to run task
[2025-12-07T23:08:27.042+0000] {task_command.py:426} INFO - Running <TaskInstance: flujo_etl_completo.dbt_transformacion scheduled__2025-12-07T22:00:00+00:00 [running]> on host 8ed38d22ea6f
[2025-12-07T23:08:27.148+0000] {taskinstance.py:2648} INFO - Exporting env vars: AIRFLOW_CTX_DAG_OWNER='tu_nombre' AIRFLOW_CTX_DAG_ID='flujo_etl_completo' AIRFLOW_CTX_TASK_ID='dbt_transformacion' AIRFLOW_CTX_EXECUTION_DATE='2025-12-07T22:00:00+00:00' AIRFLOW_CTX_TRY_NUMBER='1' AIRFLOW_CTX_DAG_RUN_ID='scheduled__2025-12-07T22:00:00+00:00'
[2025-12-07T23:08:27.150+0000] {taskinstance.py:430} INFO - ::endgroup::
[2025-12-07T23:08:27.261+0000] {docker.py:366} INFO - Starting docker container from image dbt:latest
[2025-12-07T23:08:27.596+0000] {docker.py:436} INFO - Iniciando dbt run...
[2025-12-07T23:08:30.041+0000] {docker.py:436} INFO - [0m23:08:30  Running with dbt=1.10.15
[2025-12-07T23:08:30.285+0000] {docker.py:436} INFO - [0m23:08:30  Registered adapter: postgres=1.9.1
[2025-12-07T23:08:30.356+0000] {docker.py:436} INFO - [0m23:08:30  Unable to do partial parsing because saved manifest not found. Starting full parse.
[2025-12-07T23:08:31.484+0000] {docker.py:436} INFO - [0m23:08:31  [[33mWARNING[0m]: Did not find matching node for patch with name 'mart_CalidadAire' in the 'models' section of file 'models/schema.yml'
[2025-12-07T23:08:31.606+0000] {docker.py:436} INFO - [0m23:08:31  [[33mWARNING[0m]: Test 'test.calidad_aire_dbt.unique_mart_CalidadAire_id.d759024d1a' (models/schema.yml) depends on a node named 'mart_CalidadAire' in package '' which was not found
[2025-12-07T23:08:31.606+0000] {docker.py:436} INFO - [0m23:08:31  [[33mWARNING[0m]: Test 'test.calidad_aire_dbt.not_null_mart_CalidadAire_id.b4db4a398a' (models/schema.yml) depends on a node named 'mart_CalidadAire' in package '' which was not found
[2025-12-07T23:08:31.607+0000] {docker.py:436} INFO - [0m23:08:31  [[33mWARNING[0m]: Test 'test.calidad_aire_dbt.not_null_mart_CalidadAire_fecha_hora.848ab90308' (models/schema.yml) depends on a node named 'mart_CalidadAire' in package '' which was not found
[2025-12-07T23:08:31.790+0000] {docker.py:436} INFO - [0m23:08:31  Found 5 models, 3 data tests, 1 source, 459 macros
[2025-12-07T23:08:31.792+0000] {docker.py:436} INFO - [0m23:08:31
[2025-12-07T23:08:31.793+0000] {docker.py:436} INFO - [0m23:08:31  Concurrency: 4 threads (target='dev')
[2025-12-07T23:08:31.794+0000] {docker.py:436} INFO - [0m23:08:31
[2025-12-07T23:08:31.928+0000] {docker.py:436} INFO - [0m23:08:31  1 of 5 START sql view model public.stg_CalidadAire ............................. [RUN]
[2025-12-07T23:08:32.025+0000] {docker.py:436} INFO - [0m23:08:32  1 of 5 OK created sql view model public.stg_CalidadAire ........................ [[32mCREATE VIEW[0m in 0.09s]
[2025-12-07T23:08:32.028+0000] {docker.py:436} INFO - [0m23:08:32  2 of 5 START sql view model public.int_CalidadAire ............................. [RUN]
[2025-12-07T23:08:32.074+0000] {docker.py:436} INFO - [0m23:08:32  2 of 5 OK created sql view model public.int_CalidadAire ........................ [[32mCREATE VIEW[0m in 0.05s]
[2025-12-07T23:08:32.077+0000] {docker.py:436} INFO - [0m23:08:32  3 of 5 START sql table model public.marts_CalidadAire .......................... [RUN]
[2025-12-07T23:08:32.082+0000] {docker.py:436} INFO - [0m23:08:32  4 of 5 START sql table model public.marts_CalidadAire_general .................. [RUN]
[2025-12-07T23:08:32.083+0000] {docker.py:436} INFO - [0m23:08:32  5 of 5 START sql table model public.marts_CalidadAire_riesgo ................... [RUN]
[2025-12-07T23:08:32.193+0000] {docker.py:436} INFO - [0m23:08:32  5 of 5 OK created sql table model public.marts_CalidadAire_riesgo .............. [[32mSELECT 0[0m in 0.11s]
[2025-12-07T23:08:32.200+0000] {docker.py:436} INFO - [0m23:08:32  3 of 5 OK created sql table model public.marts_CalidadAire ..................... [[32mSELECT 2932[0m in 0.12s]
[2025-12-07T23:08:32.201+0000] {docker.py:436} INFO - [0m23:08:32  4 of 5 OK created sql table model public.marts_CalidadAire_general ............. [[32mSELECT 8[0m in 0.12s]
[2025-12-07T23:08:32.215+0000] {docker.py:436} INFO - [0m23:08:32  
[0m23:08:32  Finished running 3 table models, 2 view models in 0 hours 0 minutes and 0.42 seconds (0.42s).
[2025-12-07T23:08:32.239+0000] {docker.py:436} INFO - [0m23:08:32
[2025-12-07T23:08:32.240+0000] {docker.py:436} INFO - [0m23:08:32  [32mCompleted successfully[0m
[0m23:08:32
[2025-12-07T23:08:32.241+0000] {docker.py:436} INFO - [0m23:08:32  Done. PASS=5 WARN=0 ERROR=0 SKIP=0 NO-OP=0 TOTAL=5
[2025-12-07T23:08:32.975+0000] {docker.py:436} INFO - Exito dbt
[2025-12-07T23:08:33.178+0000] {taskinstance.py:441} INFO - ::group::Post task execution logs
[2025-12-07T23:08:33.204+0000] {taskinstance.py:1206} INFO - Marking task as SUCCESS. dag_id=flujo_etl_completo, task_id=dbt_transformacion, run_id=scheduled__2025-12-07T22:00:00+00:00, execution_date=20251207T220000, start_date=20251207T230826, end_date=20251207T230833
[2025-12-07T23:08:33.263+0000] {local_task_job_runner.py:240} INFO - Task exited with return code 0
[2025-12-07T23:08:33.284+0000] {taskinstance.py:3498} INFO - 1 downstream tasks scheduled from follow-on schedule check
[2025-12-07T23:08:33.286+0000] {local_task_job_runner.py:222} INFO - ::endgroup::
[2025-12-07T23:33:12.377+0000] {local_task_job_runner.py:120} INFO - ::group::Pre task execution logs
[2025-12-07T23:33:12.449+0000] {taskinstance.py:2076} INFO - Dependencies all met for dep_context=non-requeueable deps ti=<TaskInstance: flujo_etl_completo.dbt_transformacion scheduled__2025-12-07T22:00:00+00:00 [queued]>
[2025-12-07T23:33:12.464+0000] {taskinstance.py:2076} INFO - Dependencies all met for dep_context=requeueable deps ti=<TaskInstance: flujo_etl_completo.dbt_transformacion scheduled__2025-12-07T22:00:00+00:00 [queued]>
[2025-12-07T23:33:12.465+0000] {taskinstance.py:2306} INFO - Starting attempt 1 of 1
[2025-12-07T23:33:12.487+0000] {taskinstance.py:2330} INFO - Executing <Task(DockerOperator): dbt_transformacion> on 2025-12-07 22:00:00+00:00
[2025-12-07T23:33:12.497+0000] {standard_task_runner.py:90} INFO - Running: ['***', 'tasks', 'run', 'flujo_etl_completo', 'dbt_transformacion', 'scheduled__2025-12-07T22:00:00+00:00', '--job-id', '4', '--raw', '--subdir', 'DAGS_FOLDER/pipeline_completo.py', '--cfg-path', '/tmp/tmpwygiiyd7']
[2025-12-07T23:33:12.500+0000] {logging_mixin.py:188} WARNING - /home/***/.local/lib/python3.12/site-packages/***/task/task_runner/standard_task_runner.py:61 DeprecationWarning: This process (pid=192) is multi-threaded, use of fork() may lead to deadlocks in the child.
[2025-12-07T23:33:12.501+0000] {standard_task_runner.py:91} INFO - Job 4: Subtask dbt_transformacion
[2025-12-07T23:33:12.501+0000] {standard_task_runner.py:63} INFO - Started process 193 to run task
[2025-12-07T23:33:12.600+0000] {task_command.py:426} INFO - Running <TaskInstance: flujo_etl_completo.dbt_transformacion scheduled__2025-12-07T22:00:00+00:00 [running]> on host 289a1f07f466
[2025-12-07T23:33:12.697+0000] {taskinstance.py:2648} INFO - Exporting env vars: AIRFLOW_CTX_DAG_OWNER='tu_nombre' AIRFLOW_CTX_DAG_ID='flujo_etl_completo' AIRFLOW_CTX_TASK_ID='dbt_transformacion' AIRFLOW_CTX_EXECUTION_DATE='2025-12-07T22:00:00+00:00' AIRFLOW_CTX_TRY_NUMBER='1' AIRFLOW_CTX_DAG_RUN_ID='scheduled__2025-12-07T22:00:00+00:00'
[2025-12-07T23:33:12.699+0000] {taskinstance.py:430} INFO - ::endgroup::
[2025-12-07T23:33:12.829+0000] {docker.py:366} INFO - Starting docker container from image dbt:latest
[2025-12-07T23:33:13.214+0000] {docker.py:436} INFO - Iniciando dbt run...
[2025-12-07T23:33:15.615+0000] {docker.py:436} INFO - [0m23:33:15  Running with dbt=1.10.15
[2025-12-07T23:33:15.894+0000] {docker.py:436} INFO - [0m23:33:15  Registered adapter: postgres=1.9.1
[2025-12-07T23:33:15.995+0000] {docker.py:436} INFO - [0m23:33:15  Unable to do partial parsing because saved manifest not found. Starting full parse.
[2025-12-07T23:33:16.956+0000] {docker.py:436} INFO - [0m23:33:16  [[33mWARNING[0m]: Did not find matching node for patch with name 'mart_CalidadAire' in the 'models' section of file 'models/schema.yml'
[2025-12-07T23:33:17.054+0000] {docker.py:436} INFO - [0m23:33:17  [[33mWARNING[0m]: Test 'test.calidad_aire_dbt.unique_mart_CalidadAire_id.d759024d1a' (models/schema.yml) depends on a node named 'mart_CalidadAire' in package '' which was not found
[2025-12-07T23:33:17.055+0000] {docker.py:436} INFO - [0m23:33:17  [[33mWARNING[0m]: Test 'test.calidad_aire_dbt.not_null_mart_CalidadAire_id.b4db4a398a' (models/schema.yml) depends on a node named 'mart_CalidadAire' in package '' which was not found
[2025-12-07T23:33:17.056+0000] {docker.py:436} INFO - [0m23:33:17  [[33mWARNING[0m]: Test 'test.calidad_aire_dbt.not_null_mart_CalidadAire_fecha_hora.848ab90308' (models/schema.yml) depends on a node named 'mart_CalidadAire' in package '' which was not found
[2025-12-07T23:33:17.237+0000] {docker.py:436} INFO - [0m23:33:17  Found 5 models, 3 data tests, 1 source, 459 macros
[2025-12-07T23:33:17.240+0000] {docker.py:436} INFO - [0m23:33:17
[2025-12-07T23:33:17.241+0000] {docker.py:436} INFO - [0m23:33:17  Concurrency: 4 threads (target='dev')
[2025-12-07T23:33:17.241+0000] {docker.py:436} INFO - [0m23:33:17
[2025-12-07T23:33:17.389+0000] {docker.py:436} INFO - [0m23:33:17  1 of 5 START sql view model public.stg_CalidadAire ............................. [RUN]
[2025-12-07T23:33:17.527+0000] {docker.py:436} INFO - [0m23:33:17  1 of 5 OK created sql view model public.stg_CalidadAire ........................ [[32mCREATE VIEW[0m in 0.14s]
[2025-12-07T23:33:17.529+0000] {docker.py:436} INFO - [0m23:33:17  2 of 5 START sql view model public.int_CalidadAire ............................. [RUN]
[2025-12-07T23:33:17.584+0000] {docker.py:436} INFO - [0m23:33:17  2 of 5 OK created sql view model public.int_CalidadAire ........................ [[32mCREATE VIEW[0m in 0.05s]
[2025-12-07T23:33:17.586+0000] {docker.py:436} INFO - [0m23:33:17  3 of 5 START sql table model public.marts_CalidadAire .......................... [RUN]
[2025-12-07T23:33:17.589+0000] {docker.py:436} INFO - [0m23:33:17  4 of 5 START sql table model public.marts_CalidadAire_general .................. [RUN]
[2025-12-07T23:33:17.590+0000] {docker.py:436} INFO - [0m23:33:17  5 of 5 START sql table model public.marts_CalidadAire_riesgo ................... [RUN]
[2025-12-07T23:33:17.701+0000] {docker.py:436} INFO - [0m23:33:17  4 of 5 OK created sql table model public.marts_CalidadAire_general ............. [[32mSELECT 14[0m in 0.11s]
[2025-12-07T23:33:17.704+0000] {docker.py:436} INFO - [0m23:33:17  3 of 5 OK created sql table model public.marts_CalidadAire ..................... [[32mSELECT 3052[0m in 0.11s]
[2025-12-07T23:33:17.708+0000] {docker.py:436} INFO - [0m23:33:17  5 of 5 OK created sql table model public.marts_CalidadAire_riesgo .............. [[32mSELECT 0[0m in 0.11s]
[2025-12-07T23:33:17.724+0000] {docker.py:436} INFO - [0m23:33:17
[2025-12-07T23:33:17.725+0000] {docker.py:436} INFO - [0m23:33:17  Finished running 3 table models, 2 view models in 0 hours 0 minutes and 0.48 seconds (0.48s).
[2025-12-07T23:33:17.751+0000] {docker.py:436} INFO - [0m23:33:17
[2025-12-07T23:33:17.751+0000] {docker.py:436} INFO - [0m23:33:17  [32mCompleted successfully[0m
[2025-12-07T23:33:17.753+0000] {docker.py:436} INFO - [0m23:33:17
[2025-12-07T23:33:17.755+0000] {docker.py:436} INFO - [0m23:33:17  Done. PASS=5 WARN=0 ERROR=0 SKIP=0 NO-OP=0 TOTAL=5
[2025-12-07T23:33:18.623+0000] {docker.py:436} INFO - Exito dbt
[2025-12-07T23:33:18.911+0000] {taskinstance.py:441} INFO - ::group::Post task execution logs
[2025-12-07T23:33:18.951+0000] {taskinstance.py:1206} INFO - Marking task as SUCCESS. dag_id=flujo_etl_completo, task_id=dbt_transformacion, run_id=scheduled__2025-12-07T22:00:00+00:00, execution_date=20251207T220000, start_date=20251207T233312, end_date=20251207T233318
[2025-12-07T23:33:19.029+0000] {local_task_job_runner.py:240} INFO - Task exited with return code 0
[2025-12-07T23:33:19.051+0000] {taskinstance.py:3498} INFO - 0 downstream tasks scheduled from follow-on schedule check
[2025-12-07T23:33:19.062+0000] {local_task_job_runner.py:222} INFO - ::endgroup::
